RANDOM_SEED=1

profile: [17, 1, 1, 1, 1, 1, 1, 1, 1, 1, 1, 1, 1, 1, 1, 1]
17<=B[0].wtL<=1071
B[0].wtH=17, B[0].wtL=409

--- BKZ with beta=2, selecting lowest lee wt. vec ---
profile after BKZ: [15, 2, 2, 1, 1, 1, 1, 1, 1, 1, 1, 1, 1, 1, 1, 1]
15<=B_red[0].wtL<=945
B_red[0].wtH=15, B_red[0].wtL=254

profile: [17, 1, 1, 1, 1, 1, 1, 1, 1, 1, 1, 1, 1, 1, 1, 1]
17<=B[0].wtL<=1071
B[0].wtH=17, B[0].wtL=577

--- BKZ with beta=2, selecting lowest lee wt. vec ---
profile after BKZ: [17, 1, 1, 1, 1, 1, 1, 1, 1, 1, 1, 1, 1, 1, 1, 1]
17<=B_red[0].wtL<=1071
B_red[0].wtH=17, B_red[0].wtL=577

profile: [17, 1, 1, 1, 1, 1, 1, 1, 1, 1, 1, 1, 1, 1, 1, 1]
17<=B[0].wtL<=1071
B[0].wtH=17, B[0].wtL=624

--- BKZ with beta=2, selecting lowest lee wt. vec ---
profile after BKZ: [16, 2, 1, 1, 1, 1, 1, 1, 1, 1, 1, 1, 1, 1, 1, 1]
16<=B_red[0].wtL<=1008
B_red[0].wtH=16, B_red[0].wtL=362

profile: [17, 1, 1, 1, 1, 1, 1, 1, 1, 1, 1, 1, 1, 1, 1, 1]
17<=B[0].wtL<=1071
B[0].wtH=17, B[0].wtL=386

--- BKZ with beta=2, selecting lowest lee wt. vec ---
profile after BKZ: [16, 2, 1, 1, 1, 1, 1, 1, 1, 1, 1, 1, 1, 1, 1, 1]
16<=B_red[0].wtL<=1008
B_red[0].wtH=16, B_red[0].wtL=358

profile: [17, 1, 1, 1, 1, 1, 1, 1, 1, 1, 1, 1, 1, 1, 1, 1]
17<=B[0].wtL<=1071
B[0].wtH=17, B[0].wtL=542

--- BKZ with beta=2, selecting lowest lee wt. vec ---
profile after BKZ: [16, 2, 1, 1, 1, 1, 1, 1, 1, 1, 1, 1, 1, 1, 1, 1]
16<=B_red[0].wtL<=1008
B_red[0].wtH=16, B_red[0].wtL=337

profile: [17, 1, 1, 1, 1, 1, 1, 1, 1, 1, 1, 1, 1, 1, 1, 1]
17<=B[0].wtL<=1071
B[0].wtH=17, B[0].wtL=490

--- BKZ with beta=2, selecting lowest lee wt. vec ---
profile after BKZ: [17, 1, 1, 1, 1, 1, 1, 1, 1, 1, 1, 1, 1, 1, 1, 1]
17<=B_red[0].wtL<=1071
B_red[0].wtH=17, B_red[0].wtL=490

profile: [17, 1, 1, 1, 1, 1, 1, 1, 1, 1, 1, 1, 1, 1, 1, 1]
17<=B[0].wtL<=1071
B[0].wtH=17, B[0].wtL=397

--- BKZ with beta=2, selecting lowest lee wt. vec ---
profile after BKZ: [16, 2, 1, 1, 1, 1, 1, 1, 1, 1, 1, 1, 1, 1, 1, 1]
16<=B_red[0].wtL<=1008
B_red[0].wtH=16, B_red[0].wtL=350

profile: [17, 1, 1, 1, 1, 1, 1, 1, 1, 1, 1, 1, 1, 1, 1, 1]
17<=B[0].wtL<=1071
B[0].wtH=17, B[0].wtL=635

--- BKZ with beta=2, selecting lowest lee wt. vec ---
profile after BKZ: [16, 2, 1, 1, 1, 1, 1, 1, 1, 1, 1, 1, 1, 1, 1, 1]
16<=B_red[0].wtL<=1008
B_red[0].wtH=16, B_red[0].wtL=331

profile: [16, 2, 1, 1, 1, 1, 1, 1, 1, 1, 1, 1, 1, 1, 1, 1]
16<=B[0].wtL<=1008
B[0].wtH=16, B[0].wtL=631

--- BKZ with beta=2, selecting lowest lee wt. vec ---
profile after BKZ: [16, 2, 1, 1, 1, 1, 1, 1, 1, 1, 1, 1, 1, 1, 1, 1]
16<=B_red[0].wtL<=1008
B_red[0].wtH=16, B_red[0].wtL=631

profile: [17, 1, 1, 1, 1, 1, 1, 1, 1, 1, 1, 1, 1, 1, 1, 1]
17<=B[0].wtL<=1071
B[0].wtH=17, B[0].wtL=484

--- BKZ with beta=2, selecting lowest lee wt. vec ---
profile after BKZ: [16, 2, 1, 1, 1, 1, 1, 1, 1, 1, 1, 1, 1, 1, 1, 1]
16<=B_red[0].wtL<=1008
B_red[0].wtH=16, B_red[0].wtL=330


****************************************************
******** STATISTICS OVER N=10 samples ********
****************************************************
Reduced 10 matrices of size 16x32 over F127
Proper basis wtH[0]=16.9 wtL[0]=517.5
Reduced basis wtH[0]=16.1 wtL[0]=402.0
Avg.time=0.5783518314361572
Avg.Mw_codeword.calls=2.1
Avg.potential_growth_fails=0.0
