RANDOM_SEED=1

Hamming profile: [17, 1, 1, 1, 1, 1, 1, 1, 1, 1, 1, 1, 1, 1, 1, 1]
Lee profile: [409, 1, 1, 1, 1, 1, 1, 1, 1, 1, 1, 1, 1, 1, 1, 1]
17<=B[0].wtL<=1071
B[0].wtH=17, B[0].wtL=409

--- LeeBKZ with beta=2, bkz with minimum_lee_wt_codeword+primitive ---
Hamming profile after BKZ: [17, 1, 1, 1, 1, 1, 1, 1, 1, 1, 1, 1, 1, 1, 1, 1]
Lee profile after BKZ: [396, 1, 1, 1, 1, 1, 1, 1, 1, 1, 1, 1, 1, 1, 1, 1]
17<=B_red[0].wtL<=1071
B_red[0].wtH=17, B_red[0].wtL=396

Hamming profile: [17, 1, 1, 1, 1, 1, 1, 1, 1, 1, 1, 1, 1, 1, 1, 1]
Lee profile: [577, 1, 1, 1, 1, 1, 1, 1, 1, 1, 1, 1, 1, 1, 1, 1]
17<=B[0].wtL<=1071
B[0].wtH=17, B[0].wtL=577

--- LeeBKZ with beta=2, bkz with minimum_lee_wt_codeword+primitive ---
Hamming profile after BKZ: [17, 1, 1, 1, 1, 1, 1, 1, 1, 1, 1, 1, 1, 1, 1, 1]
Lee profile after BKZ: [378, 1, 1, 1, 1, 1, 1, 1, 1, 1, 1, 1, 1, 1, 1, 1]
17<=B_red[0].wtL<=1071
B_red[0].wtH=17, B_red[0].wtL=378

Hamming profile: [17, 1, 1, 1, 1, 1, 1, 1, 1, 1, 1, 1, 1, 1, 1, 1]
Lee profile: [624, 1, 1, 1, 1, 1, 1, 1, 1, 1, 1, 1, 1, 1, 1, 1]
17<=B[0].wtL<=1071
B[0].wtH=17, B[0].wtL=624

--- LeeBKZ with beta=2, bkz with minimum_lee_wt_codeword+primitive ---
Hamming profile after BKZ: [17, 1, 1, 1, 1, 1, 1, 1, 1, 1, 1, 1, 1, 1, 1, 1]
Lee profile after BKZ: [398, 1, 1, 1, 1, 1, 1, 1, 1, 1, 1, 1, 1, 1, 1, 1]
17<=B_red[0].wtL<=1071
B_red[0].wtH=17, B_red[0].wtL=398

Hamming profile: [17, 1, 1, 1, 1, 1, 1, 1, 1, 1, 1, 1, 1, 1, 1, 1]
Lee profile: [386, 1, 1, 1, 1, 1, 1, 1, 1, 1, 1, 1, 1, 1, 1, 1]
17<=B[0].wtL<=1071
B[0].wtH=17, B[0].wtL=386

--- LeeBKZ with beta=2, bkz with minimum_lee_wt_codeword+primitive ---
Hamming profile after BKZ: [17, 1, 1, 1, 1, 1, 1, 1, 1, 1, 1, 1, 1, 1, 1, 1]
Lee profile after BKZ: [373, 1, 1, 1, 1, 1, 1, 1, 1, 1, 1, 1, 1, 1, 1, 1]
17<=B_red[0].wtL<=1071
B_red[0].wtH=17, B_red[0].wtL=373

Hamming profile: [17, 1, 1, 1, 1, 1, 1, 1, 1, 1, 1, 1, 1, 1, 1, 1]
Lee profile: [542, 1, 1, 1, 1, 1, 1, 1, 1, 1, 1, 1, 1, 1, 1, 1]
17<=B[0].wtL<=1071
B[0].wtH=17, B[0].wtL=542

--- LeeBKZ with beta=2, bkz with minimum_lee_wt_codeword+primitive ---
Hamming profile after BKZ: [17, 1, 1, 1, 1, 1, 1, 1, 1, 1, 1, 1, 1, 1, 1, 1]
Lee profile after BKZ: [407, 1, 1, 1, 1, 1, 1, 1, 1, 1, 1, 1, 1, 1, 1, 1]
17<=B_red[0].wtL<=1071
B_red[0].wtH=17, B_red[0].wtL=407

Hamming profile: [17, 1, 1, 1, 1, 1, 1, 1, 1, 1, 1, 1, 1, 1, 1, 1]
Lee profile: [490, 1, 1, 1, 1, 1, 1, 1, 1, 1, 1, 1, 1, 1, 1, 1]
17<=B[0].wtL<=1071
B[0].wtH=17, B[0].wtL=490

--- LeeBKZ with beta=2, bkz with minimum_lee_wt_codeword+primitive ---
Hamming profile after BKZ: [17, 1, 1, 1, 1, 1, 1, 1, 1, 1, 1, 1, 1, 1, 1, 1]
Lee profile after BKZ: [367, 1, 1, 1, 1, 1, 1, 1, 1, 1, 1, 1, 1, 1, 1, 1]
17<=B_red[0].wtL<=1071
B_red[0].wtH=17, B_red[0].wtL=367

Hamming profile: [17, 1, 1, 1, 1, 1, 1, 1, 1, 1, 1, 1, 1, 1, 1, 1]
Lee profile: [397, 1, 1, 1, 1, 1, 1, 1, 1, 1, 1, 1, 1, 1, 1, 1]
17<=B[0].wtL<=1071
B[0].wtH=17, B[0].wtL=397

--- LeeBKZ with beta=2, bkz with minimum_lee_wt_codeword+primitive ---
Hamming profile after BKZ: [17, 1, 1, 1, 1, 1, 1, 1, 1, 1, 1, 1, 1, 1, 1, 1]
Lee profile after BKZ: [384, 1, 1, 1, 1, 1, 1, 1, 1, 1, 1, 1, 1, 1, 1, 1]
17<=B_red[0].wtL<=1071
B_red[0].wtH=17, B_red[0].wtL=384

Hamming profile: [17, 1, 1, 1, 1, 1, 1, 1, 1, 1, 1, 1, 1, 1, 1, 1]
Lee profile: [635, 1, 1, 1, 1, 1, 1, 1, 1, 1, 1, 1, 1, 1, 1, 1]
17<=B[0].wtL<=1071
B[0].wtH=17, B[0].wtL=635

--- LeeBKZ with beta=2, bkz with minimum_lee_wt_codeword+primitive ---
Hamming profile after BKZ: [16, 2, 1, 1, 1, 1, 1, 1, 1, 1, 1, 1, 1, 1, 1, 1]
Lee profile after BKZ: [331, 12, 1, 1, 1, 1, 1, 1, 1, 1, 1, 1, 1, 1, 1, 1]
16<=B_red[0].wtL<=1008
B_red[0].wtH=16, B_red[0].wtL=331

Hamming profile: [16, 2, 1, 1, 1, 1, 1, 1, 1, 1, 1, 1, 1, 1, 1, 1]
Lee profile: [631, 31, 1, 1, 1, 1, 1, 1, 1, 1, 1, 1, 1, 1, 1, 1]
16<=B[0].wtL<=1008
B[0].wtH=16, B[0].wtL=631

--- LeeBKZ with beta=2, bkz with minimum_lee_wt_codeword+primitive ---
Hamming profile after BKZ: [17, 1, 1, 1, 1, 1, 1, 1, 1, 1, 1, 1, 1, 1, 1, 1]
Lee profile after BKZ: [391, 1, 1, 1, 1, 1, 1, 1, 1, 1, 1, 1, 1, 1, 1, 1]
17<=B_red[0].wtL<=1071
B_red[0].wtH=17, B_red[0].wtL=391

Hamming profile: [17, 1, 1, 1, 1, 1, 1, 1, 1, 1, 1, 1, 1, 1, 1, 1]
Lee profile: [484, 1, 1, 1, 1, 1, 1, 1, 1, 1, 1, 1, 1, 1, 1, 1]
17<=B[0].wtL<=1071
B[0].wtH=17, B[0].wtL=484

--- LeeBKZ with beta=2, bkz with minimum_lee_wt_codeword+primitive ---
Hamming profile after BKZ: [17, 1, 1, 1, 1, 1, 1, 1, 1, 1, 1, 1, 1, 1, 1, 1]
Lee profile after BKZ: [445, 1, 1, 1, 1, 1, 1, 1, 1, 1, 1, 1, 1, 1, 1, 1]
17<=B_red[0].wtL<=1071
B_red[0].wtH=17, B_red[0].wtL=445


****************************************************
******** STATISTICS OVER N=10 samples ********
****************************************************
Reduced 10 matrices of size 16x32 over F127
Proper basis wtH[0]=16.9 wtL[0]=517.5
Reduced basis wtH[0]=16.9 wtL[0]=387.0
Reduced basis avg. k1=1.1
Avg.time=1.6335658311843873
Avg.Mw_codeword.calls=1.3
Avg.potential_growth_fails=0.0
