RANDOM_SEED=2

profile: [33, 1, 1, 1, 1, 1, 1, 1, 1, 1, 1, 1, 1, 1, 1, 1, 1, 1, 1, 1, 1, 1, 1, 1, 1, 1, 1, 1, 1, 1, 1, 1]
33<=B[0].wtL<=2079
B[0].wtH=33, B[0].wtL=908

--- LeeBKZ with beta=2, bkz with minimum_lee_wt_codeword+primitive ---
profile after BKZ: [33, 1, 1, 1, 1, 1, 1, 1, 1, 1, 1, 1, 1, 1, 1, 1, 1, 1, 1, 1, 1, 1, 1, 1, 1, 1, 1, 1, 1, 1, 1, 1]
33<=B_red[0].wtL<=2079
B_red[0].wtH=33, B_red[0].wtL=785

profile: [32, 2, 1, 1, 1, 1, 1, 1, 1, 1, 1, 1, 1, 1, 1, 1, 1, 1, 1, 1, 1, 1, 1, 1, 1, 1, 1, 1, 1, 1, 1, 1]
32<=B[0].wtL<=2016
B[0].wtH=32, B[0].wtL=880

--- LeeBKZ with beta=2, bkz with minimum_lee_wt_codeword+primitive ---
profile after BKZ: [33, 1, 1, 1, 1, 1, 1, 1, 1, 1, 1, 1, 1, 1, 1, 1, 1, 1, 1, 1, 1, 1, 1, 1, 1, 1, 1, 1, 1, 1, 1, 1]
33<=B_red[0].wtL<=2079
B_red[0].wtH=33, B_red[0].wtL=827

profile: [32, 2, 1, 1, 1, 1, 1, 1, 1, 1, 1, 1, 1, 1, 1, 1, 1, 1, 1, 1, 1, 1, 1, 1, 1, 1, 1, 1, 1, 1, 1, 1]
32<=B[0].wtL<=2016
B[0].wtH=32, B[0].wtL=1135

--- LeeBKZ with beta=2, bkz with minimum_lee_wt_codeword+primitive ---
profile after BKZ: [33, 1, 1, 1, 1, 1, 1, 1, 1, 1, 1, 1, 1, 1, 1, 1, 1, 1, 1, 1, 1, 1, 1, 1, 1, 1, 1, 1, 1, 1, 1, 1]
33<=B_red[0].wtL<=2079
B_red[0].wtH=33, B_red[0].wtL=802

profile: [33, 1, 1, 1, 1, 1, 1, 1, 1, 1, 1, 1, 1, 1, 1, 1, 1, 1, 1, 1, 1, 1, 1, 1, 1, 1, 1, 1, 1, 1, 1, 1]
33<=B[0].wtL<=2079
B[0].wtH=33, B[0].wtL=909

--- LeeBKZ with beta=2, bkz with minimum_lee_wt_codeword+primitive ---
profile after BKZ: [33, 1, 1, 1, 1, 1, 1, 1, 1, 1, 1, 1, 1, 1, 1, 1, 1, 1, 1, 1, 1, 1, 1, 1, 1, 1, 1, 1, 1, 1, 1, 1]
33<=B_red[0].wtL<=2079
B_red[0].wtH=33, B_red[0].wtL=727

profile: [32, 2, 1, 1, 1, 1, 1, 1, 1, 1, 1, 1, 1, 1, 1, 1, 1, 1, 1, 1, 1, 1, 1, 1, 1, 1, 1, 1, 1, 1, 1, 1]
32<=B[0].wtL<=2016
B[0].wtH=32, B[0].wtL=1091

--- LeeBKZ with beta=2, bkz with minimum_lee_wt_codeword+primitive ---
profile after BKZ: [33, 1, 1, 1, 1, 1, 1, 1, 1, 1, 1, 1, 1, 1, 1, 1, 1, 1, 1, 1, 1, 1, 1, 1, 1, 1, 1, 1, 1, 1, 1, 1]
33<=B_red[0].wtL<=2079
B_red[0].wtH=33, B_red[0].wtL=844

profile: [33, 1, 1, 1, 1, 1, 1, 1, 1, 1, 1, 1, 1, 1, 1, 1, 1, 1, 1, 1, 1, 1, 1, 1, 1, 1, 1, 1, 1, 1, 1, 1]
33<=B[0].wtL<=2079
B[0].wtH=33, B[0].wtL=1044

--- LeeBKZ with beta=2, bkz with minimum_lee_wt_codeword+primitive ---
profile after BKZ: [33, 1, 1, 1, 1, 1, 1, 1, 1, 1, 1, 1, 1, 1, 1, 1, 1, 1, 1, 1, 1, 1, 1, 1, 1, 1, 1, 1, 1, 1, 1, 1]
33<=B_red[0].wtL<=2079
B_red[0].wtH=33, B_red[0].wtL=863

profile: [33, 1, 1, 1, 1, 1, 1, 1, 1, 1, 1, 1, 1, 1, 1, 1, 1, 1, 1, 1, 1, 1, 1, 1, 1, 1, 1, 1, 1, 1, 1, 1]
33<=B[0].wtL<=2079
B[0].wtH=33, B[0].wtL=952

--- LeeBKZ with beta=2, bkz with minimum_lee_wt_codeword+primitive ---
profile after BKZ: [33, 1, 1, 1, 1, 1, 1, 1, 1, 1, 1, 1, 1, 1, 1, 1, 1, 1, 1, 1, 1, 1, 1, 1, 1, 1, 1, 1, 1, 1, 1, 1]
33<=B_red[0].wtL<=2079
B_red[0].wtH=33, B_red[0].wtL=681

profile: [33, 1, 1, 1, 1, 1, 1, 1, 1, 1, 1, 1, 1, 1, 1, 1, 1, 1, 1, 1, 1, 1, 1, 1, 1, 1, 1, 1, 1, 1, 1, 1]
33<=B[0].wtL<=2079
B[0].wtH=33, B[0].wtL=921

--- LeeBKZ with beta=2, bkz with minimum_lee_wt_codeword+primitive ---
profile after BKZ: [32, 2, 1, 1, 1, 1, 1, 1, 1, 1, 1, 1, 1, 1, 1, 1, 1, 1, 1, 1, 1, 1, 1, 1, 1, 1, 1, 1, 1, 1, 1, 1]
32<=B_red[0].wtL<=2016
B_red[0].wtH=32, B_red[0].wtL=817

profile: [33, 1, 1, 1, 1, 1, 1, 1, 1, 1, 1, 1, 1, 1, 1, 1, 1, 1, 1, 1, 1, 1, 1, 1, 1, 1, 1, 1, 1, 1, 1, 1]
33<=B[0].wtL<=2079
B[0].wtH=33, B[0].wtL=1024

--- LeeBKZ with beta=2, bkz with minimum_lee_wt_codeword+primitive ---
profile after BKZ: [33, 1, 1, 1, 1, 1, 1, 1, 1, 1, 1, 1, 1, 1, 1, 1, 1, 1, 1, 1, 1, 1, 1, 1, 1, 1, 1, 1, 1, 1, 1, 1]
33<=B_red[0].wtL<=2079
B_red[0].wtH=33, B_red[0].wtL=886

profile: [33, 1, 1, 1, 1, 1, 1, 1, 1, 1, 1, 1, 1, 1, 1, 1, 1, 1, 1, 1, 1, 1, 1, 1, 1, 1, 1, 1, 1, 1, 1, 1]
33<=B[0].wtL<=2079
B[0].wtH=33, B[0].wtL=970

--- LeeBKZ with beta=2, bkz with minimum_lee_wt_codeword+primitive ---
profile after BKZ: [33, 1, 1, 1, 1, 1, 1, 1, 1, 1, 1, 1, 1, 1, 1, 1, 1, 1, 1, 1, 1, 1, 1, 1, 1, 1, 1, 1, 1, 1, 1, 1]
33<=B_red[0].wtL<=2079
B_red[0].wtH=33, B_red[0].wtL=765


****************************************************
******** STATISTICS OVER N=10 samples ********
****************************************************
Reduced 10 matrices of size 32x64 over F127
Proper basis wtH[0]=32.7 wtL[0]=983.4
Reduced basis wtH[0]=32.9 wtL[0]=799.7
Avg.time=2.0342779636383055
Avg.Mw_codeword.calls=1.5
Avg.potential_growth_fails=0.0
