RANDOM_SEED=2

profile: [33, 1, 1, 1, 1, 1, 1, 1, 1, 1, 1, 1, 1, 1, 1, 1, 1, 1, 1, 1, 1, 1, 1, 1, 1, 1, 1, 1, 1, 1, 1, 1]
33<=B[0].wtL<=2079
B[0].wtH=33, B[0].wtL=908

--- LeeBKZ with beta=2, bkz with minimum_lee_wt_codeword (may be non-primitive) ---
profile after BKZ: [34, 1, 1, 1, 1, 1, 1, 1, 1, 1, 1, 1, 1, 1, 1, 1, 1, 1, 1, 1, 1, 1, 1, 1, 1, 1, 1, 1, 1, 1, 1, 0]
34<=B_red[0].wtL<=2142
B_red[0].wtH=34, B_red[0].wtL=651

profile: [32, 2, 1, 1, 1, 1, 1, 1, 1, 1, 1, 1, 1, 1, 1, 1, 1, 1, 1, 1, 1, 1, 1, 1, 1, 1, 1, 1, 1, 1, 1, 1]
32<=B[0].wtL<=2016
B[0].wtH=32, B[0].wtL=880

--- LeeBKZ with beta=2, bkz with minimum_lee_wt_codeword (may be non-primitive) ---
profile after BKZ: [34, 1, 1, 1, 1, 1, 1, 1, 1, 1, 1, 1, 1, 1, 1, 1, 1, 1, 1, 1, 1, 1, 1, 1, 1, 1, 1, 1, 1, 1, 1, 0]
34<=B_red[0].wtL<=2142
B_red[0].wtH=34, B_red[0].wtL=669

profile: [32, 2, 1, 1, 1, 1, 1, 1, 1, 1, 1, 1, 1, 1, 1, 1, 1, 1, 1, 1, 1, 1, 1, 1, 1, 1, 1, 1, 1, 1, 1, 1]
32<=B[0].wtL<=2016
B[0].wtH=32, B[0].wtL=1135

--- LeeBKZ with beta=2, bkz with minimum_lee_wt_codeword (may be non-primitive) ---
profile after BKZ: [33, 1, 1, 1, 1, 1, 1, 1, 1, 1, 1, 1, 1, 1, 1, 1, 1, 1, 1, 1, 1, 1, 1, 1, 1, 1, 1, 1, 1, 1, 1, 1]
33<=B_red[0].wtL<=2079
B_red[0].wtH=33, B_red[0].wtL=649

profile: [33, 1, 1, 1, 1, 1, 1, 1, 1, 1, 1, 1, 1, 1, 1, 1, 1, 1, 1, 1, 1, 1, 1, 1, 1, 1, 1, 1, 1, 1, 1, 1]
33<=B[0].wtL<=2079
B[0].wtH=33, B[0].wtL=909

--- LeeBKZ with beta=2, bkz with minimum_lee_wt_codeword (may be non-primitive) ---
profile after BKZ: [35, 1, 1, 1, 1, 1, 1, 1, 1, 1, 1, 1, 1, 1, 1, 1, 1, 1, 1, 1, 1, 1, 1, 1, 1, 1, 1, 1, 1, 1, 0, 0]
35<=B_red[0].wtL<=2205
B_red[0].wtH=35, B_red[0].wtL=651

profile: [32, 2, 1, 1, 1, 1, 1, 1, 1, 1, 1, 1, 1, 1, 1, 1, 1, 1, 1, 1, 1, 1, 1, 1, 1, 1, 1, 1, 1, 1, 1, 1]
32<=B[0].wtL<=2016
B[0].wtH=32, B[0].wtL=1091

--- LeeBKZ with beta=2, bkz with minimum_lee_wt_codeword (may be non-primitive) ---
profile after BKZ: [34, 1, 1, 1, 1, 1, 1, 1, 1, 1, 1, 1, 1, 1, 1, 1, 1, 1, 1, 1, 1, 1, 1, 1, 1, 1, 1, 1, 1, 1, 1, 0]
34<=B_red[0].wtL<=2142
B_red[0].wtH=34, B_red[0].wtL=587

profile: [33, 1, 1, 1, 1, 1, 1, 1, 1, 1, 1, 1, 1, 1, 1, 1, 1, 1, 1, 1, 1, 1, 1, 1, 1, 1, 1, 1, 1, 1, 1, 1]
33<=B[0].wtL<=2079
B[0].wtH=33, B[0].wtL=1044

--- LeeBKZ with beta=2, bkz with minimum_lee_wt_codeword (may be non-primitive) ---
profile after BKZ: [33, 1, 1, 1, 1, 1, 1, 1, 1, 1, 1, 1, 1, 1, 1, 1, 1, 1, 1, 1, 1, 1, 1, 1, 1, 1, 1, 1, 1, 1, 1, 1]
33<=B_red[0].wtL<=2079
B_red[0].wtH=33, B_red[0].wtL=700

profile: [33, 1, 1, 1, 1, 1, 1, 1, 1, 1, 1, 1, 1, 1, 1, 1, 1, 1, 1, 1, 1, 1, 1, 1, 1, 1, 1, 1, 1, 1, 1, 1]
33<=B[0].wtL<=2079
B[0].wtH=33, B[0].wtL=952

--- LeeBKZ with beta=2, bkz with minimum_lee_wt_codeword (may be non-primitive) ---
profile after BKZ: [33, 1, 1, 1, 1, 1, 1, 1, 1, 1, 1, 1, 1, 1, 1, 1, 1, 1, 1, 1, 1, 1, 1, 1, 1, 1, 1, 1, 1, 1, 1, 1]
33<=B_red[0].wtL<=2079
B_red[0].wtH=33, B_red[0].wtL=681

profile: [33, 1, 1, 1, 1, 1, 1, 1, 1, 1, 1, 1, 1, 1, 1, 1, 1, 1, 1, 1, 1, 1, 1, 1, 1, 1, 1, 1, 1, 1, 1, 1]
33<=B[0].wtL<=2079
B[0].wtH=33, B[0].wtL=921

--- LeeBKZ with beta=2, bkz with minimum_lee_wt_codeword (may be non-primitive) ---
profile after BKZ: [34, 1, 1, 1, 1, 1, 1, 1, 1, 1, 1, 1, 1, 1, 1, 1, 1, 1, 1, 1, 1, 1, 1, 1, 1, 1, 1, 1, 1, 1, 1, 0]
34<=B_red[0].wtL<=2142
B_red[0].wtH=34, B_red[0].wtL=684

profile: [33, 1, 1, 1, 1, 1, 1, 1, 1, 1, 1, 1, 1, 1, 1, 1, 1, 1, 1, 1, 1, 1, 1, 1, 1, 1, 1, 1, 1, 1, 1, 1]
33<=B[0].wtL<=2079
B[0].wtH=33, B[0].wtL=1024

--- LeeBKZ with beta=2, bkz with minimum_lee_wt_codeword (may be non-primitive) ---
profile after BKZ: [33, 1, 1, 1, 1, 1, 1, 1, 1, 1, 1, 1, 1, 1, 1, 1, 1, 1, 1, 1, 1, 1, 1, 1, 1, 1, 1, 1, 1, 1, 1, 1]
33<=B_red[0].wtL<=2079
B_red[0].wtH=33, B_red[0].wtL=687

profile: [33, 1, 1, 1, 1, 1, 1, 1, 1, 1, 1, 1, 1, 1, 1, 1, 1, 1, 1, 1, 1, 1, 1, 1, 1, 1, 1, 1, 1, 1, 1, 1]
33<=B[0].wtL<=2079
B[0].wtH=33, B[0].wtL=970

--- LeeBKZ with beta=2, bkz with minimum_lee_wt_codeword (may be non-primitive) ---
profile after BKZ: [34, 1, 1, 1, 1, 1, 1, 1, 1, 1, 1, 1, 1, 1, 1, 1, 1, 1, 1, 1, 1, 1, 1, 1, 1, 1, 1, 1, 1, 1, 1, 0]
34<=B_red[0].wtL<=2142
B_red[0].wtH=34, B_red[0].wtL=661


****************************************************
******** STATISTICS OVER N=10 samples ********
****************************************************
Reduced 10 matrices of size 32x64 over F127
Proper basis wtH[0]=32.7 wtL[0]=983.4
Reduced basis wtH[0]=33.7 wtL[0]=662.0
Avg.time=4.972328615188599
Avg.Mw_codeword.calls=74.5
Avg.potential_growth_fails=0.0
