[  1   0   0   0   0   0   0   0   0   0   0   0   0   0   0   0  61 118  14  60  78  15  75 117  87  51 123  19  12 119  87  80]
[  0   1   0   0   0   0   0   0   0   0   0   0   0   0   0   0  67  45   7  40  29  54  35   0 107  10  94  25  26  54  31  54]
[  0   0   1   0   0   0   0   0   0   0   0   0   0   0   0   0  52 109  33  34 114 108  68 103 105  80   9  82 112  43 104 115]
[  0   0   0   1   0   0   0   0   0   0   0   0   0   0   0   0  20  19  27  29 124  70   0  61  90  26   2  95  21  57 118  20]
[  0   0   0   0   1   0   0   0   0   0   0   0   0   0   0   0  49 123 103  15  47  87 101 117  19  92  40  15   8   9 123  16]
[  0   0   0   0   0   1   0   0   0   0   0   0   0   0   0   0  84  50 124 107  94  29  52  66  39   6  81  36  76  16  53  57]
[  0   0   0   0   0   0   1   0   0   0   0   0   0   0   0   0  45  21 117  54  14  99  96  75  74  46   6  50 122  60  71  97]
[  0   0   0   0   0   0   0   1   0   0   0   0   0   0   0   0   5  45  19  50  22  78   8  28  15   1  68 111  26  80 100  33]
[  0   0   0   0   0   0   0   0   1   0   0   0   0   0   0   0 108  62  37 123  20  19  23  49  77  12 106 108   2  30  74 117]
[  0   0   0   0   0   0   0   0   0   1   0   0   0   0   0   0  12  95  72  64  40  58  49  57 109 121  82  83  49  41  52 103]
[  0   0   0   0   0   0   0   0   0   0   1   0   0   0   0   0  12  63 105 108  26 108 105  68  71  16 114  13  10  16 106  29]
[  0   0   0   0   0   0   0   0   0   0   0   1   0   0   0   0  74   2 110  71  80  89  72  35  50  61  68  50  35  34 117 117]
[  0   0   0   0   0   0   0   0   0   0   0   0   1   0   0   0  10  49 107 111  94  38  59  59  95   1 112  35  52  65 125 116]
[  0   0   0   0   0   0   0   0   0   0   0   0   0   1   0   0   5  48 119  94 118  33  58  81  34  38 104  43  91  13 110  34]
[  0   0   0   0   0   0   0   0   0   0   0   0   0   0   1   0  61  95 118  63 112  13  48   7  71  81  19   6 108  10  52  34]
[  0   0   0   0   0   0   0   0   0   0   0   0   0   0   0   1 107  48  89  76  14 109  55  97   5  72 111   1  92  29  10 124]
profile: [17, 1, 1, 1, 1, 1, 1, 1, 1, 1, 1, 1, 1, 1, 1, 1]
17<=B[0].wtL<=1071
B[0].wtH=17, B[0].wtL=492

--- BKZ with beta=3, classic ---
profile after BKZ: [15, 3, 1, 1, 1, 1, 1, 1, 1, 1, 1, 1, 1, 1, 1, 1]
15<=B_red[0].wtL<=945
B_red[0].wtH=15, B_red[0].wtL=387

--- BKZ with beta=3, selecting lowest lee wt. vec ---
profile after BKZ: [15, 3, 1, 1, 1, 1, 1, 1, 1, 1, 1, 1, 1, 1, 1, 1]
15<=B_red1[0].wtL<=945
B_red1[0].wtH=15, B_red1[0].wtL=324

--- LeeBKZ with beta=3, bkz with minimum_lee_wt_codeword+primitive ---
profile after BKZ: [17, 1, 1, 1, 1, 1, 1, 1, 1, 1, 1, 1, 1, 1, 1, 1]
17<=B_red2[0].wtL<=1071
B_red2[0].wtH=17, B_red2[0].wtL=320

--- LeeBKZ with beta=3, bkz with minimum_lee_wt_codeword (may be non-primitive) ---
profile after BKZ: [20, 1, 1, 1, 1, 1, 1, 1, 1, 1, 1, 1, 1, 0, 0, 0]
20<=B_red3[0].wtL<=1260
B_red3[0].wtH=20, B_red3[0].wtL=245

--- LeeBKZ with beta=3, bkz with minimum_lee_wt_codeword (revised projections) ---
profile after BKZ: [17, 2, 1, 1, 0, 1, 1, 1, 1, 1, 1, 1, 1, 1, 1, 1]
17<=B_red4[0].wtL<=1071
B_red4[0].wtH=17, B_red4[0].wtL=320
[  1   0   0   0   0   0   0   0   0   0   0   0   0   0   0   0  43  46  36  73 106  56 107 106 119  17  73  90 110 107  63  50]
[  0   1   0   0   0   0   0   0   0   0   0   0   0   0   0   0 105  89  65  99  94  70 125 110  50  12  40  62  42  44  16 102]
[  0   0   1   0   0   0   0   0   0   0   0   0   0   0   0   0 109   3 108  91  73 108 112  63   2   4  34  44   4 107  28  15]
[  0   0   0   1   0   0   0   0   0   0   0   0   0   0   0   0  84  55  52 109  59  57  30  23  39   9 118   5 119  30  28 110]
[  0   0   0   0   1   0   0   0   0   0   0   0   0   0   0   0 103  29  52 120  51   6  36  63 122 114  84  18 123  25  39 110]
[  0   0   0   0   0   1   0   0   0   0   0   0   0   0   0   0  93  63  12  12  10 115  41  95  91  10  11  63  31   5 118  83]
[  0   0   0   0   0   0   1   0   0   0   0   0   0   0   0   0  63  89  10  58  65  65  56  72  63  52  31   6  31 103   0  49]
[  0   0   0   0   0   0   0   1   0   0   0   0   0   0   0   0 120  28 113  69 111   0  58  80   5  81  89  81  65  58  92  21]
[  0   0   0   0   0   0   0   0   1   0   0   0   0   0   0   0  24  34  69 119  74  96  31  22  33  88 109 103  95  92  36  20]
[  0   0   0   0   0   0   0   0   0   1   0   0   0   0   0   0  54  58 123 117  31 118  97  63 110  14  23   5  39  34  82  34]
[  0   0   0   0   0   0   0   0   0   0   1   0   0   0   0   0  94  45  66 111 111  98  79  52  23  98  89  25  43 107  79  89]
[  0   0   0   0   0   0   0   0   0   0   0   1   0   0   0   0 101  75  30  48  84  76  76  73  33  80  88  73  49  22  59 101]
[  0   0   0   0   0   0   0   0   0   0   0   0   1   0   0   0  23  18  44  89  87  78  45 101 100  80  37  22  84   0 102  26]
[  0   0   0   0   0   0   0   0   0   0   0   0   0   1   0   0  41   6  76  17  30  83  19 126  81 115  66  77 117  26  93  71]
[  0   0   0   0   0   0   0   0   0   0   0   0   0   0   1   0  47   2  96 105  30   4  28   6  75  97 119  72  87  65   3  26]
[  0   0   0   0   0   0   0   0   0   0   0   0   0   0   0   1  98  99 112 125  74 119  45  73 107  75  19  20  79 121  28 110]
profile: [17, 1, 1, 1, 1, 1, 1, 1, 1, 1, 1, 1, 1, 1, 1, 1]
17<=B[0].wtL<=1071
B[0].wtH=17, B[0].wtL=564

--- BKZ with beta=3, classic ---
profile after BKZ: [16, 2, 1, 1, 1, 1, 1, 1, 1, 1, 1, 1, 1, 1, 1, 1]
16<=B_red[0].wtL<=1008
B_red[0].wtH=16, B_red[0].wtL=498

--- BKZ with beta=3, selecting lowest lee wt. vec ---
profile after BKZ: [16, 2, 1, 1, 1, 1, 1, 1, 1, 1, 1, 1, 1, 1, 1, 1]
16<=B_red1[0].wtL<=1008
B_red1[0].wtH=16, B_red1[0].wtL=359

--- LeeBKZ with beta=3, bkz with minimum_lee_wt_codeword+primitive ---
profile after BKZ: [17, 1, 1, 1, 1, 1, 1, 1, 1, 1, 1, 1, 1, 1, 1, 1]
17<=B_red2[0].wtL<=1071
B_red2[0].wtH=17, B_red2[0].wtL=314

--- LeeBKZ with beta=3, bkz with minimum_lee_wt_codeword (may be non-primitive) ---
profile after BKZ: [17, 1, 1, 1, 1, 1, 1, 1, 1, 1, 1, 1, 1, 1, 1, 1]
17<=B_red3[0].wtL<=1071
B_red3[0].wtH=17, B_red3[0].wtL=196

--- LeeBKZ with beta=3, bkz with minimum_lee_wt_codeword (revised projections) ---
profile after BKZ: [17, 3, 0, 1, 0, 1, 1, 1, 1, 1, 1, 1, 1, 1, 1, 1]
17<=B_red4[0].wtL<=1071
B_red4[0].wtH=17, B_red4[0].wtL=314
[  1   0   0   0   0   0   0   0   0   0   0   0   0   0   0   0 119  65  11  95  56 126  10 118  53  83  46  82  39  55  34  33]
[  0   1   0   0   0   0   0   0   0   0   0   0   0   0   0   0  56  72  24 124  31  58  81  11  72  97   4  24  18   9   6  47]
[  0   0   1   0   0   0   0   0   0   0   0   0   0   0   0   0  71  58 100  92  20  27  73  41  89  75 104  88  96  19  96  32]
[  0   0   0   1   0   0   0   0   0   0   0   0   0   0   0   0 104  31 108  25  46  30 115 126 112  21  50  67 112  93 114   8]
[  0   0   0   0   1   0   0   0   0   0   0   0   0   0   0   0  25   3   3  63  39  88  80  95  22  81   3 121  16  70 126 112]
[  0   0   0   0   0   1   0   0   0   0   0   0   0   0   0   0  38  83  92  50  20 119  18   6   3  23  79  37  55 118  73  85]
[  0   0   0   0   0   0   1   0   0   0   0   0   0   0   0   0  99  22  97  18  66   6  29  69  73 102  42  47  26  85  99  74]
[  0   0   0   0   0   0   0   1   0   0   0   0   0   0   0   0  11  39  24  53  69  89  76  42  86  21  66  61 105  31  57  57]
[  0   0   0   0   0   0   0   0   1   0   0   0   0   0   0   0  20 120  17  98 126  72 111 102  59  20  61  97  27  79 120 105]
[  0   0   0   0   0   0   0   0   0   1   0   0   0   0   0   0  13  10  10  76  53  16  33  19  88 105 117  45  33 105 110  80]
[  0   0   0   0   0   0   0   0   0   0   1   0   0   0   0   0 103  45  49  57  15 107  31 122  47   7  66  17  17  87 124   2]
[  0   0   0   0   0   0   0   0   0   0   0   1   0   0   0   0  12  45 125  35  94  70  80  78 124  16 105  55   0  63  56  80]
[  0   0   0   0   0   0   0   0   0   0   0   0   1   0   0   0  73  66 117  45  28  53  15 122  87  51   8  31  80  87  56 112]
[  0   0   0   0   0   0   0   0   0   0   0   0   0   1   0   0  89  69   9  11  63  79   7 103  27   9 111  77  61  26   8   6]
[  0   0   0   0   0   0   0   0   0   0   0   0   0   0   1   0 126 125 123  70  76   4   3  39  89 108  91   8  61   1  64  25]
[  0   0   0   0   0   0   0   0   0   0   0   0   0   0   0   1  59  67  32  78   2  22  21   2  41 105  75  54  37  48  62  47]
profile: [17, 1, 1, 1, 1, 1, 1, 1, 1, 1, 1, 1, 1, 1, 1, 1]
17<=B[0].wtL<=1071
B[0].wtH=17, B[0].wtL=539

--- BKZ with beta=3, classic ---
profile after BKZ: [16, 2, 1, 1, 1, 1, 1, 1, 1, 1, 1, 1, 1, 1, 1, 1]
16<=B_red[0].wtL<=1008
B_red[0].wtH=16, B_red[0].wtL=594

--- BKZ with beta=3, selecting lowest lee wt. vec ---
profile after BKZ: [16, 2, 1, 1, 1, 1, 1, 1, 1, 1, 1, 1, 1, 1, 1, 1]
16<=B_red1[0].wtL<=1008
B_red1[0].wtH=16, B_red1[0].wtL=339

--- LeeBKZ with beta=3, bkz with minimum_lee_wt_codeword+primitive ---
profile after BKZ: [17, 1, 1, 1, 1, 1, 1, 1, 1, 1, 1, 1, 1, 1, 1, 1]
17<=B_red2[0].wtL<=1071
B_red2[0].wtH=17, B_red2[0].wtL=344

--- LeeBKZ with beta=3, bkz with minimum_lee_wt_codeword (may be non-primitive) ---
profile after BKZ: [18, 1, 1, 1, 1, 1, 1, 1, 1, 1, 1, 1, 1, 1, 1, 0]
18<=B_red3[0].wtL<=1134
B_red3[0].wtH=18, B_red3[0].wtL=221

--- LeeBKZ with beta=3, bkz with minimum_lee_wt_codeword (revised projections) ---
profile after BKZ: [17, 3, 0, 1, 0, 1, 1, 1, 1, 1, 1, 1, 1, 1, 1, 1]
17<=B_red4[0].wtL<=1071
B_red4[0].wtH=17, B_red4[0].wtL=344
[  1   0   0   0   0   0   0   0   0   0   0   0   0   0   0   0 124  63  11  65  70  87  42 103  41  55  56  34  94  57  45  44]
[  0   1   0   0   0   0   0   0   0   0   0   0   0   0   0   0  34  86 109  22 109  80 123  40  86  50  82  25  38  56  69  41]
[  0   0   1   0   0   0   0   0   0   0   0   0   0   0   0   0  53  30  88  47  39  76 120  29  92   1  78  95  16  27  92  72]
[  0   0   0   1   0   0   0   0   0   0   0   0   0   0   0   0  16   7  62  15  86  35   5  45   6 115  39  18  15  99   1  39]
[  0   0   0   0   1   0   0   0   0   0   0   0   0   0   0   0 103  11 123  25 116  48  59  77 100  50 104   9   0 124  96  53]
[  0   0   0   0   0   1   0   0   0   0   0   0   0   0   0   0 122  95  95  23  60 101 109  36  81 110 121  41 116  22  84  12]
[  0   0   0   0   0   0   1   0   0   0   0   0   0   0   0   0  90  79 117 122  52 103  34 104  12  19  47  31  67  94  59  42]
[  0   0   0   0   0   0   0   1   0   0   0   0   0   0   0   0  73  17  82  81   1 102 125 115  15  59  90 107  68 116  58 108]
[  0   0   0   0   0   0   0   0   1   0   0   0   0   0   0   0  28  13  56  58  54 103 109 102  23  31  84  40 122  28  68  94]
[  0   0   0   0   0   0   0   0   0   1   0   0   0   0   0   0  92  72  99  23  81 119  59   6  42  10  81  53  24  30 124 114]
[  0   0   0   0   0   0   0   0   0   0   1   0   0   0   0   0  75  53  52  13  11  51  17  52  35   7  97  41  46  54  88  41]
[  0   0   0   0   0   0   0   0   0   0   0   1   0   0   0   0  89  87 108 120  85   3  85  25 112 109   8  96  66  88  73 124]
[  0   0   0   0   0   0   0   0   0   0   0   0   1   0   0   0  73 109  24  27  63 115   1  68 108   5  60  13  61  43   5 111]
[  0   0   0   0   0   0   0   0   0   0   0   0   0   1   0   0  96   5 121  28 121  45 103 109 111   0  88  91  83 100 100  24]
[  0   0   0   0   0   0   0   0   0   0   0   0   0   0   1   0 115  16  93  64  27  99  42  96 125  29  82  93 106  66  68   0]
[  0   0   0   0   0   0   0   0   0   0   0   0   0   0   0   1  80  77  69  61 124 100  15   2 113 106  86  60  37  58 124   8]
profile: [17, 1, 1, 1, 1, 1, 1, 1, 1, 1, 1, 1, 1, 1, 1, 1]
17<=B[0].wtL<=1071
B[0].wtH=17, B[0].wtL=668

--- BKZ with beta=3, classic ---
profile after BKZ: [16, 2, 1, 1, 1, 1, 1, 1, 1, 1, 1, 1, 1, 1, 1, 1]
16<=B_red[0].wtL<=1008
B_red[0].wtH=16, B_red[0].wtL=495

--- BKZ with beta=3, selecting lowest lee wt. vec ---
profile after BKZ: [16, 2, 1, 1, 1, 1, 1, 1, 1, 1, 1, 1, 1, 1, 1, 1]
16<=B_red1[0].wtL<=1008
B_red1[0].wtH=16, B_red1[0].wtL=293

--- LeeBKZ with beta=3, bkz with minimum_lee_wt_codeword+primitive ---
profile after BKZ: [17, 1, 1, 1, 1, 1, 1, 1, 1, 1, 1, 1, 1, 1, 1, 1]
17<=B_red2[0].wtL<=1071
B_red2[0].wtH=17, B_red2[0].wtL=314

--- LeeBKZ with beta=3, bkz with minimum_lee_wt_codeword (may be non-primitive) ---
profile after BKZ: [18, 1, 1, 1, 1, 1, 1, 1, 1, 1, 1, 1, 1, 1, 1, 0]
18<=B_red3[0].wtL<=1134
B_red3[0].wtH=18, B_red3[0].wtL=252

--- LeeBKZ with beta=3, bkz with minimum_lee_wt_codeword (revised projections) ---
profile after BKZ: [17, 2, 0, 1, 1, 1, 1, 1, 1, 1, 1, 1, 1, 1, 1, 1]
17<=B_red4[0].wtL<=1071
B_red4[0].wtH=17, B_red4[0].wtL=314
[  1   0   0   0   0   0   0   0   0   0   0   0   0   0   0   0  59 118   3  18  38  32  37  41 123  21  56 120  30 118  50 103]
[  0   1   0   0   0   0   0   0   0   0   0   0   0   0   0   0  23  65 114  70  92  40   2 100  36  92  59  54 101   6  46  33]
[  0   0   1   0   0   0   0   0   0   0   0   0   0   0   0   0 100  59  91 103 125  97  24  63  55 124  89  89  13  49  34  57]
[  0   0   0   1   0   0   0   0   0   0   0   0   0   0   0   0 110  99  41  39  72  25  85  29  74   5 125  44  10  37  87  95]
[  0   0   0   0   1   0   0   0   0   0   0   0   0   0   0   0  94  83  87  20 116  59  57  33  92  90  47   8  15 110  73 126]
[  0   0   0   0   0   1   0   0   0   0   0   0   0   0   0   0  44  91   4 118 120  63  36  25  37   0  57  28  91  69  32  74]
[  0   0   0   0   0   0   1   0   0   0   0   0   0   0   0   0 123  29 105  40  24 107 116   4 117  77  63  56  16   8  70  92]
[  0   0   0   0   0   0   0   1   0   0   0   0   0   0   0   0  35  62 101   9  39 104  71  13  35  69  24  10   6  45  11 114]
[  0   0   0   0   0   0   0   0   1   0   0   0   0   0   0   0  45 111  19  56  79  98  46  82  82  84  78  28 106 125 108 122]
[  0   0   0   0   0   0   0   0   0   1   0   0   0   0   0   0  94  95  73 113  38  88  16  44  84  35 126  17  22  25  87  94]
[  0   0   0   0   0   0   0   0   0   0   1   0   0   0   0   0  91  39  67 108  49   4 101  36  71  75   3  81 115  31  41 102]
[  0   0   0   0   0   0   0   0   0   0   0   1   0   0   0   0  25  14  38 102 124  46   1  82  46  82  77  77  82  19   3  27]
[  0   0   0   0   0   0   0   0   0   0   0   0   1   0   0   0  22  37  58  82  54 116  97  41  31   2  84  36  98  12  64 112]
[  0   0   0   0   0   0   0   0   0   0   0   0   0   1   0   0   9  32  17  30  86  71  68  28   9  47   1  80 107  34  38 106]
[  0   0   0   0   0   0   0   0   0   0   0   0   0   0   1   0  20  39 118  77  82 102   2  75  46  17 100  92  58 119  49  97]
[  0   0   0   0   0   0   0   0   0   0   0   0   0   0   0   1  86 103  98 119 126  17  24  33   8  30  32 126  82  15  98  50]
profile: [17, 1, 1, 1, 1, 1, 1, 1, 1, 1, 1, 1, 1, 1, 1, 1]
17<=B[0].wtL<=1071
B[0].wtH=17, B[0].wtL=439

--- BKZ with beta=3, classic ---
profile after BKZ: [16, 2, 1, 1, 1, 1, 1, 1, 1, 1, 1, 1, 1, 1, 1, 1]
16<=B_red[0].wtL<=1008
B_red[0].wtH=16, B_red[0].wtL=486

--- BKZ with beta=3, selecting lowest lee wt. vec ---
profile after BKZ: [16, 2, 1, 1, 1, 1, 1, 1, 1, 1, 1, 1, 1, 1, 1, 1]
16<=B_red1[0].wtL<=1008
B_red1[0].wtH=16, B_red1[0].wtL=273

--- LeeBKZ with beta=3, bkz with minimum_lee_wt_codeword+primitive ---
profile after BKZ: [17, 1, 1, 1, 1, 1, 1, 1, 1, 1, 1, 1, 1, 1, 1, 1]
17<=B_red2[0].wtL<=1071
B_red2[0].wtH=17, B_red2[0].wtL=365

--- LeeBKZ with beta=3, bkz with minimum_lee_wt_codeword (may be non-primitive) ---
profile after BKZ: [17, 1, 1, 1, 1, 1, 1, 1, 1, 1, 1, 1, 1, 1, 1, 1]
17<=B_red3[0].wtL<=1071
B_red3[0].wtH=17, B_red3[0].wtL=224

--- LeeBKZ with beta=3, bkz with minimum_lee_wt_codeword (revised projections) ---
profile after BKZ: [17, 3, 0, 1, 1, 0, 1, 1, 1, 1, 1, 1, 1, 1, 1, 1]
17<=B_red4[0].wtL<=1071
B_red4[0].wtH=17, B_red4[0].wtL=320
[  1   0   0   0   0   0   0   0   0   0   0   0   0   0   0   0 111  63  46  66 123  92  25  12  82  45  85 115  42  36  87 125]
[  0   1   0   0   0   0   0   0   0   0   0   0   0   0   0   0  70 125 111  92  57  78   5  88 112  97  55  44 113   2 110  81]
[  0   0   1   0   0   0   0   0   0   0   0   0   0   0   0   0  95  71  98   5   6  46  77   6 111  74  45  75  83  54  40  53]
[  0   0   0   1   0   0   0   0   0   0   0   0   0   0   0   0  68  47   0 100   4  34  44  62  56  16   3 103 112  31 108  63]
[  0   0   0   0   1   0   0   0   0   0   0   0   0   0   0   0  14  78   1  78  74 109  33  91 110  18 126   7 115  90   2 121]
[  0   0   0   0   0   1   0   0   0   0   0   0   0   0   0   0  33  38  22 126   4  80   9  19  17  46  17  70  98  99  12  98]
[  0   0   0   0   0   0   1   0   0   0   0   0   0   0   0   0  86  98  40  11   9  23 114  99 112  29  85   9  24 121  15  91]
[  0   0   0   0   0   0   0   1   0   0   0   0   0   0   0   0  16 122  12  13  28  46  17  17 105  51 115  14  75  70 100  44]
[  0   0   0   0   0   0   0   0   1   0   0   0   0   0   0   0  15  66  92  82 119  38   7 115   7  96   8 103  43  37  22  71]
[  0   0   0   0   0   0   0   0   0   1   0   0   0   0   0   0  12  18  75  25  93  37  40 119  19  65  71 123 103  69  60 105]
[  0   0   0   0   0   0   0   0   0   0   1   0   0   0   0   0  72  85  50  77  51  73  65  37  62  74 117  92 102  32  87  83]
[  0   0   0   0   0   0   0   0   0   0   0   1   0   0   0   0  47   3  64  67  33  42  67   3  92  15  51   2  69 113 118  67]
[  0   0   0   0   0   0   0   0   0   0   0   0   1   0   0   0   9  86  56  87  69  39  26 121  23 114  14 103  85  10 125   6]
[  0   0   0   0   0   0   0   0   0   0   0   0   0   1   0   0  84  37  74 117   1  93  50  78  85  28  93  65  87  39 106  85]
[  0   0   0   0   0   0   0   0   0   0   0   0   0   0   1   0 104  44 123  97   9  46  74  97   0 108  11  61 100  71  26 101]
[  0   0   0   0   0   0   0   0   0   0   0   0   0   0   0   1  67 105  34  41  14  79  27  38  49  38  52 112 115  60  84  54]
profile: [17, 1, 1, 1, 1, 1, 1, 1, 1, 1, 1, 1, 1, 1, 1, 1]
17<=B[0].wtL<=1071
B[0].wtH=17, B[0].wtL=527

--- BKZ with beta=3, classic ---
profile after BKZ: [16, 2, 1, 1, 1, 1, 1, 1, 1, 1, 1, 1, 1, 1, 1, 1]
16<=B_red[0].wtL<=1008
B_red[0].wtH=16, B_red[0].wtL=386

--- BKZ with beta=3, selecting lowest lee wt. vec ---
profile after BKZ: [16, 2, 1, 1, 1, 1, 1, 1, 1, 1, 1, 1, 1, 1, 1, 1]
16<=B_red1[0].wtL<=1008
B_red1[0].wtH=16, B_red1[0].wtL=299

--- LeeBKZ with beta=3, bkz with minimum_lee_wt_codeword+primitive ---
profile after BKZ: [17, 1, 1, 1, 1, 1, 1, 1, 1, 1, 1, 1, 1, 1, 1, 1]
17<=B_red2[0].wtL<=1071
B_red2[0].wtH=17, B_red2[0].wtL=308

--- LeeBKZ with beta=3, bkz with minimum_lee_wt_codeword (may be non-primitive) ---
profile after BKZ: [18, 1, 1, 1, 1, 1, 1, 1, 1, 1, 1, 1, 1, 1, 1, 0]
18<=B_red3[0].wtL<=1134
B_red3[0].wtH=18, B_red3[0].wtL=249

--- LeeBKZ with beta=3, bkz with minimum_lee_wt_codeword (revised projections) ---
profile after BKZ: [17, 3, 1, 1, 1, 1, 1, 0, 1, 0, 1, 1, 1, 1, 1, 1]
17<=B_red4[0].wtL<=1071
B_red4[0].wtH=17, B_red4[0].wtL=308
[  1   0   0   0   0   0   0   0   0   0   0   0   0   0   0   0 121  17 121 126  32  65  77 120   9  95  51  78 111  81   6  69]
[  0   1   0   0   0   0   0   0   0   0   0   0   0   0   0   0 104  27  62  33  35  67  52  27  24  63  21 110  32 126  86  24]
[  0   0   1   0   0   0   0   0   0   0   0   0   0   0   0   0  93  10   9  89   9  34  49  19  31  95 126  22  48  22  96  18]
[  0   0   0   1   0   0   0   0   0   0   0   0   0   0   0   0 119  39  11   7  63  78   1  92   8 120 102 103  12  17  54 116]
[  0   0   0   0   1   0   0   0   0   0   0   0   0   0   0   0  77  80  60  80   7   4  60 121  70 108  92  41 113  88  73  92]
[  0   0   0   0   0   1   0   0   0   0   0   0   0   0   0   0  77  13  37  90  42  25 120 103  66  42  94   1 116  50 121  21]
[  0   0   0   0   0   0   1   0   0   0   0   0   0   0   0   0 108   6  49   3  12  46  10 123  86 115  23  79  21  33  79  35]
[  0   0   0   0   0   0   0   1   0   0   0   0   0   0   0   0  20  74 103  54  93  81  91  91  59  55  90  26  29  59  98  83]
[  0   0   0   0   0   0   0   0   1   0   0   0   0   0   0   0  72  17  68  88  24 111  72  97  58  70  70 102  40  17  27  52]
[  0   0   0   0   0   0   0   0   0   1   0   0   0   0   0   0  59  54  35  71   8  81 102  61  17  70 117  63  75  77  33  24]
[  0   0   0   0   0   0   0   0   0   0   1   0   0   0   0   0 126  20  98  72 105  97 104 106  51  94   4  57   3 118 106  79]
[  0   0   0   0   0   0   0   0   0   0   0   1   0   0   0   0  67 103 108 106 125  29 114  68  11  25   0 104  47  76 125  63]
[  0   0   0   0   0   0   0   0   0   0   0   0   1   0   0   0   4  80 125  27  43  96  91  16  72  35  14  81  53   3  81  63]
[  0   0   0   0   0   0   0   0   0   0   0   0   0   1   0   0   3  42  63  30  62  28  54  38  51 112  94 106  23 110  95  58]
[  0   0   0   0   0   0   0   0   0   0   0   0   0   0   1   0  73   9 102  61  54 119  14  23  49  82  10  74  83  18 125  50]
[  0   0   0   0   0   0   0   0   0   0   0   0   0   0   0   1   5  49   0  14  34 111  87  96  15  99   7  39  80  74  46  97]
profile: [17, 1, 1, 1, 1, 1, 1, 1, 1, 1, 1, 1, 1, 1, 1, 1]
17<=B[0].wtL<=1071
B[0].wtH=17, B[0].wtL=449

--- BKZ with beta=3, classic ---
profile after BKZ: [15, 3, 1, 1, 1, 1, 1, 1, 1, 1, 1, 1, 1, 1, 1, 1]
15<=B_red[0].wtL<=945
B_red[0].wtH=15, B_red[0].wtL=452

--- BKZ with beta=3, selecting lowest lee wt. vec ---
profile after BKZ: [15, 3, 1, 1, 1, 1, 1, 1, 1, 1, 1, 1, 1, 1, 1, 1]
15<=B_red1[0].wtL<=945
B_red1[0].wtH=15, B_red1[0].wtL=333

--- LeeBKZ with beta=3, bkz with minimum_lee_wt_codeword+primitive ---
profile after BKZ: [17, 1, 1, 1, 1, 1, 1, 1, 1, 1, 1, 1, 1, 1, 1, 1]
17<=B_red2[0].wtL<=1071
B_red2[0].wtH=17, B_red2[0].wtL=353

--- LeeBKZ with beta=3, bkz with minimum_lee_wt_codeword (may be non-primitive) ---
profile after BKZ: [18, 1, 1, 1, 1, 1, 1, 1, 1, 1, 1, 1, 1, 1, 1, 0]
18<=B_red3[0].wtL<=1134
B_red3[0].wtH=18, B_red3[0].wtL=252

--- LeeBKZ with beta=3, bkz with minimum_lee_wt_codeword (revised projections) ---
profile after BKZ: [17, 2, 1, 1, 0, 1, 1, 1, 1, 1, 1, 1, 1, 1, 1, 1]
17<=B_red4[0].wtL<=1071
B_red4[0].wtH=17, B_red4[0].wtL=339
[  1   0   0   0   0   0   0   0   0   0   0   0   0   0   0   0  34 118  10 100  88  47  66  95  24  95  77  83 103  28  77  76]
[  0   1   0   0   0   0   0   0   0   0   0   0   0   0   0   0 111 114  65  70 119   5 103  16  29 108  82  97   9  58  61  92]
[  0   0   1   0   0   0   0   0   0   0   0   0   0   0   0   0  34  96 116  21   3  98 103   0 120  26  62  90  28  25  71  58]
[  0   0   0   1   0   0   0   0   0   0   0   0   0   0   0   0  78  46  93 113 118  75  46  99  31  45 101  63  55   8   8  88]
[  0   0   0   0   1   0   0   0   0   0   0   0   0   0   0   0 103  21 111  45   7  83  38  65  76 102 113  57   5  40   8  68]
[  0   0   0   0   0   1   0   0   0   0   0   0   0   0   0   0  92  84  80  37  60  76  60 106  58  40  71 124 101  70   8   2]
[  0   0   0   0   0   0   1   0   0   0   0   0   0   0   0   0   7 125  42  62  71  53  11 121  68  87  50 107 106  87  22  92]
[  0   0   0   0   0   0   0   1   0   0   0   0   0   0   0   0 105  75   9 104  29  23  87  72  28  19  59  95  98  53 112  69]
[  0   0   0   0   0   0   0   0   1   0   0   0   0   0   0   0  64  84 101  49  10  56  37  50  63  74 125  78 121  44 114  72]
[  0   0   0   0   0   0   0   0   0   1   0   0   0   0   0   0  23   7  21  96  12 111 108  21  74 107  71 104  43  90  29  74]
[  0   0   0   0   0   0   0   0   0   0   1   0   0   0   0   0  20 104  26  95  50  70  41   1  58 107 104   1 110  35 126  73]
[  0   0   0   0   0   0   0   0   0   0   0   1   0   0   0   0  45 115 123  64  36  38  88  71 100 110  25   9  88  13  59  22]
[  0   0   0   0   0   0   0   0   0   0   0   0   1   0   0   0  34  12  90  87  45   0 114 100  73  56  87  79  51  19  45  46]
[  0   0   0   0   0   0   0   0   0   0   0   0   0   1   0   0   3  96  23   8  99 118 100  46 119  15  27  20 104 102 107   2]
[  0   0   0   0   0   0   0   0   0   0   0   0   0   0   1   0  52 105 123  53  64 104  66  58  79  58 123   4 123  12  30  25]
[  0   0   0   0   0   0   0   0   0   0   0   0   0   0   0   1  21  60  21  75  83  66   8  48  31  55  46  35  85 117  65 123]
profile: [17, 1, 1, 1, 1, 1, 1, 1, 1, 1, 1, 1, 1, 1, 1, 1]
17<=B[0].wtL<=1071
B[0].wtH=17, B[0].wtL=563

--- BKZ with beta=3, classic ---
profile after BKZ: [15, 3, 1, 1, 1, 1, 1, 1, 1, 1, 1, 1, 1, 1, 1, 1]
15<=B_red[0].wtL<=945
B_red[0].wtH=15, B_red[0].wtL=412

--- BKZ with beta=3, selecting lowest lee wt. vec ---
profile after BKZ: [15, 3, 1, 1, 1, 1, 1, 1, 1, 1, 1, 1, 1, 1, 1, 1]
15<=B_red1[0].wtL<=945
B_red1[0].wtH=15, B_red1[0].wtL=354

--- LeeBKZ with beta=3, bkz with minimum_lee_wt_codeword+primitive ---
profile after BKZ: [17, 1, 1, 1, 1, 1, 1, 1, 1, 1, 1, 1, 1, 1, 1, 1]
17<=B_red2[0].wtL<=1071
B_red2[0].wtH=17, B_red2[0].wtL=340

--- LeeBKZ with beta=3, bkz with minimum_lee_wt_codeword (may be non-primitive) ---
profile after BKZ: [19, 1, 1, 1, 1, 1, 1, 1, 1, 1, 1, 1, 1, 1, 0, 0]
19<=B_red3[0].wtL<=1197
B_red3[0].wtH=19, B_red3[0].wtL=241

--- LeeBKZ with beta=3, bkz with minimum_lee_wt_codeword (revised projections) ---
profile after BKZ: [17, 2, 0, 1, 1, 1, 1, 1, 1, 1, 1, 1, 1, 1, 1, 1]
17<=B_red4[0].wtL<=1071
B_red4[0].wtH=17, B_red4[0].wtL=340
[  1   0   0   0   0   0   0   0   0   0   0   0   0   0   0   0  14 114  35  47  93  12  86  91  47  16  73  61  69 118  45 110]
[  0   1   0   0   0   0   0   0   0   0   0   0   0   0   0   0  52  44  86  22 112  68   1  38 125  96  16 109 108  65  13 113]
[  0   0   1   0   0   0   0   0   0   0   0   0   0   0   0   0  53 124  60 119 104  55 110  23  98  97   1  22 123  22 103  30]
[  0   0   0   1   0   0   0   0   0   0   0   0   0   0   0   0 100  49  35  50  78  92  70  26  53  68  77  94  17  72  89  86]
[  0   0   0   0   1   0   0   0   0   0   0   0   0   0   0   0  18  96  56  76 120  13  78  72  51  84  31  45 100  35   6 109]
[  0   0   0   0   0   1   0   0   0   0   0   0   0   0   0   0 107  84  13 106  90  16  78  82 108   7 106  90  66   3  80  81]
[  0   0   0   0   0   0   1   0   0   0   0   0   0   0   0   0 120 123  77   1  34  55  45  49  15 120  64 104  10   8 114 111]
[  0   0   0   0   0   0   0   1   0   0   0   0   0   0   0   0  42   8  34 117  75  12 102 115 114  11  92  28 111  46 110  30]
[  0   0   0   0   0   0   0   0   1   0   0   0   0   0   0   0  17  69 113  55  93  93  10  73  85  63  41  82  88  31  12 119]
[  0   0   0   0   0   0   0   0   0   1   0   0   0   0   0   0  56  88 112  17 103  90  96  58  24  44 113  78 113  90  66  72]
[  0   0   0   0   0   0   0   0   0   0   1   0   0   0   0   0  11  85   8  66   7  55 106 113  86  95   4  17  77 110  36  66]
[  0   0   0   0   0   0   0   0   0   0   0   1   0   0   0   0   9  74  69  11 100  93 106 109  86  54  44  81  36  29  67   2]
[  0   0   0   0   0   0   0   0   0   0   0   0   1   0   0   0  46  76   6  55  38 104  75 108  98  52 120  88 121  64  91  25]
[  0   0   0   0   0   0   0   0   0   0   0   0   0   1   0   0 107  32  63  77  32  21  31 100   9 117  62  99  55  97   7 118]
[  0   0   0   0   0   0   0   0   0   0   0   0   0   0   1   0  91   9  76 101 108  38  82  97  21  80   6  35  74  92  60  76]
[  0   0   0   0   0   0   0   0   0   0   0   0   0   0   0   1  49  84   4 112  11 104  61  51  64  95  96  19  19  39  85 120]
profile: [17, 1, 1, 1, 1, 1, 1, 1, 1, 1, 1, 1, 1, 1, 1, 1]
17<=B[0].wtL<=1071
B[0].wtH=17, B[0].wtL=540

--- BKZ with beta=3, classic ---
profile after BKZ: [16, 2, 1, 1, 1, 1, 1, 1, 1, 1, 1, 1, 1, 1, 1, 1]
16<=B_red[0].wtL<=1008
B_red[0].wtH=16, B_red[0].wtL=556

--- BKZ with beta=3, selecting lowest lee wt. vec ---
profile after BKZ: [16, 2, 1, 1, 1, 1, 1, 1, 1, 1, 1, 1, 1, 1, 1, 1]
16<=B_red1[0].wtL<=1008
B_red1[0].wtH=16, B_red1[0].wtL=302

--- LeeBKZ with beta=3, bkz with minimum_lee_wt_codeword+primitive ---
profile after BKZ: [17, 1, 1, 1, 1, 1, 1, 1, 1, 1, 1, 1, 1, 1, 1, 1]
17<=B_red2[0].wtL<=1071
B_red2[0].wtH=17, B_red2[0].wtL=329

--- LeeBKZ with beta=3, bkz with minimum_lee_wt_codeword (may be non-primitive) ---
profile after BKZ: [20, 1, 1, 1, 1, 1, 1, 1, 1, 1, 1, 1, 1, 0, 0, 0]
20<=B_red3[0].wtL<=1260
B_red3[0].wtH=20, B_red3[0].wtL=242

--- LeeBKZ with beta=3, bkz with minimum_lee_wt_codeword (revised projections) ---
profile after BKZ: [17, 2, 0, 1, 1, 1, 1, 1, 1, 1, 1, 1, 1, 1, 1, 1]
17<=B_red4[0].wtL<=1071
B_red4[0].wtH=17, B_red4[0].wtL=329
[  1   0   0   0   0   0   0   0   0   0   0   0   0   0   0   0  36  62  36  28  71  97  29  21 125   0 123  29 124  53  74  72]
[  0   1   0   0   0   0   0   0   0   0   0   0   0   0   0   0  46  86  85  54  89  34  21  53   8  57  68  64  30  11  96  43]
[  0   0   1   0   0   0   0   0   0   0   0   0   0   0   0   0 126  26  13  94  98  86   3  11  20  96 115  87  11  31  80 109]
[  0   0   0   1   0   0   0   0   0   0   0   0   0   0   0   0  79  32 123 124  68 117  33  43   0 109  98  64  90  16  54  65]
[  0   0   0   0   1   0   0   0   0   0   0   0   0   0   0   0  52 123  34  99  31  89 124  42  35  23 108  11 121  45  14  37]
[  0   0   0   0   0   1   0   0   0   0   0   0   0   0   0   0  70  74 107  97  51   0 119  67  87   6  73  83  73  57  42  54]
[  0   0   0   0   0   0   1   0   0   0   0   0   0   0   0   0  37  54  76  21  35  43  95 111  61  13   2  52  57 105  88  45]
[  0   0   0   0   0   0   0   1   0   0   0   0   0   0   0   0  35  88  70  17  34 120  29 111  55  80   1 102  32 100  77  77]
[  0   0   0   0   0   0   0   0   1   0   0   0   0   0   0   0  97 101  46  66  32  58  88  63  58  41  30  78  57 110  70  79]
[  0   0   0   0   0   0   0   0   0   1   0   0   0   0   0   0  90 126 101  96  67  82 103  49   2  60  18 126 120  30   0  73]
[  0   0   0   0   0   0   0   0   0   0   1   0   0   0   0   0  81  96  51 106   6  92  89  37  71  87  63  98 123 110 101  86]
[  0   0   0   0   0   0   0   0   0   0   0   1   0   0   0   0  63   5  84  42  86 117  79  88 118  67  89  28  41  17  34  18]
[  0   0   0   0   0   0   0   0   0   0   0   0   1   0   0   0 101  83  69  88  89  85  16 117  53 112 115 114  22  97 111  66]
[  0   0   0   0   0   0   0   0   0   0   0   0   0   1   0   0  97  53  65   1  94  66  43 121  61  62  85 115  98  24   6  77]
[  0   0   0   0   0   0   0   0   0   0   0   0   0   0   1   0  79  94  89   8  18  52  66  49   8  22  78  91  68  77  95  22]
[  0   0   0   0   0   0   0   0   0   0   0   0   0   0   0   1  33  16  20  44  50  36  50 117  77  81  12  82  35  86 111   0]
profile: [16, 2, 1, 1, 1, 1, 1, 1, 1, 1, 1, 1, 1, 1, 1, 1]
16<=B[0].wtL<=1008
B[0].wtH=16, B[0].wtL=498

--- BKZ with beta=3, classic ---
profile after BKZ: [16, 2, 1, 1, 1, 1, 1, 1, 1, 1, 1, 1, 1, 1, 1, 1]
16<=B_red[0].wtL<=1008
B_red[0].wtH=16, B_red[0].wtL=498

--- BKZ with beta=3, selecting lowest lee wt. vec ---
profile after BKZ: [16, 2, 1, 1, 1, 1, 1, 1, 1, 1, 1, 1, 1, 1, 1, 1]
16<=B_red1[0].wtL<=1008
B_red1[0].wtH=16, B_red1[0].wtL=498

--- LeeBKZ with beta=3, bkz with minimum_lee_wt_codeword+primitive ---
profile after BKZ: [17, 1, 1, 1, 1, 1, 1, 1, 1, 1, 1, 1, 1, 1, 1, 1]
17<=B_red2[0].wtL<=1071
B_red2[0].wtH=17, B_red2[0].wtL=342

--- LeeBKZ with beta=3, bkz with minimum_lee_wt_codeword (may be non-primitive) ---
profile after BKZ: [20, 1, 1, 1, 1, 1, 1, 1, 1, 1, 1, 1, 1, 0, 0, 0]
20<=B_red3[0].wtL<=1260
B_red3[0].wtH=20, B_red3[0].wtL=258

--- LeeBKZ with beta=3, bkz with minimum_lee_wt_codeword (revised projections) ---
profile after BKZ: [18, 1, 0, 1, 1, 1, 1, 1, 1, 1, 1, 1, 1, 1, 1, 1]
18<=B_red4[0].wtL<=1134
B_red4[0].wtH=18, B_red4[0].wtL=335


***************************************
******** STATISTICS FOR n=32 ********
***************************************

Modes:
(0) Input matrix (proper basis)
(1) Classic BKZ
(2) Classic BKZ + selecting lower Lee wt vec
(3) LEEBKZ + selecting primitive codeword of minimal Lee wt
(4) LEEBKZ + minimal Lee wt codeword without primitivity (InsertVector)
Reduced 10 matrices of size 16x32
(0): wtH[0]=16.9 wtL[0]=527.9
(1): wtH[0]=15.7 wtL[0]=476.4 time=10.152542638778687
(2): wtH[0]=15.7 wtL[0]=337.4 time=1359.0965783834458
(3): wtH[0]=17.0 wtL[0]=332.9 time=2843.136191749573
(4): wtH[0]=18.5 wtL[0]=238.0 time=3768.648758125305
[  1   0   0   0   0   0   0   0   0   0   0   0   0   0   0   0   0   0   0   0   0   0   0   0   0   0   0   0   0   0   0   0  74  27  18 123  76 109  18 114 117  32  31  45 100  73 124  20  32  43  52  46  93  24 116  25  95  92  27 115   6  35  59  83]
[  0   1   0   0   0   0   0   0   0   0   0   0   0   0   0   0   0   0   0   0   0   0   0   0   0   0   0   0   0   0   0   0 119  46 120  26  50  13  15  68   6 110  71  30  58  97 114  58  10 118 113 113 125 101  78  37   5 102  47  66  55  33  63   1]
[  0   0   1   0   0   0   0   0   0   0   0   0   0   0   0   0   0   0   0   0   0   0   0   0   0   0   0   0   0   0   0   0  49   3  61  38 121 115   6  65  97  79  10  77 107  83 118 124  32  70 117 108   5  93  91  20  54  81 101  16  71   8  94  58]
[  0   0   0   1   0   0   0   0   0   0   0   0   0   0   0   0   0   0   0   0   0   0   0   0   0   0   0   0   0   0   0   0 125  71  86  10  20  34  95  33  45  34  40  94  96  26  22 117  75  15  57  94  70 119 116  31  75   1 103  67 102 112  24  37]
[  0   0   0   0   1   0   0   0   0   0   0   0   0   0   0   0   0   0   0   0   0   0   0   0   0   0   0   0   0   0   0   0  45   1  87 126   3  23 100  95  37  61  56 114 124  41  17  83   7  43  66  75  84  32  99  60   3  17  90  49  70 104  45  90]
[  0   0   0   0   0   1   0   0   0   0   0   0   0   0   0   0   0   0   0   0   0   0   0   0   0   0   0   0   0   0   0   0  99  12  45  18  37 113  16  83  74  38  94  78 107  87  57   3  58 112 115 115  77 102  98  33  92  80  71 120  26  66  10   0]
[  0   0   0   0   0   0   1   0   0   0   0   0   0   0   0   0   0   0   0   0   0   0   0   0   0   0   0   0   0   0   0   0  77  79  71  59 100  77  45  25   4 123  22  41  95  25  87   5 123  93  20 126  44  42  18  19  37  86  84  65  10  58  72  94]
[  0   0   0   0   0   0   0   1   0   0   0   0   0   0   0   0   0   0   0   0   0   0   0   0   0   0   0   0   0   0   0   0  30  41  74  29  91  42  79 123 106  56 110  98  81  53  48  76  44   6  52  71 110  41  10  57  61 126  27 110 101  62 122 110]
[  0   0   0   0   0   0   0   0   1   0   0   0   0   0   0   0   0   0   0   0   0   0   0   0   0   0   0   0   0   0   0   0  69  19  30  97  26  59  76  49  52  48  46  99  69  83  43  39 110  95  13  22   3  45   8  85 125 103  72 100  73  44  82  60]
[  0   0   0   0   0   0   0   0   0   1   0   0   0   0   0   0   0   0   0   0   0   0   0   0   0   0   0   0   0   0   0   0 105  23  91  36   2 119  54  86   4  36 119 125  45  28 101  47 123  49  74  80  34  55  30  40  28  14  23  16  75  75  13  49]
[  0   0   0   0   0   0   0   0   0   0   1   0   0   0   0   0   0   0   0   0   0   0   0   0   0   0   0   0   0   0   0   0  15  97  56  14  24 106  72  53 112  60  67  96  83  60 110  48  44  20   7  84 109  81  78  99  16  21  51  81  53  99  41  66]
[  0   0   0   0   0   0   0   0   0   0   0   1   0   0   0   0   0   0   0   0   0   0   0   0   0   0   0   0   0   0   0   0  76  33  64  48  56  14 117  25 111  29 103  79  40 120  10  34  61  99  20 117 125  77  73 122 109 113  48  51  39  28  96  12]
[  0   0   0   0   0   0   0   0   0   0   0   0   1   0   0   0   0   0   0   0   0   0   0   0   0   0   0   0   0   0   0   0 126 126 108  86  87  98  46  47  76   1  77   3 114  83  31  41  88   3  76  84  50 115   1  92  15  40  59  30  55  81  92  91]
[  0   0   0   0   0   0   0   0   0   0   0   0   0   1   0   0   0   0   0   0   0   0   0   0   0   0   0   0   0   0   0   0   6  11  36 109 104 112  94  38 110 108  43  33 113  33  94  15   9  73  81  18  91 103  89  53  24  82  54  25  44   1  95  47]
[  0   0   0   0   0   0   0   0   0   0   0   0   0   0   1   0   0   0   0   0   0   0   0   0   0   0   0   0   0   0   0   0 118 117   8  83 111 126  98  31 123  94 121 126  64   6 125 123   9  96 118 119  46  19  95  44 120  60  35  50  81  45   5 111]
[  0   0   0   0   0   0   0   0   0   0   0   0   0   0   0   1   0   0   0   0   0   0   0   0   0   0   0   0   0   0   0   0  52  80 100 105   5  21 122  23  30  18  32 104 113 114 114 104  98 106  57  82  91 115  38   8  55  62  29 125  11 103  69  63]
[  0   0   0   0   0   0   0   0   0   0   0   0   0   0   0   0   1   0   0   0   0   0   0   0   0   0   0   0   0   0   0   0  21  69  50  24  37  23  56  33 122  59  86  22  64  37  16 104 102  17   2  86  14  15   5  72  49   3  95  21  72  45  62  22]
[  0   0   0   0   0   0   0   0   0   0   0   0   0   0   0   0   0   1   0   0   0   0   0   0   0   0   0   0   0   0   0   0  37  43  78  74  83  81  72  77   5  51 110  20   5  47   4  55  32 103 122  45  69  90  69 100  23  51  67  50  14  51  46  78]
[  0   0   0   0   0   0   0   0   0   0   0   0   0   0   0   0   0   0   1   0   0   0   0   0   0   0   0   0   0   0   0   0   4   9  81  37  68  29   3  97   5  73 121   5  31  80  53 104  91 115  33  14  30  68  87  30  68  15 110 123  63  17  11  82]
[  0   0   0   0   0   0   0   0   0   0   0   0   0   0   0   0   0   0   0   1   0   0   0   0   0   0   0   0   0   0   0   0 106 119  77  95  39  16  23  40  45 118  54  68 106  69  20 118 106  56  76 105  79   4  88 126  56  21 119  99  73  17  50  14]
[  0   0   0   0   0   0   0   0   0   0   0   0   0   0   0   0   0   0   0   0   1   0   0   0   0   0   0   0   0   0   0   0  31  83   7  17  96  24  88  82 100  82  27  65  65  36 121  69  47 110 103  47  53  48  90  97  76  10  17  77 112 122 124  39]
[  0   0   0   0   0   0   0   0   0   0   0   0   0   0   0   0   0   0   0   0   0   1   0   0   0   0   0   0   0   0   0   0  13   5 108  41 104 124 121  20  22  28  13  22   5  13  50 102   6  71   3  42  30 114  17  87  87  82  17  65  84 123  39   4]
[  0   0   0   0   0   0   0   0   0   0   0   0   0   0   0   0   0   0   0   0   0   0   1   0   0   0   0   0   0   0   0   0  70 105   5  18 125  46  66 118  12   2  40  41 122  52  83 101  94  55  99  57   2  18  64 123 126  43  63  16 121  75  50  56]
[  0   0   0   0   0   0   0   0   0   0   0   0   0   0   0   0   0   0   0   0   0   0   0   1   0   0   0   0   0   0   0   0  17   0  72  12  99  80  60  13  50 125  83  93   6  97 111  91  75  19   5  48  71  64  25  70  95  61   8  56  77  20  41  99]
[  0   0   0   0   0   0   0   0   0   0   0   0   0   0   0   0   0   0   0   0   0   0   0   0   1   0   0   0   0   0   0   0  12 125  78  51 123  22  83 116 106  34  54  35  40 109  51  91  28  18  82 106   4  62  58  69  79  52 112  56  89  39   6 101]
[  0   0   0   0   0   0   0   0   0   0   0   0   0   0   0   0   0   0   0   0   0   0   0   0   0   1   0   0   0   0   0   0   4  27 110  69  66  81  45  88  67 125  61  26  29  89  76  20  37 123  54  38  23  34 120 103  61  31  74  72  37  49  52  54]
[  0   0   0   0   0   0   0   0   0   0   0   0   0   0   0   0   0   0   0   0   0   0   0   0   0   0   1   0   0   0   0   0  34  12  92  13  37   3   0 109  13  18  74  36  75  90   6 108 116  83  46   6 126  13 100 126  82 111  51   2 105  81  17  31]
[  0   0   0   0   0   0   0   0   0   0   0   0   0   0   0   0   0   0   0   0   0   0   0   0   0   0   0   1   0   0   0   0  54 125  44 109  89  91  31  53  66  44  13  20  91  61  68   9  35 124  84 106  35  94  35 116  92  56  80  43 113 124 118  22]
[  0   0   0   0   0   0   0   0   0   0   0   0   0   0   0   0   0   0   0   0   0   0   0   0   0   0   0   0   1   0   0   0  45 122  52 102  31  22  64  16  11  91  60  95 122  17  90  26  36  13 111  17   6  96  96 102  24  99  18  93  24 120  83 100]
[  0   0   0   0   0   0   0   0   0   0   0   0   0   0   0   0   0   0   0   0   0   0   0   0   0   0   0   0   0   1   0   0  76  59  89   5  93  70  92  45  75  64  63 102   5 108  55   2  54  16  15  18 120 109  24  87 121   9  18 108  26  53 122  56]
[  0   0   0   0   0   0   0   0   0   0   0   0   0   0   0   0   0   0   0   0   0   0   0   0   0   0   0   0   0   0   1   0  54  46 105  60 106  67  12 119   2  69 105  90  51  38  88   7  65  45  25 102  47  94  65  88  27  75 116 111  72  97  79 107]
[  0   0   0   0   0   0   0   0   0   0   0   0   0   0   0   0   0   0   0   0   0   0   0   0   0   0   0   0   0   0   0   1 107   9  41 117  90  72  10 114  88   8  14  58  84  55  11  55  91 125  88  81  76  84   0 122  31  18  22 124  36  46  93  85]
profile: [33, 1, 1, 1, 1, 1, 1, 1, 1, 1, 1, 1, 1, 1, 1, 1, 1, 1, 1, 1, 1, 1, 1, 1, 1, 1, 1, 1, 1, 1, 1, 1]
33<=B[0].wtL<=2079
B[0].wtH=33, B[0].wtL=942

--- BKZ with beta=3, classic ---
profile after BKZ: [31, 3, 1, 1, 1, 1, 1, 1, 1, 1, 1, 1, 1, 1, 1, 1, 1, 1, 1, 1, 1, 1, 1, 1, 1, 1, 1, 1, 1, 1, 1, 1]
31<=B_red[0].wtL<=1953
B_red[0].wtH=31, B_red[0].wtL=965

--- BKZ with beta=3, selecting lowest lee wt. vec ---
profile after BKZ: [31, 3, 1, 1, 1, 1, 1, 1, 1, 1, 1, 1, 1, 1, 1, 1, 1, 1, 1, 1, 1, 1, 1, 1, 1, 1, 1, 1, 1, 1, 1, 1]
31<=B_red1[0].wtL<=1953
B_red1[0].wtH=31, B_red1[0].wtL=752

--- LeeBKZ with beta=3, bkz with minimum_lee_wt_codeword+primitive ---
profile after BKZ: [33, 1, 1, 1, 1, 1, 1, 1, 1, 1, 1, 1, 1, 1, 1, 1, 1, 1, 1, 1, 1, 1, 1, 1, 1, 1, 1, 1, 1, 1, 1, 1]
33<=B_red2[0].wtL<=2079
B_red2[0].wtH=33, B_red2[0].wtL=700

--- LeeBKZ with beta=3, bkz with minimum_lee_wt_codeword (may be non-primitive) ---
profile after BKZ: [35, 1, 1, 1, 1, 1, 1, 1, 1, 1, 1, 1, 1, 1, 1, 1, 1, 1, 1, 1, 1, 1, 1, 1, 1, 1, 1, 1, 1, 1, 0, 0]
35<=B_red3[0].wtL<=2205
B_red3[0].wtH=35, B_red3[0].wtL=617

--- LeeBKZ with beta=3, bkz with minimum_lee_wt_codeword (revised projections) ---
profile after BKZ: [33, 2, 0, 1, 1, 1, 1, 1, 1, 1, 1, 1, 1, 1, 1, 1, 1, 1, 1, 1, 1, 1, 1, 1, 1, 1, 1, 1, 1, 1, 1, 1]
33<=B_red4[0].wtL<=2079
B_red4[0].wtH=33, B_red4[0].wtL=700
[  1   0   0   0   0   0   0   0   0   0   0   0   0   0   0   0   0   0   0   0   0   0   0   0   0   0   0   0   0   0   0   0  78 118  95  34 113  92  95 123  22 114 105 120 106  57  29  97  80  45  91 107  72  64  82  62  25  16 102   9 110 108 100  86]
[  0   1   0   0   0   0   0   0   0   0   0   0   0   0   0   0   0   0   0   0   0   0   0   0   0   0   0   0   0   0   0   0 115  97  59  45  99  95  99  74  83  15  29  46 124 116  70  83  46  28  44 119  25   2  30  27  93  68  17 107  64  19 116  82]
[  0   0   1   0   0   0   0   0   0   0   0   0   0   0   0   0   0   0   0   0   0   0   0   0   0   0   0   0   0   0   0   0  21  76  18  82 101  24  44  73  17  60  52  69  14  53 113   9  93  16  91  10 110  37  94 125  19 122   1   2  45  34  43  40]
[  0   0   0   1   0   0   0   0   0   0   0   0   0   0   0   0   0   0   0   0   0   0   0   0   0   0   0   0   0   0   0   0 106  95  87 120 115  64  35 114  81  92  71  17  30  97  47   6  66  81  92   5  53 115  42  66  40 116  50 107  42  24  76  41]
[  0   0   0   0   1   0   0   0   0   0   0   0   0   0   0   0   0   0   0   0   0   0   0   0   0   0   0   0   0   0   0   0 110   3  65 117  46  40   9   4  65  15 111   8   0 120 115 111  46  69  94  45  83 116  96  79  77  79  13  64 110 115  47  72]
[  0   0   0   0   0   1   0   0   0   0   0   0   0   0   0   0   0   0   0   0   0   0   0   0   0   0   0   0   0   0   0   0  84  32  80   0  99   1  67  60 126 119  22  96 104 109  42   6  27  36  26  63  52  82 105  10  82   9  68  99  21 102   5  44]
[  0   0   0   0   0   0   1   0   0   0   0   0   0   0   0   0   0   0   0   0   0   0   0   0   0   0   0   0   0   0   0   0  44  89 125 125  25  96  66  12  40 122 124  66  10  90  77 108  93  37 104 123  35  39  64 106  94   0  70 126 104  74  56  75]
[  0   0   0   0   0   0   0   1   0   0   0   0   0   0   0   0   0   0   0   0   0   0   0   0   0   0   0   0   0   0   0   0  66  10   8 111  97 117  54  45 106  11  27   5  60  38   4  30 107  52  55  42  74 119 102  81 123  65  50  16   0  13 108  30]
[  0   0   0   0   0   0   0   0   1   0   0   0   0   0   0   0   0   0   0   0   0   0   0   0   0   0   0   0   0   0   0   0  91  18  98 124  74  29  45 116  77   3  42  82  47  64  57 102  11  60  68  50  93   9  60  35  62  28 101  88  28  40 114  53]
[  0   0   0   0   0   0   0   0   0   1   0   0   0   0   0   0   0   0   0   0   0   0   0   0   0   0   0   0   0   0   0   0 123  64  95  27  49  37  50  54  26  41  57 110  44  39  74  33  72  94   4  10  93  36   8  56 121 123  25  81  21  97  95  92]
[  0   0   0   0   0   0   0   0   0   0   1   0   0   0   0   0   0   0   0   0   0   0   0   0   0   0   0   0   0   0   0   0 110  80   8  73  21  14  84  17 105  91  20 102  26  57  35  56  83  40  59  60  70 101  27  43  12 110  51  96  53  51  30  66]
[  0   0   0   0   0   0   0   0   0   0   0   1   0   0   0   0   0   0   0   0   0   0   0   0   0   0   0   0   0   0   0   0 118  34 115  78  11 122  72  16   7 109  35 111 111  17  76 105  44 115  21   4   7  36  85  94  36  50  78  34 108  99  33  62]
[  0   0   0   0   0   0   0   0   0   0   0   0   1   0   0   0   0   0   0   0   0   0   0   0   0   0   0   0   0   0   0   0  97  73   1  61  15  30 102  50  21  74  41 105 104  83  65 119  34  71  43  58  95  71   9  40  90  87  78   2  64 116  39  53]
[  0   0   0   0   0   0   0   0   0   0   0   0   0   1   0   0   0   0   0   0   0   0   0   0   0   0   0   0   0   0   0   0  14  44   2  37  12 114  67 109 102  88 101  40 107 111  20  98 126 100 105 113  73  31  40 107  34 110 107  28 113  40  17  16]
[  0   0   0   0   0   0   0   0   0   0   0   0   0   0   1   0   0   0   0   0   0   0   0   0   0   0   0   0   0   0   0   0  25  92  64 102  13  62  84  52  58  60  64 126  32  14  67  46  70 125  54  32  16 107   5  17  32 123   4  84  85  61  80  99]
[  0   0   0   0   0   0   0   0   0   0   0   0   0   0   0   1   0   0   0   0   0   0   0   0   0   0   0   0   0   0   0   0 102   6 114 126 125 122  97  16   2  11  42  85 117  14   7 113  89  71  37 108  47  61  52  30  16  97  90  24   7  88  53   6]
[  0   0   0   0   0   0   0   0   0   0   0   0   0   0   0   0   1   0   0   0   0   0   0   0   0   0   0   0   0   0   0   0   8 107   2   4  15  20  66 110  10  82  86  36  53  96  37 102  94  19 112  44  41  45   3  22   0 126  82 111  53  65  24  51]
[  0   0   0   0   0   0   0   0   0   0   0   0   0   0   0   0   0   1   0   0   0   0   0   0   0   0   0   0   0   0   0   0  33  11  92  98  80  25  17 119 121  61  90  67 104  75  57 111  16 114  78 106  88 113 105  98  70  39  92 119  39   5   6  79]
[  0   0   0   0   0   0   0   0   0   0   0   0   0   0   0   0   0   0   1   0   0   0   0   0   0   0   0   0   0   0   0   0  31 122  71  62  80  59  24  32  25   9  33 105  12  93  28  62  97  18 108   8   0  71  17 106  36  70  53  21  13  97 116  86]
[  0   0   0   0   0   0   0   0   0   0   0   0   0   0   0   0   0   0   0   1   0   0   0   0   0   0   0   0   0   0   0   0 124   2  57  88  29 115  77  58  88 111  97  51 124  69  24   4  68  53  51 106  94  80 121 116  73 124  80  19 113  34  40  42]
[  0   0   0   0   0   0   0   0   0   0   0   0   0   0   0   0   0   0   0   0   1   0   0   0   0   0   0   0   0   0   0   0  42 120  47  61  73  59  52 111 100  39  71   8  41  53  39  14 118  98 103  82  70 120  92  62  30  34 106  89   1  84  56  79]
[  0   0   0   0   0   0   0   0   0   0   0   0   0   0   0   0   0   0   0   0   0   1   0   0   0   0   0   0   0   0   0   0 110  99 123 119  85  41  35  57  68  34  54 113  71  67  37 105  52  94 111 106 104 122 109  18  78  29  70  90 112  69  97 119]
[  0   0   0   0   0   0   0   0   0   0   0   0   0   0   0   0   0   0   0   0   0   0   1   0   0   0   0   0   0   0   0   0  61   6  62 101 124 113  51  38 115  67  32  92  44 120 126  79  71 111  46  54  34 106  75 122  11  30   5  32  69  82  97  93]
[  0   0   0   0   0   0   0   0   0   0   0   0   0   0   0   0   0   0   0   0   0   0   0   1   0   0   0   0   0   0   0   0  75  48  23  54  44  53  99 114 102  23  29  52  43  22  69  74  20 110  90  81  94  90 105  88  31  47  99  12  90  95  65  77]
[  0   0   0   0   0   0   0   0   0   0   0   0   0   0   0   0   0   0   0   0   0   0   0   0   1   0   0   0   0   0   0   0  64  10 117 104  20  30  77 119 114  62  91  71  26  40  78  30  53 104  34  34  96  10 122  76  20  20  31  64  51  74  16  99]
[  0   0   0   0   0   0   0   0   0   0   0   0   0   0   0   0   0   0   0   0   0   0   0   0   0   1   0   0   0   0   0   0  65  66  86 113  42  64 108  90  99  10  88  81  31  46 108  94  63  74  17   6  62 126  13 104  85 106  56  32  11  49 123  86]
[  0   0   0   0   0   0   0   0   0   0   0   0   0   0   0   0   0   0   0   0   0   0   0   0   0   0   1   0   0   0   0   0  98  23 109 106  12  46  68 109  39  82  83  15 126  99  62  90  98   1   3 106  51  90  15  77 104  89 116   8 105 125 107  83]
[  0   0   0   0   0   0   0   0   0   0   0   0   0   0   0   0   0   0   0   0   0   0   0   0   0   0   0   1   0   0   0   0  26  31  37  52 106   7  36  66  40  79  91 117   3  52  70  42  67  58  38   8  79 115  96  57 110   1  19  39 124  43  60  13]
[  0   0   0   0   0   0   0   0   0   0   0   0   0   0   0   0   0   0   0   0   0   0   0   0   0   0   0   0   1   0   0   0 119  79  16  82  87  80 126  72  44  64 121  41  17 100 114  72   8  12   0   4  40  74  16  97  78  81  32  94 120  72  17  90]
[  0   0   0   0   0   0   0   0   0   0   0   0   0   0   0   0   0   0   0   0   0   0   0   0   0   0   0   0   0   1   0   0 110  56  57 106  33  85  37  24 102 120   8  25  40  69  85  32  61  34  12  69  94  23   7  77 107  16  51  32  96 109 122  97]
[  0   0   0   0   0   0   0   0   0   0   0   0   0   0   0   0   0   0   0   0   0   0   0   0   0   0   0   0   0   0   1   0  86  65  21  46  87  59   9  75  99  43   2  18  96 107  56  46  62  57  42 124  54   6  64   6  40  88  61  12  20  43  91  92]
[  0   0   0   0   0   0   0   0   0   0   0   0   0   0   0   0   0   0   0   0   0   0   0   0   0   0   0   0   0   0   0   1  60 105  21  50  40  94 115  77  83   3  93  50   8  98  76 116 110  24  41  87 101 110  73  89  15  41   6  58  51  16  13  59]
profile: [33, 1, 1, 1, 1, 1, 1, 1, 1, 1, 1, 1, 1, 1, 1, 1, 1, 1, 1, 1, 1, 1, 1, 1, 1, 1, 1, 1, 1, 1, 1, 1]
33<=B[0].wtL<=2079
B[0].wtH=33, B[0].wtL=963

--- BKZ with beta=3, classic ---
profile after BKZ: [30, 4, 1, 1, 1, 1, 1, 1, 1, 1, 1, 1, 1, 1, 1, 1, 1, 1, 1, 1, 1, 1, 1, 1, 1, 1, 1, 1, 1, 1, 1, 1]
30<=B_red[0].wtL<=1890
B_red[0].wtH=30, B_red[0].wtL=1013

--- BKZ with beta=3, selecting lowest lee wt. vec ---
profile after BKZ: [30, 4, 1, 1, 1, 1, 1, 1, 1, 1, 1, 1, 1, 1, 1, 1, 1, 1, 1, 1, 1, 1, 1, 1, 1, 1, 1, 1, 1, 1, 1, 1]
30<=B_red1[0].wtL<=1890
B_red1[0].wtH=30, B_red1[0].wtL=743

--- LeeBKZ with beta=3, bkz with minimum_lee_wt_codeword+primitive ---
profile after BKZ: [33, 1, 1, 1, 1, 1, 1, 1, 1, 1, 1, 1, 1, 1, 1, 1, 1, 1, 1, 1, 1, 1, 1, 1, 1, 1, 1, 1, 1, 1, 1, 1]
33<=B_red2[0].wtL<=2079
B_red2[0].wtH=33, B_red2[0].wtL=651

--- LeeBKZ with beta=3, bkz with minimum_lee_wt_codeword (may be non-primitive) ---
profile after BKZ: [34, 1, 1, 1, 1, 1, 1, 1, 1, 1, 1, 1, 1, 1, 1, 1, 1, 1, 1, 1, 1, 1, 1, 1, 1, 1, 1, 1, 1, 1, 1, 0]
34<=B_red3[0].wtL<=2142
B_red3[0].wtH=34, B_red3[0].wtL=492

--- LeeBKZ with beta=3, bkz with minimum_lee_wt_codeword (revised projections) ---
profile after BKZ: [33, 2, 0, 1, 1, 1, 1, 1, 1, 1, 1, 1, 1, 1, 1, 1, 1, 1, 1, 1, 1, 1, 1, 1, 1, 1, 1, 1, 1, 1, 1, 1]
33<=B_red4[0].wtL<=2079
B_red4[0].wtH=33, B_red4[0].wtL=651
[  1   0   0   0   0   0   0   0   0   0   0   0   0   0   0   0   0   0   0   0   0   0   0   0   0   0   0   0   0   0   0   0  16  16  84  91  78 115 117  46 122  17  88  10  43  83  61  48 101  63  38  30  35  72  24   7   6  22 108  41  54  36  23 121]
[  0   1   0   0   0   0   0   0   0   0   0   0   0   0   0   0   0   0   0   0   0   0   0   0   0   0   0   0   0   0   0   0  91 122   5  72 104   6  49  67  73  27  74   8  41  36  80   6  55  83  37  68  49  82 116  23  60 101  16  49  22  25  93  63]
[  0   0   1   0   0   0   0   0   0   0   0   0   0   0   0   0   0   0   0   0   0   0   0   0   0   0   0   0   0   0   0   0  37 123   7 122 122  28  86  79  38  41   8  57 106  23  75  24  42  86  55 124  38  20 107  22 119 119  67  83   4  16 103 124]
[  0   0   0   1   0   0   0   0   0   0   0   0   0   0   0   0   0   0   0   0   0   0   0   0   0   0   0   0   0   0   0   0 115 107  67  21  48  98   4 106 120 117 114  15  18  50 121  32  24  82  48   4  16 121  91  72 105  96  65 109  41  96 117  93]
[  0   0   0   0   1   0   0   0   0   0   0   0   0   0   0   0   0   0   0   0   0   0   0   0   0   0   0   0   0   0   0   0  11   9 103  62  48  21  51   5  53 107  48  40  80   4  99  55 119  88 114  57  70 106  12  37  76  57  95 100   2  80  95  81]
[  0   0   0   0   0   1   0   0   0   0   0   0   0   0   0   0   0   0   0   0   0   0   0   0   0   0   0   0   0   0   0   0  59  35  46  83 125  62 106  59  23  60   0  84  69  92 112 109  73 110  56  86  31  71 114  44 113  57  95 122   7  67  96 124]
[  0   0   0   0   0   0   1   0   0   0   0   0   0   0   0   0   0   0   0   0   0   0   0   0   0   0   0   0   0   0   0   0  86  96  69 114  62  86  77 107  21  17  42  51  93  17   1  73  69  77  77  42  54  52   6  96  78  53  65  54   6  60  83  59]
[  0   0   0   0   0   0   0   1   0   0   0   0   0   0   0   0   0   0   0   0   0   0   0   0   0   0   0   0   0   0   0   0  54 104 125 124  95 119 120  82   4  44 121 104 103  82 105  87  80  42  90  62  61  40  43  30  98  83 103  45  29   5  97  45]
[  0   0   0   0   0   0   0   0   1   0   0   0   0   0   0   0   0   0   0   0   0   0   0   0   0   0   0   0   0   0   0   0  21  33  66  91  68  32   1   1  31  70  36  68  65  41  48  28  75 106  73  69 126  57   9  42  24  37  23   1  62 106  38  85]
[  0   0   0   0   0   0   0   0   0   1   0   0   0   0   0   0   0   0   0   0   0   0   0   0   0   0   0   0   0   0   0   0  63  76  32  27 121   9  70  25  87  26  28 106  99  47  14 107  47  59  78 114  40 111  61  23 108  49  42  91  52  32  69 102]
[  0   0   0   0   0   0   0   0   0   0   1   0   0   0   0   0   0   0   0   0   0   0   0   0   0   0   0   0   0   0   0   0  35  91  26 125 117  66  83  85  95   9 110  81 113  14 111  33  24 105  38  32 106   8  82   1   8 122  67 120 118 100  11  90]
[  0   0   0   0   0   0   0   0   0   0   0   1   0   0   0   0   0   0   0   0   0   0   0   0   0   0   0   0   0   0   0   0  26 117  18  30  18 125  80  71 126  93  43  86  17 126  47 123   8  79   4  61  68  94  39 116 120  75  78  66  58 123  58  33]
[  0   0   0   0   0   0   0   0   0   0   0   0   1   0   0   0   0   0   0   0   0   0   0   0   0   0   0   0   0   0   0   0  97  20 118  18   9  76  28  78  59 111   3  59 109  24  14  82  33  26 108  83   7 103  36  24  24  58  24 104   1 100 120  89]
[  0   0   0   0   0   0   0   0   0   0   0   0   0   1   0   0   0   0   0   0   0   0   0   0   0   0   0   0   0   0   0   0  61  67  63  55   4   8 109  19  79  76 125 112  45  91  63 113  15  45  56   3  27  19  51 106   3 112  31  73  24  45  99  15]
[  0   0   0   0   0   0   0   0   0   0   0   0   0   0   1   0   0   0   0   0   0   0   0   0   0   0   0   0   0   0   0   0 107 104  61  21 112  38  28  16 122  70 121  16   8 119  68 102  23  86  97 113  50  88 125  16  23 120 104  28  69 107 117  16]
[  0   0   0   0   0   0   0   0   0   0   0   0   0   0   0   1   0   0   0   0   0   0   0   0   0   0   0   0   0   0   0   0 102  87   9 105 107 107  53 115  67  84   8  70 117   3  81   8  77  81  48 108  86 111  19  93  94  75  81  14 113   3  62  72]
[  0   0   0   0   0   0   0   0   0   0   0   0   0   0   0   0   1   0   0   0   0   0   0   0   0   0   0   0   0   0   0   0   6   5  31  11  51  40  62  14  27 104  15  76 100  76 120  53   1 106  67 116  46  89 124 103  44  44  41  17 116  70  62  34]
[  0   0   0   0   0   0   0   0   0   0   0   0   0   0   0   0   0   1   0   0   0   0   0   0   0   0   0   0   0   0   0   0  61  54  10  11  76  10  76 126  68 118  13   5  59  81  59  90  96  45  94  59  54  44  68 116  59  99  38 111  40  72  62  26]
[  0   0   0   0   0   0   0   0   0   0   0   0   0   0   0   0   0   0   1   0   0   0   0   0   0   0   0   0   0   0   0   0  21 126  27  83  55  26 112  73   0 120  34 125   1  93  14  57  89 105  19   4  67  20  43  38  96  25  52  87  31  95  56   4]
[  0   0   0   0   0   0   0   0   0   0   0   0   0   0   0   0   0   0   0   1   0   0   0   0   0   0   0   0   0   0   0   0  93  12 109  85  79 115  13  31  14  25  73  19  99  41  61  20 118  15 121 123  40 106   0  34 107  67 114  92  87  80 106  46]
[  0   0   0   0   0   0   0   0   0   0   0   0   0   0   0   0   0   0   0   0   1   0   0   0   0   0   0   0   0   0   0   0  46   4  83  13   0  64  39  48 110 121  37  60  23 116  62   6  40  92  17  31  90  82  73  42  14  22   6  73  58  74  68  52]
[  0   0   0   0   0   0   0   0   0   0   0   0   0   0   0   0   0   0   0   0   0   1   0   0   0   0   0   0   0   0   0   0  19  86 124 109  97  48 117  82  49 126  71  60  16  53   2  63  52   2  68  31  67  41  93 116  90  42  77 104  39 110  53  27]
[  0   0   0   0   0   0   0   0   0   0   0   0   0   0   0   0   0   0   0   0   0   0   1   0   0   0   0   0   0   0   0   0  32   7 120 113 126  58  15  72  95 101  67 118  91  83  87  78 116  76 100  52  17 107  12   0  78  62  69  50  47  44  73  51]
[  0   0   0   0   0   0   0   0   0   0   0   0   0   0   0   0   0   0   0   0   0   0   0   1   0   0   0   0   0   0   0   0  84  77  81  13  44 101  54  41 119   1   3  88  84  20   6 101 110 126  43 123  15  17  85  97  30  34  88  36   8  65   7 118]
[  0   0   0   0   0   0   0   0   0   0   0   0   0   0   0   0   0   0   0   0   0   0   0   0   1   0   0   0   0   0   0   0 117  29  80  77  50 107  36 114 125 123  64  83  24  48  82   3   0  93   0 115  84 101  26  81  43  93 117 103  94 109  41  21]
[  0   0   0   0   0   0   0   0   0   0   0   0   0   0   0   0   0   0   0   0   0   0   0   0   0   1   0   0   0   0   0   0  50 119  73  63  91  56   6  17  61 121 113  21  74  18  42  33  49  39 122  13 108  41  85  94  60  95 103  65  17  51  37  21]
[  0   0   0   0   0   0   0   0   0   0   0   0   0   0   0   0   0   0   0   0   0   0   0   0   0   0   1   0   0   0   0   0   5  91 105  72  79  28  69  98  40  83  70  58  70  10  63  64  74  42   8  43  70  22  66  56  89 107 118  52  38 120 115  66]
[  0   0   0   0   0   0   0   0   0   0   0   0   0   0   0   0   0   0   0   0   0   0   0   0   0   0   0   1   0   0   0   0  99 107  11  21  54  37 100 122   7  15  13  14 101  89 116  45  19  53  96 113  44 104  42  12 126  71  65 105 101  29 118 102]
[  0   0   0   0   0   0   0   0   0   0   0   0   0   0   0   0   0   0   0   0   0   0   0   0   0   0   0   0   1   0   0   0  16  65  33  87  78  95  15  82   9 123   5  17 115  11  20 119  31  94 125  63  70 114 116   8  33  44  78  29  66 121  62  29]
[  0   0   0   0   0   0   0   0   0   0   0   0   0   0   0   0   0   0   0   0   0   0   0   0   0   0   0   0   0   1   0   0  21  25  53  42   5  40  97  79 107  65 106  98   6  30  13   3  94  40  71  15 125 114 123  28  66 114  15  20  45  30  78  22]
[  0   0   0   0   0   0   0   0   0   0   0   0   0   0   0   0   0   0   0   0   0   0   0   0   0   0   0   0   0   0   1   0  82  82 114 122   4 122  14 103  86   9  25 119  55  21  91  74  90  12  46  95  56  52 105  80  94  92  59  22 112  64  49  35]
[  0   0   0   0   0   0   0   0   0   0   0   0   0   0   0   0   0   0   0   0   0   0   0   0   0   0   0   0   0   0   0   1 123  68 105  53 108  44  97 113   7  42  38   4  77 107 120  50  85  22  21   5  11  71 118 104  39  75  94 104  31  78  36  97]
profile: [33, 1, 1, 1, 1, 1, 1, 1, 1, 1, 1, 1, 1, 1, 1, 1, 1, 1, 1, 1, 1, 1, 1, 1, 1, 1, 1, 1, 1, 1, 1, 1]
33<=B[0].wtL<=2079
B[0].wtH=33, B[0].wtL=981

--- BKZ with beta=3, classic ---
profile after BKZ: [31, 3, 1, 1, 1, 1, 1, 1, 1, 1, 1, 1, 1, 1, 1, 1, 1, 1, 1, 1, 1, 1, 1, 1, 1, 1, 1, 1, 1, 1, 1, 1]
31<=B_red[0].wtL<=1953
B_red[0].wtH=31, B_red[0].wtL=964

--- BKZ with beta=3, selecting lowest lee wt. vec ---
profile after BKZ: [31, 3, 1, 1, 1, 1, 1, 1, 1, 1, 1, 1, 1, 1, 1, 1, 1, 1, 1, 1, 1, 1, 1, 1, 1, 1, 1, 1, 1, 1, 1, 1]
31<=B_red1[0].wtL<=1953
B_red1[0].wtH=31, B_red1[0].wtL=631

--- LeeBKZ with beta=3, bkz with minimum_lee_wt_codeword+primitive ---
profile after BKZ: [33, 1, 1, 1, 1, 1, 1, 1, 1, 1, 1, 1, 1, 1, 1, 1, 1, 1, 1, 1, 1, 1, 1, 1, 1, 1, 1, 1, 1, 1, 1, 1]
33<=B_red2[0].wtL<=2079
B_red2[0].wtH=33, B_red2[0].wtL=726

--- LeeBKZ with beta=3, bkz with minimum_lee_wt_codeword (may be non-primitive) ---
profile after BKZ: [35, 1, 1, 1, 1, 1, 1, 1, 1, 1, 1, 1, 1, 1, 1, 1, 1, 1, 1, 1, 1, 1, 1, 1, 1, 1, 1, 1, 1, 1, 0, 0]
35<=B_red3[0].wtL<=2205
B_red3[0].wtH=35, B_red3[0].wtL=588

--- LeeBKZ with beta=3, bkz with minimum_lee_wt_codeword (revised projections) ---
profile after BKZ: [33, 3, 0, 1, 0, 1, 1, 1, 1, 1, 1, 1, 1, 1, 1, 1, 1, 1, 1, 1, 1, 1, 1, 1, 1, 1, 1, 1, 1, 1, 1, 1]
33<=B_red4[0].wtL<=2079
B_red4[0].wtH=33, B_red4[0].wtL=726
[  1   0   0   0   0   0   0   0   0   0   0   0   0   0   0   0   0   0   0   0   0   0   0   0   0   0   0   0   0   0   0   0   0  85  47 116  91  21   1 106  45  83  79 110  97 118  77 110  14  26  92  41  54  25   1  29 103  66  30   2  46  70  49  89]
[  0   1   0   0   0   0   0   0   0   0   0   0   0   0   0   0   0   0   0   0   0   0   0   0   0   0   0   0   0   0   0   0 102  34  75 116  27  86  28  28  32   6 100  17 117  68   4  18  19  19  72  70 120  12  73  90 100  76 101  95  78 100 117  44]
[  0   0   1   0   0   0   0   0   0   0   0   0   0   0   0   0   0   0   0   0   0   0   0   0   0   0   0   0   0   0   0   0  12  51  65  91  72  69  50  86 107  83  77  99   1 114  98  42  28  26 114  77  42  28   0  88 109  84  61  40 122  11  28  71]
[  0   0   0   1   0   0   0   0   0   0   0   0   0   0   0   0   0   0   0   0   0   0   0   0   0   0   0   0   0   0   0   0 120   8  43  23  90  45 107  97  89   7  26  90 119  73  47  72 102 111   5  68  15  38  62  47   2  73  72  66   6  80 102  99]
[  0   0   0   0   1   0   0   0   0   0   0   0   0   0   0   0   0   0   0   0   0   0   0   0   0   0   0   0   0   0   0   0  86   2 118  82  12  63  13  94  47  48  87  95  62 114 104  91  19 121 111   7  21 121  62  64  15  84   8  64  55 117  57 112]
[  0   0   0   0   0   1   0   0   0   0   0   0   0   0   0   0   0   0   0   0   0   0   0   0   0   0   0   0   0   0   0   0  42  20  99  53  46  67 120  99  78  97   4  86  86  67 101 103 101 119  71 102  68  83  62 118  59 122  25  54  23  89 100  78]
[  0   0   0   0   0   0   1   0   0   0   0   0   0   0   0   0   0   0   0   0   0   0   0   0   0   0   0   0   0   0   0   0  30  42  61  49  34  14  19  69  81 107  77  41  85 103  86  58  21  59  43  68 123  36   2  85 125  80  91  78  84 122  50  98]
[  0   0   0   0   0   0   0   1   0   0   0   0   0   0   0   0   0   0   0   0   0   0   0   0   0   0   0   0   0   0   0   0  18  38 109  94  19  76 113  78  79  37 113 114  23 110  44 118  13  44  90  68  84  43  11  86  12  69  73 112  57  67  70  36]
[  0   0   0   0   0   0   0   0   1   0   0   0   0   0   0   0   0   0   0   0   0   0   0   0   0   0   0   0   0   0   0   0 114  37  57  34  64 120  41  47 122  56  80  67   1  88  87 107  90  71  13 120  45 111 123  88  52  80 110  75  80  72  20  32]
[  0   0   0   0   0   0   0   0   0   1   0   0   0   0   0   0   0   0   0   0   0   0   0   0   0   0   0   0   0   0   0   0  91  92 101  44  42   7  64 124  52  52 125  88  41   2  62  61  39 124  51 122  88  57  62  35  86  44  96  35  31  16  30  47]
[  0   0   0   0   0   0   0   0   0   0   1   0   0   0   0   0   0   0   0   0   0   0   0   0   0   0   0   0   0   0   0   0  59  98 116  29  40  17  21  30 122  42  97  83  56 105  85 106  65   9  33 112  36   3   4  32  16  35  73  31 115 122  23  45]
[  0   0   0   0   0   0   0   0   0   0   0   1   0   0   0   0   0   0   0   0   0   0   0   0   0   0   0   0   0   0   0   0  84  28   6  83  24  81  79   3 104  91 124  37 117 104  46  22  30  96 113  99  29  61  41  82  77  27  63  57  91 118  51  74]
[  0   0   0   0   0   0   0   0   0   0   0   0   1   0   0   0   0   0   0   0   0   0   0   0   0   0   0   0   0   0   0   0  11  34  33 112  66  22  96   0 108  47  85  82  77   2 109  36  38  68  60   7  30 110  98  45 114  53 110 124  26  53  21  28]
[  0   0   0   0   0   0   0   0   0   0   0   0   0   1   0   0   0   0   0   0   0   0   0   0   0   0   0   0   0   0   0   0 111  90 123 118  10  93  54  24 104 105  36 116  13  10   4  85  36  19  53  82  79 118  99 121   5  60 119  43  26  17 101 100]
[  0   0   0   0   0   0   0   0   0   0   0   0   0   0   1   0   0   0   0   0   0   0   0   0   0   0   0   0   0   0   0   0  72  17  88  21  25 109  81   1  83  11 122 120 109 106  10 109  22  65   5  18  58 106  89  90  83 109  64  70  14  12  28  54]
[  0   0   0   0   0   0   0   0   0   0   0   0   0   0   0   1   0   0   0   0   0   0   0   0   0   0   0   0   0   0   0   0  80  11  10 103  19  47 118 120  73  51  66  75  91  74  41  84  18 101  33  27  53  98 118 100 113   7 102  24  97 110  35  34]
[  0   0   0   0   0   0   0   0   0   0   0   0   0   0   0   0   1   0   0   0   0   0   0   0   0   0   0   0   0   0   0   0 122 106  31  60   5  22  26  73 103  48  90 104  37  59  24  71 112  33  78  84   6  19  24  47  98  49  38   6 122 109 125  36]
[  0   0   0   0   0   0   0   0   0   0   0   0   0   0   0   0   0   1   0   0   0   0   0   0   0   0   0   0   0   0   0   0  52  71  73  48 107  51  54 109  71  69   4   5  46  23  16  15 118 124  53  94  78  38 105  77  86  64  86  24  24  50  87   4]
[  0   0   0   0   0   0   0   0   0   0   0   0   0   0   0   0   0   0   1   0   0   0   0   0   0   0   0   0   0   0   0   0  20  18  62 109  43 114  15  41  47  86   3 105  24  92  71 123  77 114   3  52 119  25 124  50  26   6  99 126  99  93 119 119]
[  0   0   0   0   0   0   0   0   0   0   0   0   0   0   0   0   0   0   0   1   0   0   0   0   0   0   0   0   0   0   0   0  90   5  28  13  78  85  41  45 116 100  60  83  10  11   9  76  18 117  68 119  99 118  27 121  77  86  43  60  50  52  30  32]
[  0   0   0   0   0   0   0   0   0   0   0   0   0   0   0   0   0   0   0   0   1   0   0   0   0   0   0   0   0   0   0   0  96 106  65  50  79  86  40  37  29  38  53   7 111  75  73  74  32  86  75  68  10 103  19 101  80 110  71  43  90  35 109 123]
[  0   0   0   0   0   0   0   0   0   0   0   0   0   0   0   0   0   0   0   0   0   1   0   0   0   0   0   0   0   0   0   0 120 108  24  77  36  76 106  70  19 113  29   4  54   4  77  40  77  54 112  50  54 104  27  88   6  45  48 104  46 122  23 125]
[  0   0   0   0   0   0   0   0   0   0   0   0   0   0   0   0   0   0   0   0   0   0   1   0   0   0   0   0   0   0   0   0  28 123  90  95  76  10  10  24  11  60  72 103  82  61  16 126  77 107 101  66  12  77 122  43  94  75  38  63  67  14  70 124]
[  0   0   0   0   0   0   0   0   0   0   0   0   0   0   0   0   0   0   0   0   0   0   0   1   0   0   0   0   0   0   0   0  93 119  27  33  89  55  51 108  48  67  81   1  59  53   4  37  88  78  32  39  11  87  45  68  74  83  68  68  11  67  93  50]
[  0   0   0   0   0   0   0   0   0   0   0   0   0   0   0   0   0   0   0   0   0   0   0   0   1   0   0   0   0   0   0   0  23  85  14  49  57   7  47  15  84 105  20  18  90  26 107  48  99  90 120 101  92  25  56  16  50  36 108  27  49 108  14  42]
[  0   0   0   0   0   0   0   0   0   0   0   0   0   0   0   0   0   0   0   0   0   0   0   0   0   1   0   0   0   0   0   0  36  33  29  38  72  77 120  74  52  35  30  24  78  29  29  18   2 101  55  43 108  60  10 121 118  45  67  42  15  14  60  28]
[  0   0   0   0   0   0   0   0   0   0   0   0   0   0   0   0   0   0   0   0   0   0   0   0   0   0   1   0   0   0   0   0  82  80  47  32  20  72  51  12  39  23  10  97  63  28  80  72  36 112  20 100  36  60 106  28 110  68 117 100  55 103  95  21]
[  0   0   0   0   0   0   0   0   0   0   0   0   0   0   0   0   0   0   0   0   0   0   0   0   0   0   0   1   0   0   0   0  40  67  45  80  67 111 105  62  17  77  57  14  69   1  39  51  61 110  59  58   7  11  39   7  43  34  19  49  58  96  60  12]
[  0   0   0   0   0   0   0   0   0   0   0   0   0   0   0   0   0   0   0   0   0   0   0   0   0   0   0   0   1   0   0   0 119 123 122  40 111  19  38  23  12 116  49  28  77  18  63   6  26  96  31  88  44 100 104  84  19  93  32  54  43  87 115 125]
[  0   0   0   0   0   0   0   0   0   0   0   0   0   0   0   0   0   0   0   0   0   0   0   0   0   0   0   0   0   1   0   0 113 125  47  19 118 108  58  93  27  34  54  50  94 122 123 121 112  90 101  61 115  11  67   9  44 116  71  99  35  22   0  57]
[  0   0   0   0   0   0   0   0   0   0   0   0   0   0   0   0   0   0   0   0   0   0   0   0   0   0   0   0   0   0   1   0  46 116  63  76  17 100  72  79  98  88  29  71  22  41   1  72  10 100  38  21  61  88 104  49 104  61 110   7  15  88  63  79]
[  0   0   0   0   0   0   0   0   0   0   0   0   0   0   0   0   0   0   0   0   0   0   0   0   0   0   0   0   0   0   0   1  36 117  13  98 122  94  55  11 123  75  74  34  44  44  47  17  56  40  20  37  61   2  54  96 122 116 111  65  30  14  84  57]
profile: [32, 2, 1, 1, 1, 1, 1, 1, 1, 1, 1, 1, 1, 1, 1, 1, 1, 1, 1, 1, 1, 1, 1, 1, 1, 1, 1, 1, 1, 1, 1, 1]
32<=B[0].wtL<=2016
B[0].wtH=32, B[0].wtL=972

--- BKZ with beta=3, classic ---
profile after BKZ: [31, 2, 2, 1, 1, 1, 1, 1, 1, 1, 1, 1, 1, 1, 1, 1, 1, 1, 1, 1, 1, 1, 1, 1, 1, 1, 1, 1, 1, 1, 1, 1]
31<=B_red[0].wtL<=1953
B_red[0].wtH=31, B_red[0].wtL=978

--- BKZ with beta=3, selecting lowest lee wt. vec ---
profile after BKZ: [31, 2, 2, 1, 1, 1, 1, 1, 1, 1, 1, 1, 1, 1, 1, 1, 1, 1, 1, 1, 1, 1, 1, 1, 1, 1, 1, 1, 1, 1, 1, 1]
31<=B_red1[0].wtL<=1953
B_red1[0].wtH=31, B_red1[0].wtL=694

--- LeeBKZ with beta=3, bkz with minimum_lee_wt_codeword+primitive ---
profile after BKZ: [33, 1, 1, 1, 1, 1, 1, 1, 1, 1, 1, 1, 1, 1, 1, 1, 1, 1, 1, 1, 1, 1, 1, 1, 1, 1, 1, 1, 1, 1, 1, 1]
33<=B_red2[0].wtL<=2079
B_red2[0].wtH=33, B_red2[0].wtL=741

--- LeeBKZ with beta=3, bkz with minimum_lee_wt_codeword (may be non-primitive) ---
profile after BKZ: [35, 1, 1, 1, 1, 1, 1, 1, 1, 1, 1, 1, 1, 1, 1, 1, 1, 1, 1, 1, 1, 1, 1, 1, 1, 1, 1, 1, 1, 1, 0, 0]
35<=B_red3[0].wtL<=2205
B_red3[0].wtH=35, B_red3[0].wtL=597

--- LeeBKZ with beta=3, bkz with minimum_lee_wt_codeword (revised projections) ---
profile after BKZ: [34, 2, 0, 0, 1, 1, 1, 1, 1, 1, 1, 1, 1, 1, 1, 1, 1, 1, 1, 1, 1, 1, 1, 1, 1, 1, 1, 1, 1, 1, 1, 1]
34<=B_red4[0].wtL<=2142
B_red4[0].wtH=34, B_red4[0].wtL=678
[  1   0   0   0   0   0   0   0   0   0   0   0   0   0   0   0   0   0   0   0   0   0   0   0   0   0   0   0   0   0   0   0  95 109 123  52   7 101   9 105  45 121  63  51  66  91  15  75 121  22  17  71  47 106  66 113  32  32  65   8  24  78   9  35]
[  0   1   0   0   0   0   0   0   0   0   0   0   0   0   0   0   0   0   0   0   0   0   0   0   0   0   0   0   0   0   0   0  88  62  28 124 122  23 114  15  11  59  37  82  30  84  75  85  11   9  78  59  56  29 105  57  17 122  12  17  39   6 102  18]
[  0   0   1   0   0   0   0   0   0   0   0   0   0   0   0   0   0   0   0   0   0   0   0   0   0   0   0   0   0   0   0   0   5  78  81  13  96  89  83  52  67  50  86  40 114   9  67 113 108  49  28   7   1 117  31  12  81  82 101 119  88 115   6  28]
[  0   0   0   1   0   0   0   0   0   0   0   0   0   0   0   0   0   0   0   0   0   0   0   0   0   0   0   0   0   0   0   0 121  42  79   3  43  82  43  97  76 123  64  37  75 107  12  87  96 120  89  19 119  17  66  41  48  11  97  95  70  44  53   3]
[  0   0   0   0   1   0   0   0   0   0   0   0   0   0   0   0   0   0   0   0   0   0   0   0   0   0   0   0   0   0   0   0  21 101  81  22  60  72 124   6  41  74  83   3 111 107 111   2  54  16 123  97  39  36  97  93  12  63  31  42  58 106  69  81]
[  0   0   0   0   0   1   0   0   0   0   0   0   0   0   0   0   0   0   0   0   0   0   0   0   0   0   0   0   0   0   0   0  99  21 126  95  49  56  33  37 123  70  79 105   2 112  79  59 101   0  62 114  15  20  18 109  68  34  55   5  25  98  13  10]
[  0   0   0   0   0   0   1   0   0   0   0   0   0   0   0   0   0   0   0   0   0   0   0   0   0   0   0   0   0   0   0   0  43  82 117  41  11 109  44 105  46  13   1 124  87   7  54  59  98  32  27 114  92  98  29 124  70  41  79  50  54 111 103  86]
[  0   0   0   0   0   0   0   1   0   0   0   0   0   0   0   0   0   0   0   0   0   0   0   0   0   0   0   0   0   0   0   0  22  98  89  25 103  83  94  46  32  47  48  46  72  10  47  23   5  76 102   0 108  18  94  93  45  10  28  80  89  20 113 123]
[  0   0   0   0   0   0   0   0   1   0   0   0   0   0   0   0   0   0   0   0   0   0   0   0   0   0   0   0   0   0   0   0  93  40  42  88  62  31  41  68 106 123  81   3 118  35  72  74 117   4   4  10 121 111   8   5  27 111  95  43  25   9  85  14]
[  0   0   0   0   0   0   0   0   0   1   0   0   0   0   0   0   0   0   0   0   0   0   0   0   0   0   0   0   0   0   0   0  33  29  40  38  65  82 123  55 102   2  11  22  76 126  55  15  26  43  99  35  91  92   5  77  85   7  27 126  13  23  45  93]
[  0   0   0   0   0   0   0   0   0   0   1   0   0   0   0   0   0   0   0   0   0   0   0   0   0   0   0   0   0   0   0   0   7   2  34  35 120  49 104 122  67  27 116 120  49  77 126  18  41  58  42  35   2  99  86  23  79  92  85  56  92  77  98  97]
[  0   0   0   0   0   0   0   0   0   0   0   1   0   0   0   0   0   0   0   0   0   0   0   0   0   0   0   0   0   0   0   0  17 121  56  55  68  80  68  42  12  73 108  94  50  39  48  94  69  66 100 108 120  75 106  86 102 110  63  76  85 107  60 109]
[  0   0   0   0   0   0   0   0   0   0   0   0   1   0   0   0   0   0   0   0   0   0   0   0   0   0   0   0   0   0   0   0 108 108  64  49  79  22  96  54  89  10  24  57 119  79  38 118  74  84  61  70  87   6  85  69  68 101  43  91  53  31  67  53]
[  0   0   0   0   0   0   0   0   0   0   0   0   0   1   0   0   0   0   0   0   0   0   0   0   0   0   0   0   0   0   0   0 126 124  51  25  48  10 108 123  67  96   9  23  87 105  68  47  81  46  31 121  31  66  16  68  33  81  55  86  97 119 104  29]
[  0   0   0   0   0   0   0   0   0   0   0   0   0   0   1   0   0   0   0   0   0   0   0   0   0   0   0   0   0   0   0   0  91  53  52  34  66 106  82  11  66 100  11  58 114  96  76  66  41  74  91 122  41 121  66   1  40  88 100  97  63 108 117  54]
[  0   0   0   0   0   0   0   0   0   0   0   0   0   0   0   1   0   0   0   0   0   0   0   0   0   0   0   0   0   0   0   0  18  32  79   3  55  99  87  65  65  58  30  45  70  89 101  74  86  79  65   1 112  40  77  57  91  24  29   6 105  33  97  32]
[  0   0   0   0   0   0   0   0   0   0   0   0   0   0   0   0   1   0   0   0   0   0   0   0   0   0   0   0   0   0   0   0 122  57  52 106 124  41  27  30  25  80  15 105  82 121 126 111  91   4  51   8  55 111   1  34  81  36 116  16  39  17  89  86]
[  0   0   0   0   0   0   0   0   0   0   0   0   0   0   0   0   0   1   0   0   0   0   0   0   0   0   0   0   0   0   0   0  80  15  64   7 104  66  98 103  88  41  66  49  95  85  88 112 119  72  82  66   8  98  56  38  48  91   1 113  93   9  43  72]
[  0   0   0   0   0   0   0   0   0   0   0   0   0   0   0   0   0   0   1   0   0   0   0   0   0   0   0   0   0   0   0   0  87  94  47 125 109  43  21  22  21  49  74  32  76   3  73  34   5  78  69  13  61 113  94  74  58  92  27  96  33  11  40 114]
[  0   0   0   0   0   0   0   0   0   0   0   0   0   0   0   0   0   0   0   1   0   0   0   0   0   0   0   0   0   0   0   0  93  54   2  16  69  43  31  90   7   0  90  45 121  65  30  75 108  25 108  38  22  60  67  58  24  44  89 119   4  39  79  24]
[  0   0   0   0   0   0   0   0   0   0   0   0   0   0   0   0   0   0   0   0   1   0   0   0   0   0   0   0   0   0   0   0  50 118  48  91  25   7  53  11  44  31 118 114  80  60   9  58  55  39  81 105  66  12  90  78  61  30 110 114  11  45   9  38]
[  0   0   0   0   0   0   0   0   0   0   0   0   0   0   0   0   0   0   0   0   0   1   0   0   0   0   0   0   0   0   0   0  56 121  75 121  25  75 101  53  71 102  27   0  51  24 122 105   3  50  72 120  63 105  98  21 121  33  94 100  23  16  87  32]
[  0   0   0   0   0   0   0   0   0   0   0   0   0   0   0   0   0   0   0   0   0   0   1   0   0   0   0   0   0   0   0   0  44   1  12  60  20  27  35 123  92  54  23 116 117  45   0  70  76  16  91 124  95 112 116  80 115  41  73  28   6  82  94   9]
[  0   0   0   0   0   0   0   0   0   0   0   0   0   0   0   0   0   0   0   0   0   0   0   1   0   0   0   0   0   0   0   0  16  64  69  89   5 100 118  36  34   8  39 118  13  82  70  35  44  68  60  45  32  77 101  58  97  36   1  96  89  33  90 116]
[  0   0   0   0   0   0   0   0   0   0   0   0   0   0   0   0   0   0   0   0   0   0   0   0   1   0   0   0   0   0   0   0  43  37 112  41  24  25   7   4  94  21 106  66 118  23  10  42  74  35  94  97  21  28  99  33  39  33  30  52  58  40  96  46]
[  0   0   0   0   0   0   0   0   0   0   0   0   0   0   0   0   0   0   0   0   0   0   0   0   0   1   0   0   0   0   0   0  77  44  93  25  92  16 120 118   6  61  50  13  85  98   0  14  53  76 126  48  95 104  43  92 105  86  45  68  26  57  25  84]
[  0   0   0   0   0   0   0   0   0   0   0   0   0   0   0   0   0   0   0   0   0   0   0   0   0   0   1   0   0   0   0   0  85   8  98  85   2  13 107   8 125  87 111  70  66  53  23  33 116  96  82  68 126   1  27  47  12   4  15  70 126  72  71  86]
[  0   0   0   0   0   0   0   0   0   0   0   0   0   0   0   0   0   0   0   0   0   0   0   0   0   0   0   1   0   0   0   0  10  90  75  42  93 112   2 103 103 108  71  62   1  46 120  91   6  79 101  16  71  26 110  11 104 101  45 123  29 105  41  85]
[  0   0   0   0   0   0   0   0   0   0   0   0   0   0   0   0   0   0   0   0   0   0   0   0   0   0   0   0   1   0   0   0 110  26 118  89  55  58  54  28  30 123  47  86  90  33  36  34   7  61  62  66 106  40 100 109  29  62  52 126  81  48  65  18]
[  0   0   0   0   0   0   0   0   0   0   0   0   0   0   0   0   0   0   0   0   0   0   0   0   0   0   0   0   0   1   0   0  22  29  61  41  32  18  60 115  90  23 100   1  38  66 124  27  71  22  44  19 116  30 108  28  86  62  67  16 120   0  70  80]
[  0   0   0   0   0   0   0   0   0   0   0   0   0   0   0   0   0   0   0   0   0   0   0   0   0   0   0   0   0   0   1   0  15  25  55  15   9 110  73  80  34  77  30  25  68 101 124 119  33  78 126  79  30  10  46  97 125  77 108  39  71 103  79  42]
[  0   0   0   0   0   0   0   0   0   0   0   0   0   0   0   0   0   0   0   0   0   0   0   0   0   0   0   0   0   0   0   1 118   7  23 100  50 125  33  68  66 115 102 100 107  14  73 126  53  14  43  87  26  95  13 120  49  54 105 117  66  61  87  80]
