[  1   0   0   0   0   0   0   0   0   0   0   0   0   0   0   0   0   0   0   0   0   0   0   0   0   0   0   0   0   0   0   0 118  74  35  44  55  93  65  11  42  63  49  53  48  95  25 126  77  42  16 116  65 106  34  40   5  54  87  91  64 109  42  98]
[  0   1   0   0   0   0   0   0   0   0   0   0   0   0   0   0   0   0   0   0   0   0   0   0   0   0   0   0   0   0   0   0  44  90   5 125 126  81 100 102  64  73  38 114  37  60  79  84  71 109 107  80   2  62  12  40 125  80  66 103  12 110  64  44]
[  0   0   1   0   0   0   0   0   0   0   0   0   0   0   0   0   0   0   0   0   0   0   0   0   0   0   0   0   0   0   0   0 100 126  42  29  37  11  35  38 111  91  41  49 120  14  93  80  67 113  63  46   3  67  17  18  12  55  38  31  62  77  73  44]
[  0   0   0   1   0   0   0   0   0   0   0   0   0   0   0   0   0   0   0   0   0   0   0   0   0   0   0   0   0   0   0   0  32  67 105  43 110  97   3 119  99  58  86  83   3 104  65  27  92  39  57  16  89  84 106  49  67  95   0 118  25  85  42  66]
[  0   0   0   0   1   0   0   0   0   0   0   0   0   0   0   0   0   0   0   0   0   0   0   0   0   0   0   0   0   0   0   0  82 116  29  51  12  81 105  83  34  44  32  68  58  87  11  24   8  29 122  26  91  79  99 113  82  55  32  98 110  37  25  87]
[  0   0   0   0   0   1   0   0   0   0   0   0   0   0   0   0   0   0   0   0   0   0   0   0   0   0   0   0   0   0   0   0   3   4  78  97 104  56  37  27 116  45 106   9  40 126  93 105  58  93   6   3  68  97  62  49  83 112  24  27   9 117 105  17]
[  0   0   0   0   0   0   1   0   0   0   0   0   0   0   0   0   0   0   0   0   0   0   0   0   0   0   0   0   0   0   0   0  44  51 118  61   3 100  26  94  51  25 112  48  42  79  55  15  22  56 103  57  30  31   9 112  92  18  98 110  61  61  19  92]
[  0   0   0   0   0   0   0   1   0   0   0   0   0   0   0   0   0   0   0   0   0   0   0   0   0   0   0   0   0   0   0   0  89  11  73  85  43  99  74  31  39  99  25   3 109  18 121  80  65  51  90 102  95  13   2 126  47  51  47  65  48  66  74  55]
[  0   0   0   0   0   0   0   0   1   0   0   0   0   0   0   0   0   0   0   0   0   0   0   0   0   0   0   0   0   0   0   0  61  76  49  46  78  79  41  37   9 114  86  60  83  66 114  66 126  76  14  83  42  46  31  41  58   9  30  44  47  26 122   0]
[  0   0   0   0   0   0   0   0   0   1   0   0   0   0   0   0   0   0   0   0   0   0   0   0   0   0   0   0   0   0   0   0 113  47  80  99   5  34  29  47  53 101  12  69  27  97  69  69 102 123  71  35  21  62  82 118 101  85  61  58 105  81  32   0]
[  0   0   0   0   0   0   0   0   0   0   1   0   0   0   0   0   0   0   0   0   0   0   0   0   0   0   0   0   0   0   0   0  63  81  79  28  70  10  68  73  23 117 102  53  94  60  29  30  42  96  22  86 101  97  76  16  90 109  68  59 114  93  66  64]
[  0   0   0   0   0   0   0   0   0   0   0   1   0   0   0   0   0   0   0   0   0   0   0   0   0   0   0   0   0   0   0   0  76  13  86  85  68  35  54  45 102  23 123 126  50  64  91  73 122  68  44  15  78 104  74  10  31 112 112  40  17  58 112  64]
[  0   0   0   0   0   0   0   0   0   0   0   0   1   0   0   0   0   0   0   0   0   0   0   0   0   0   0   0   0   0   0   0  91  55 121  91  82  93   4  74 106  19  66  36  46   1  61  95 117 116  24  73  47 106  86  21  66  74  25 108  14  91  96  18]
[  0   0   0   0   0   0   0   0   0   0   0   0   0   1   0   0   0   0   0   0   0   0   0   0   0   0   0   0   0   0   0   0  47 106 108  97  60  95  57 115  61 116  32  87  52  85 122 125 106 111  39  91  19  77  57  72 125  26   5  16 110  61  33  59]
[  0   0   0   0   0   0   0   0   0   0   0   0   0   0   1   0   0   0   0   0   0   0   0   0   0   0   0   0   0   0   0   0 105  79 114  98  96 108  70  10  42  83 108  51  22  88 113  57 120 101  76  83  33  39  31  23 122  27  12  76 110  16 100  54]
[  0   0   0   0   0   0   0   0   0   0   0   0   0   0   0   1   0   0   0   0   0   0   0   0   0   0   0   0   0   0   0   0  82  38  45 114  27  88   8 102  39  22  78 110  31  32 123  29  89 114  11  72  83 107  10  15  61 125 104 109  76  62  68  83]
[  0   0   0   0   0   0   0   0   0   0   0   0   0   0   0   0   1   0   0   0   0   0   0   0   0   0   0   0   0   0   0   0 103  58  45 107 123  57  63  55  17  62 106   0  23   6  85 124  72  33  50 118  80   7  33  74  75  34  75   0  11 114 114 100]
[  0   0   0   0   0   0   0   0   0   0   0   0   0   0   0   0   0   1   0   0   0   0   0   0   0   0   0   0   0   0   0   0   2  96  48 112  38  22 106  25  39 123  21 122 118  80  35 117 125  87  91  57  92  55   6   0  10  80  89  45  94  85  47 105]
[  0   0   0   0   0   0   0   0   0   0   0   0   0   0   0   0   0   0   1   0   0   0   0   0   0   0   0   0   0   0   0   0  14  70  95 119  41  62  82   5 111  21  87  91  46  19  61  66  10  49  69  17  87   0  99  10  25  56  80  12 106  52 113  73]
[  0   0   0   0   0   0   0   0   0   0   0   0   0   0   0   0   0   0   0   1   0   0   0   0   0   0   0   0   0   0   0   0 106  54  50  10  79 101  52  59  66 116 125   5  70   8 111  69  78   2 114  50 119  80  65 104  34  53   4 114  68  10  94   5]
[  0   0   0   0   0   0   0   0   0   0   0   0   0   0   0   0   0   0   0   0   1   0   0   0   0   0   0   0   0   0   0   0  16  51 126  52  79 125 104  22 119  12   5  52  69  62  48 104  96  23  14  54  75   7  20  45 114   4  91  11  63 115  49  78]
[  0   0   0   0   0   0   0   0   0   0   0   0   0   0   0   0   0   0   0   0   0   1   0   0   0   0   0   0   0   0   0   0 110  76  89  60 117  40  12 114 116  14  35 119 111  20  23  75  74  48  40  11  69  54 110  20 121  69   1  41 106 126 121   1]
[  0   0   0   0   0   0   0   0   0   0   0   0   0   0   0   0   0   0   0   0   0   0   1   0   0   0   0   0   0   0   0   0  53 117 120   7  26  96  19  15  41  33  70  12  23  63  16  70 103  27  64  14 104  30 124 122  35  67  60  91  87  37 110  66]
[  0   0   0   0   0   0   0   0   0   0   0   0   0   0   0   0   0   0   0   0   0   0   0   1   0   0   0   0   0   0   0   0  28  99  65  80  91  17  67  66  91  17 119  71  40  38  65 122  42  96  26  55  11  60  54   1  23  90  11  32  27  10  15 102]
[  0   0   0   0   0   0   0   0   0   0   0   0   0   0   0   0   0   0   0   0   0   0   0   0   1   0   0   0   0   0   0   0 113  41  46 109  80 112  66 103  71   1 124   0  19  76  32  72  66  53 123  78  45  23  89  47  69  23 119  16 117  37  12  20]
[  0   0   0   0   0   0   0   0   0   0   0   0   0   0   0   0   0   0   0   0   0   0   0   0   0   1   0   0   0   0   0   0  30 103  10 112  28  96  51  93  75  75  69  57  89  56  21 108  27  86  85  74 117  38  29 121 101   6  55  44  85  89  49  50]
[  0   0   0   0   0   0   0   0   0   0   0   0   0   0   0   0   0   0   0   0   0   0   0   0   0   0   1   0   0   0   0   0 103   5 122 124 124 106  42  76  58  49  88  25  90 109  16  67  78  67  87  26  43 122  65  21  90  77   3  39  37  48  86  92]
[  0   0   0   0   0   0   0   0   0   0   0   0   0   0   0   0   0   0   0   0   0   0   0   0   0   0   0   1   0   0   0   0   9  12  36  81  62 102  46  43  74  97 111  30  29  59   3  49  75  10   3  32   3  20  54  92 124   2  12 123  61  11  68  41]
[  0   0   0   0   0   0   0   0   0   0   0   0   0   0   0   0   0   0   0   0   0   0   0   0   0   0   0   0   1   0   0   0   9 117  84  46 126  57  56  65 119  83  46   5  13  21 104  81  43  73  96  62 121  97  28  59  13  24  48  26  84  66  71  54]
[  0   0   0   0   0   0   0   0   0   0   0   0   0   0   0   0   0   0   0   0   0   0   0   0   0   0   0   0   0   1   0   0  76 107  93  65  20  52   7  54  90  71  99  21  23  42  23  97  66  71   4  82   6 109  69  66   5 119  19 118  27  88  18  30]
[  0   0   0   0   0   0   0   0   0   0   0   0   0   0   0   0   0   0   0   0   0   0   0   0   0   0   0   0   0   0   1   0  39 111 104  92  61  59   0  46  71  73 117  28  98  37 114 117  13  10  47  35 106 120  43  79  69 105  84 120  52  39 122  46]
[  0   0   0   0   0   0   0   0   0   0   0   0   0   0   0   0   0   0   0   0   0   0   0   0   0   0   0   0   0   0   0   1  87  83  23  99 120  51  68  26 112 110   2  86 104 117  37  13  49  19  92   2  92  33  25  91  76  95  17  90  13  77  17  74]
profile: [33, 1, 1, 1, 1, 1, 1, 1, 1, 1, 1, 1, 1, 1, 1, 1, 1, 1, 1, 1, 1, 1, 1, 1, 1, 1, 1, 1, 1, 1, 1, 1]
33<=B[0].wtL<=2079
B[0].wtH=33, B[0].wtL=1180

--- BKZ with beta=3, classic ---
profile after BKZ: [31, 3, 1, 1, 1, 1, 1, 1, 1, 1, 1, 1, 1, 1, 1, 1, 1, 1, 1, 1, 1, 1, 1, 1, 1, 1, 1, 1, 1, 1, 1, 1]
31<=B_red[0].wtL<=1953
B_red[0].wtH=31, B_red[0].wtL=889

--- BKZ with beta=3, selecting lowest lee wt. vec ---
profile after BKZ: [31, 3, 1, 1, 1, 1, 1, 1, 1, 1, 1, 1, 1, 1, 1, 1, 1, 1, 1, 1, 1, 1, 1, 1, 1, 1, 1, 1, 1, 1, 1, 1]
31<=B_red1[0].wtL<=1953
B_red1[0].wtH=31, B_red1[0].wtL=755

--- LeeBKZ with beta=3, bkz with minimum_lee_wt_codeword+primitive ---
profile after BKZ: [33, 1, 1, 1, 1, 1, 1, 1, 1, 1, 1, 1, 1, 1, 1, 1, 1, 1, 1, 1, 1, 1, 1, 1, 1, 1, 1, 1, 1, 1, 1, 1]
33<=B_red2[0].wtL<=2079
B_red2[0].wtH=33, B_red2[0].wtL=710

--- LeeBKZ with beta=3, bkz with minimum_lee_wt_codeword (may be non-primitive) ---
profile after BKZ: [34, 1, 1, 1, 1, 1, 1, 1, 1, 1, 1, 1, 1, 1, 1, 1, 1, 1, 1, 1, 1, 1, 1, 1, 1, 1, 1, 1, 1, 1, 1, 0]
34<=B_red3[0].wtL<=2142
B_red3[0].wtH=34, B_red3[0].wtL=600
[  1   0   0   0   0   0   0   0   0   0   0   0   0   0   0   0   0   0   0   0   0   0   0   0   0   0   0   0   0   0   0   0  51  61  24  31   7  57 105  52  44  49  12  12 107   2  99  74  97  33 124 121   5  86  36 101  56  89 103 124  20 120  18 103]
[  0   1   0   0   0   0   0   0   0   0   0   0   0   0   0   0   0   0   0   0   0   0   0   0   0   0   0   0   0   0   0   0  63 118  16  16  76  39  14   4 107   3 119  38  13  99  51  21  99  72  75  40  61  14  44  55  50  21  98  53  21  54 114  76]
[  0   0   1   0   0   0   0   0   0   0   0   0   0   0   0   0   0   0   0   0   0   0   0   0   0   0   0   0   0   0   0   0  27  62 106  70   0  54  60 113 104  45  11 104  49 115  27 110 105  51   0  65  49 101   7  36  30  18  62 126   0 120  10  54]
[  0   0   0   1   0   0   0   0   0   0   0   0   0   0   0   0   0   0   0   0   0   0   0   0   0   0   0   0   0   0   0   0  55  95  88  22  43  69 116  97  33 106  18 119 104  67  66  51  75  81  74 124  82  73  21 120  50  23  50  38 121   4  24  72]
[  0   0   0   0   1   0   0   0   0   0   0   0   0   0   0   0   0   0   0   0   0   0   0   0   0   0   0   0   0   0   0   0  66  23 107  39   8  63  62  52 112  95  88  97  49  52  80  16 104  40  16 103  78 102  16   9  59  37   8 100  63  30  82  48]
[  0   0   0   0   0   1   0   0   0   0   0   0   0   0   0   0   0   0   0   0   0   0   0   0   0   0   0   0   0   0   0   0  86  91  24 125 101  63  69  85 117   7 114  73 104  68  18 101  44   2  26 117  59  33   8  52 120  41  85  91  70  83  58   9]
[  0   0   0   0   0   0   1   0   0   0   0   0   0   0   0   0   0   0   0   0   0   0   0   0   0   0   0   0   0   0   0   0  54  55  89 101  48  56  66  34  82  28 124  13  84  30 112 113 105  66  85 125  15  51 121  22  17  74  45  29  89  36  68  69]
[  0   0   0   0   0   0   0   1   0   0   0   0   0   0   0   0   0   0   0   0   0   0   0   0   0   0   0   0   0   0   0   0  83 110 113  91 106 102  80   5  98  83  16 111 114  19  23  47  70  81  91  76  38  96 103  21  53 114  20  89  23  58  34  21]
[  0   0   0   0   0   0   0   0   1   0   0   0   0   0   0   0   0   0   0   0   0   0   0   0   0   0   0   0   0   0   0   0  89  57 103 114  24  50  36  45  36  97  46  53 101  33  65 103  60  13  97  88  81   7  44  15  21  71  54  68  12  88  47  14]
[  0   0   0   0   0   0   0   0   0   1   0   0   0   0   0   0   0   0   0   0   0   0   0   0   0   0   0   0   0   0   0   0  96  70 100  49  72 105  92  96  65  43  71  51 114 103  35  67 109  71  20  31   6 104  15  72  16 125  22 106 115  60  25 109]
[  0   0   0   0   0   0   0   0   0   0   1   0   0   0   0   0   0   0   0   0   0   0   0   0   0   0   0   0   0   0   0   0  77 110  24  39  27  61  11   2  98  37  12 102 124  96  47 103  26  78 100 107  57 120  42  68 109  42  13  26  87  59 112  31]
[  0   0   0   0   0   0   0   0   0   0   0   1   0   0   0   0   0   0   0   0   0   0   0   0   0   0   0   0   0   0   0   0  62  18  29  52  57  12  79  76  52  57   6 118  74  35  11 106  14  63  82  73  32 112  14 110  45  63 114  61 115   2  28  97]
[  0   0   0   0   0   0   0   0   0   0   0   0   1   0   0   0   0   0   0   0   0   0   0   0   0   0   0   0   0   0   0   0  43  47  75  40  11 104   3  14  68  23  76   9  73  88   0 109  48  41  55 105  92  50  84  87   6  64  75 108  99 115  40 113]
[  0   0   0   0   0   0   0   0   0   0   0   0   0   1   0   0   0   0   0   0   0   0   0   0   0   0   0   0   0   0   0   0  55  66  96 118  55  94  23  11   9  74  96  58  66  60  74 122  40  21  64  42  95  83 106  30 106  31  34  43   3  30  64  68]
[  0   0   0   0   0   0   0   0   0   0   0   0   0   0   1   0   0   0   0   0   0   0   0   0   0   0   0   0   0   0   0   0  91  41  43  27  73 101 126   8 110 119 111  13  10  71  11  40  63  99  94 108  46  27  94  45  29 118  92   1  63  67   8  39]
[  0   0   0   0   0   0   0   0   0   0   0   0   0   0   0   1   0   0   0   0   0   0   0   0   0   0   0   0   0   0   0   0  80 120 118  44  91  76  78 115  24 121   1  57 107  18 116  40  81 107   3  44  76  49  92  58 103 101  57   5 110  98 101  40]
[  0   0   0   0   0   0   0   0   0   0   0   0   0   0   0   0   1   0   0   0   0   0   0   0   0   0   0   0   0   0   0   0  65  10  52 120   4 126 118  65 119 114  42  79  70  86  86   7  94 107  12 112  84  54   1 110  78  69  33  49  29 118  34  48]
[  0   0   0   0   0   0   0   0   0   0   0   0   0   0   0   0   0   1   0   0   0   0   0   0   0   0   0   0   0   0   0   0   7  11 115 104  69  17  84  37  48  52  88 116  50  69  23  22  57  61   5  83  34  42 120 124 125  15   7 116  68  63  50  16]
[  0   0   0   0   0   0   0   0   0   0   0   0   0   0   0   0   0   0   1   0   0   0   0   0   0   0   0   0   0   0   0   0  81  84 103  30  77  91 105  20 109  63 105 113   0  94  89  81  80  51 100 113 115  13  22 104  50  56   0  77 112  60  22  17]
[  0   0   0   0   0   0   0   0   0   0   0   0   0   0   0   0   0   0   0   1   0   0   0   0   0   0   0   0   0   0   0   0 114  81  76   3 119  57 124  46  43  79 118 112 125  64  87  62  93 123  81 112  47  80  16  30  39  68  59   6  43  87  39  22]
[  0   0   0   0   0   0   0   0   0   0   0   0   0   0   0   0   0   0   0   0   1   0   0   0   0   0   0   0   0   0   0   0  67   1 119  14 107  57  31  24  53  63 119 122  80  83 119  78   2   2  70  64   9  21  98  11  56  76  69  79  82 126  55  70]
[  0   0   0   0   0   0   0   0   0   0   0   0   0   0   0   0   0   0   0   0   0   1   0   0   0   0   0   0   0   0   0   0  18  93  79  96  21 116  31  57  63  39 115  45 116  73  51  42  84  40  14  33  97  74  40  54  96  87 101  31 101  83  93  16]
[  0   0   0   0   0   0   0   0   0   0   0   0   0   0   0   0   0   0   0   0   0   0   1   0   0   0   0   0   0   0   0   0  78  84  32  67  35  80  85 119   4  56  39 104  79  92 104  39 102 117  17   3  30  51  93   0  59  47 125  56 125  50 104  35]
[  0   0   0   0   0   0   0   0   0   0   0   0   0   0   0   0   0   0   0   0   0   0   0   1   0   0   0   0   0   0   0   0  31  63  18 109  57 102  46  51  79  24  45 100   8  23  71  45 111  21 119  62  78  83  21  86  30 120  52   3  83  82  42  78]
[  0   0   0   0   0   0   0   0   0   0   0   0   0   0   0   0   0   0   0   0   0   0   0   0   1   0   0   0   0   0   0   0  53  60 122  98 112  69  90  85   0  90  34   3 109  33  21 118  65  13  32   8 115 105  44  71  58  89  22 113  55  27  14  94]
[  0   0   0   0   0   0   0   0   0   0   0   0   0   0   0   0   0   0   0   0   0   0   0   0   0   1   0   0   0   0   0   0  90 118  45 104   6 106 109  90  27   9  83  11 117  83   6 124 119  38 103  59  86  79  32  31  66  83  22 117  98 103   8  86]
[  0   0   0   0   0   0   0   0   0   0   0   0   0   0   0   0   0   0   0   0   0   0   0   0   0   0   1   0   0   0   0   0  39 105  31 108 102  26  60  73 109 101  55 111 117  51  57  62  77 122  17  79  50 100  15  47  11  82  53  99  23  78  91  84]
[  0   0   0   0   0   0   0   0   0   0   0   0   0   0   0   0   0   0   0   0   0   0   0   0   0   0   0   1   0   0   0   0  13  31  60  45  77   8  17  64  46 126  35  48  95  22  13  94  49  65  47  36  80  26 122  31  32  12  81  94  21  18 108 114]
[  0   0   0   0   0   0   0   0   0   0   0   0   0   0   0   0   0   0   0   0   0   0   0   0   0   0   0   0   1   0   0   0  20  12  80  86  82 107  97  90  96  80 123  58   0  75 102  29  51  40 119  79  48  20  74  23 105 102  69 105  77  66 106  46]
[  0   0   0   0   0   0   0   0   0   0   0   0   0   0   0   0   0   0   0   0   0   0   0   0   0   0   0   0   0   1   0   0   0  72 120  96 113  59 113 100  89  71 126  11  31  60   5 112  36  65  88  71  64  77  33  76  94  55  72  90  90  27  58  45]
[  0   0   0   0   0   0   0   0   0   0   0   0   0   0   0   0   0   0   0   0   0   0   0   0   0   0   0   0   0   0   1   0   1  42 102   5  68  64 108   0  35  96 116  44  82  97  67  73 119  81  68  98  74   1 115  26  96   5 123  59  84  38  38  93]
[  0   0   0   0   0   0   0   0   0   0   0   0   0   0   0   0   0   0   0   0   0   0   0   0   0   0   0   0   0   0   0   1  70  65  96  88  45 115 114  34  55  31  14   7   9  18   0 123  29  95  51  40  51  85 102  53  82  65  52  58  60  77 115  97]
profile: [33, 1, 1, 1, 1, 1, 1, 1, 1, 1, 1, 1, 1, 1, 1, 1, 1, 1, 1, 1, 1, 1, 1, 1, 1, 1, 1, 1, 1, 1, 1, 1]
33<=B[0].wtL<=2079
B[0].wtH=33, B[0].wtL=896

--- BKZ with beta=3, classic ---
profile after BKZ: [30, 4, 1, 1, 1, 1, 1, 1, 1, 1, 1, 1, 1, 1, 1, 1, 1, 1, 1, 1, 1, 1, 1, 1, 1, 1, 1, 1, 1, 1, 1, 1]
30<=B_red[0].wtL<=1890
B_red[0].wtH=30, B_red[0].wtL=938

--- BKZ with beta=3, selecting lowest lee wt. vec ---
profile after BKZ: [30, 4, 1, 1, 1, 1, 1, 1, 1, 1, 1, 1, 1, 1, 1, 1, 1, 1, 1, 1, 1, 1, 1, 1, 1, 1, 1, 1, 1, 1, 1, 1]
30<=B_red1[0].wtL<=1890
B_red1[0].wtH=30, B_red1[0].wtL=791

--- LeeBKZ with beta=3, bkz with minimum_lee_wt_codeword+primitive ---
profile after BKZ: [33, 1, 1, 1, 1, 1, 1, 1, 1, 1, 1, 1, 1, 1, 1, 1, 1, 1, 1, 1, 1, 1, 1, 1, 1, 1, 1, 1, 1, 1, 1, 1]
33<=B_red2[0].wtL<=2079
B_red2[0].wtH=33, B_red2[0].wtL=752

--- LeeBKZ with beta=3, bkz with minimum_lee_wt_codeword (may be non-primitive) ---
profile after BKZ: [35, 1, 1, 1, 1, 1, 1, 1, 1, 1, 1, 1, 1, 1, 1, 1, 1, 1, 1, 1, 1, 1, 1, 1, 1, 1, 1, 1, 1, 1, 0, 0]
35<=B_red3[0].wtL<=2205
B_red3[0].wtH=35, B_red3[0].wtL=635
[  1   0   0   0   0   0   0   0   0   0   0   0   0   0   0   0   0   0   0   0   0   0   0   0   0   0   0   0   0   0   0   0 123  28  75 123  49 116 101  77  94 105  57  77  94  53  14  19 112  78  78  88 117 103   2  69  67  96  77  65  91  96  52 108]
[  0   1   0   0   0   0   0   0   0   0   0   0   0   0   0   0   0   0   0   0   0   0   0   0   0   0   0   0   0   0   0   0  42  35  99  75 106  95 119  10  71  96 111  36  41 107  18  53  91 104  71 111 126  16  71  13  68  97 123  58   6  39  14 104]
[  0   0   1   0   0   0   0   0   0   0   0   0   0   0   0   0   0   0   0   0   0   0   0   0   0   0   0   0   0   0   0   0  71  76   5  18  60  82 125  31 107  31  54  92  55  50  25 101 125   6 101   2  92 119  69  91  51  62  88  35  67  27 103  31]
[  0   0   0   1   0   0   0   0   0   0   0   0   0   0   0   0   0   0   0   0   0   0   0   0   0   0   0   0   0   0   0   0 114 119  69  33  82  61  57  94 120  61 112 119  78 106  11  60  25  85  10  79  98 111  96 125  90  10  53 109  86  24  75   7]
[  0   0   0   0   1   0   0   0   0   0   0   0   0   0   0   0   0   0   0   0   0   0   0   0   0   0   0   0   0   0   0   0  59 112  85 126  76  82 113 107   2  25  94  84  38 109   4  70  66 118  54 123  30  47   9  14  10  41  21 113  57  25  68   9]
[  0   0   0   0   0   1   0   0   0   0   0   0   0   0   0   0   0   0   0   0   0   0   0   0   0   0   0   0   0   0   0   0 115 109 111   4 121  37  14   0  94  99  92  49 110   7 119  17 107  80  49  45  32 113  28  90 103 118  91  56  58  93  23   2]
[  0   0   0   0   0   0   1   0   0   0   0   0   0   0   0   0   0   0   0   0   0   0   0   0   0   0   0   0   0   0   0   0 117   1 119 122   5  97  98 106   7  26  77  34  45 122  54 109  95  83 111   8  36  58  47 106 114  66  21  60  20 115   9  62]
[  0   0   0   0   0   0   0   1   0   0   0   0   0   0   0   0   0   0   0   0   0   0   0   0   0   0   0   0   0   0   0   0  38  81 109  64  84  45  98   0 107 106 120  61  56  75  56 121  85  59 113  13  32  29  90  91 105  13 114  26  10  80  10  39]
[  0   0   0   0   0   0   0   0   1   0   0   0   0   0   0   0   0   0   0   0   0   0   0   0   0   0   0   0   0   0   0   0  26  38 114  60 116  89  84  19  80 114 123  67 119  87 125 100  41  92  73   0 118  91  35  49  51  43  25  98  85  15 114  89]
[  0   0   0   0   0   0   0   0   0   1   0   0   0   0   0   0   0   0   0   0   0   0   0   0   0   0   0   0   0   0   0   0  77 120 106  11 102  15  80  96  54  11  74  12  69  58  73 124 111  16 105  81 110  26  35  54  85 121   8  43  53   6  36  90]
[  0   0   0   0   0   0   0   0   0   0   1   0   0   0   0   0   0   0   0   0   0   0   0   0   0   0   0   0   0   0   0   0  66 124  65  85  52  29  52  51  40  74  88  90  23  51   6  31 122  50  42  79 102  52  78  36 103  39 125 125 101  98 112  30]
[  0   0   0   0   0   0   0   0   0   0   0   1   0   0   0   0   0   0   0   0   0   0   0   0   0   0   0   0   0   0   0   0  35 109 115  38  78   4  38   2  65  98 105  79 118  90  58 103  42  66 103  85  46  53  29 122  80  52  96 122   0  58  53  12]
[  0   0   0   0   0   0   0   0   0   0   0   0   1   0   0   0   0   0   0   0   0   0   0   0   0   0   0   0   0   0   0   0  76  78  71   3  26  89   7  33  78  40 105  31 116  40  11  37  58  60  15   2   8 120  59  66  60  20  33  16 114  34  84  60]
[  0   0   0   0   0   0   0   0   0   0   0   0   0   1   0   0   0   0   0   0   0   0   0   0   0   0   0   0   0   0   0   0   4 115   5  75  80  40   8  63  10  13  38 110 106 122 114  26 100  63  72  36 111 125  91 107  23 120 101  62  37  49   3  60]
[  0   0   0   0   0   0   0   0   0   0   0   0   0   0   1   0   0   0   0   0   0   0   0   0   0   0   0   0   0   0   0   0  71  42  37  37  69  80  32  61  85  27  59 110  37  94  36  50 121  88 112  94  42  48  59  56  41  31  19 101 101 124  88  19]
[  0   0   0   0   0   0   0   0   0   0   0   0   0   0   0   1   0   0   0   0   0   0   0   0   0   0   0   0   0   0   0   0  75 106 101  86  31  13  89   7  93  71  74  58  44 117  23  74 124  61  42  52  18  90  59  25   1  11  63  34  59   7  53  28]
[  0   0   0   0   0   0   0   0   0   0   0   0   0   0   0   0   1   0   0   0   0   0   0   0   0   0   0   0   0   0   0   0  36  22  97  91  94  95  66  27  75 125   6  51  15  68   1  88  90  37  15  34  37  14 112  22  69  52  77  93  32  74  98  58]
[  0   0   0   0   0   0   0   0   0   0   0   0   0   0   0   0   0   1   0   0   0   0   0   0   0   0   0   0   0   0   0   0  84  57 118  42 105  73  88  26 108  96  52  20  83  54  69  70  61  62 126 117  46  68  97  52 112  38  51  23 105 121  35 105]
[  0   0   0   0   0   0   0   0   0   0   0   0   0   0   0   0   0   0   1   0   0   0   0   0   0   0   0   0   0   0   0   0  63 120 118  83  74  45  44 105 104  11  97 121  79  27  71 125  97 126  83  82 116  70  26  12  50   2  55 122  47 103 112  54]
[  0   0   0   0   0   0   0   0   0   0   0   0   0   0   0   0   0   0   0   1   0   0   0   0   0   0   0   0   0   0   0   0  87 110  46  49  92   8  26  45 103  60  10  33  76  53  46  80  20   6  20 107  78 113   4  69  24  88   0  66  43  33  92   3]
[  0   0   0   0   0   0   0   0   0   0   0   0   0   0   0   0   0   0   0   0   1   0   0   0   0   0   0   0   0   0   0   0  38  29 113  59 100 122  64  69  12  20 107  77  89  94  89  57  16  45  89 122   0  53  68  59  75   3  52  43  38  57  29  59]
[  0   0   0   0   0   0   0   0   0   0   0   0   0   0   0   0   0   0   0   0   0   1   0   0   0   0   0   0   0   0   0   0 106  39 121  91  15   4  13 124 115  92  72  73  40  58  60  49  94  11 108  90  22   1   5 119  76  24  21 101  80  88  33  51]
[  0   0   0   0   0   0   0   0   0   0   0   0   0   0   0   0   0   0   0   0   0   0   1   0   0   0   0   0   0   0   0   0  17  13  24  60 122   5   4  65  99 116 109  14   2  83 120  36  28  83   3  58  33  88  42  55  60  32  26  14  70  67  73  48]
[  0   0   0   0   0   0   0   0   0   0   0   0   0   0   0   0   0   0   0   0   0   0   0   1   0   0   0   0   0   0   0   0  84  31  13  36  12 101  86  11  91   3 109  50 126   1  85  40  39  80  31  64  10   0  57  75 126  52  43 105  41  35  41  43]
[  0   0   0   0   0   0   0   0   0   0   0   0   0   0   0   0   0   0   0   0   0   0   0   0   1   0   0   0   0   0   0   0 122  69  50 120 123  27 106  68  54  44  63  34  62  84  76   6  88  52  65  30  93  34  35  27  83  83  61  36  32   7 114  74]
[  0   0   0   0   0   0   0   0   0   0   0   0   0   0   0   0   0   0   0   0   0   0   0   0   0   1   0   0   0   0   0   0  52  34 120 113  26 107  52   6  17  24  58  12  48  54   0  44 119   6 106  47  81  23  13  37  59   8  55 114  81 110  42  28]
[  0   0   0   0   0   0   0   0   0   0   0   0   0   0   0   0   0   0   0   0   0   0   0   0   0   0   1   0   0   0   0   0  90  57  49  21  56  62 121  70  15  85 118  80   9  71 104   3  98   9 119   4 109  60  48  25  48  73  32  94   6 109  60  85]
[  0   0   0   0   0   0   0   0   0   0   0   0   0   0   0   0   0   0   0   0   0   0   0   0   0   0   0   1   0   0   0   0  56  31  10 111  25 108  67  96  13  53   9  25  80  39  56  23  55  95   5 111 120 118  68 113  17  25 110  23  16   0  55  23]
[  0   0   0   0   0   0   0   0   0   0   0   0   0   0   0   0   0   0   0   0   0   0   0   0   0   0   0   0   1   0   0   0  29  90   0  37  16  47  20  92  89  80   5  28  28  34  44  93  11  92 103   5  75  70  10  41 117  20  95  39   2  28  85  22]
[  0   0   0   0   0   0   0   0   0   0   0   0   0   0   0   0   0   0   0   0   0   0   0   0   0   0   0   0   0   1   0   0  25  39  82  75  95  80  55 118  69 114   1   1  62  69  97 102 118 119  61  59  87  21   5  79  76  35  11  18  14  96  71  39]
[  0   0   0   0   0   0   0   0   0   0   0   0   0   0   0   0   0   0   0   0   0   0   0   0   0   0   0   0   0   0   1   0  17 102  29 112  20   7  91  62 125 101 119  17  35 102 113 111 108  39 107  91 116  99  42  63  91  12 101 105  98 109 121  47]
[  0   0   0   0   0   0   0   0   0   0   0   0   0   0   0   0   0   0   0   0   0   0   0   0   0   0   0   0   0   0   0   1  44  34  78  61  33  42  64  49  33  27 110 100 102  72  15 111  14  93 109  73  65  84  69  37  45 120  53 123  56  34  34  59]
profile: [33, 1, 1, 1, 1, 1, 1, 1, 1, 1, 1, 1, 1, 1, 1, 1, 1, 1, 1, 1, 1, 1, 1, 1, 1, 1, 1, 1, 1, 1, 1, 1]
33<=B[0].wtL<=2079
B[0].wtH=33, B[0].wtL=1093

--- BKZ with beta=3, classic ---
profile after BKZ: [31, 3, 1, 1, 1, 1, 1, 1, 1, 1, 1, 1, 1, 1, 1, 1, 1, 1, 1, 1, 1, 1, 1, 1, 1, 1, 1, 1, 1, 1, 1, 1]
31<=B_red[0].wtL<=1953
B_red[0].wtH=31, B_red[0].wtL=973

--- BKZ with beta=3, selecting lowest lee wt. vec ---
profile after BKZ: [31, 3, 1, 1, 1, 1, 1, 1, 1, 1, 1, 1, 1, 1, 1, 1, 1, 1, 1, 1, 1, 1, 1, 1, 1, 1, 1, 1, 1, 1, 1, 1]
31<=B_red1[0].wtL<=1953
B_red1[0].wtH=31, B_red1[0].wtL=802

--- LeeBKZ with beta=3, bkz with minimum_lee_wt_codeword+primitive ---
profile after BKZ: [33, 1, 1, 1, 1, 1, 1, 1, 1, 1, 1, 1, 1, 1, 1, 1, 1, 1, 1, 1, 1, 1, 1, 1, 1, 1, 1, 1, 1, 1, 1, 1]
33<=B_red2[0].wtL<=2079
B_red2[0].wtH=33, B_red2[0].wtL=725

--- LeeBKZ with beta=3, bkz with minimum_lee_wt_codeword (may be non-primitive) ---
profile after BKZ: [33, 1, 1, 1, 1, 1, 1, 1, 1, 1, 1, 1, 1, 1, 1, 1, 1, 1, 1, 1, 1, 1, 1, 1, 1, 1, 1, 1, 1, 1, 1, 1]
33<=B_red3[0].wtL<=2079
B_red3[0].wtH=33, B_red3[0].wtL=582
[  1   0   0   0   0   0   0   0   0   0   0   0   0   0   0   0   0   0   0   0   0   0   0   0   0   0   0   0   0   0   0   0  37  93 122  80  72  59  75 105  72  43 105 107  76 102 110  61  23 116   8 102  78  85  51  11  99  20 101  83  88 113 107 101]
[  0   1   0   0   0   0   0   0   0   0   0   0   0   0   0   0   0   0   0   0   0   0   0   0   0   0   0   0   0   0   0   0  41  30  78  42 122  27  76  70  58  90  62  63 117  13  10 107  13  95 110  14  12  55 115  64 110  98 122   6 100  69  11   3]
[  0   0   1   0   0   0   0   0   0   0   0   0   0   0   0   0   0   0   0   0   0   0   0   0   0   0   0   0   0   0   0   0  48  56  53  58  72   7   8  32  87  16  47  35  57  82 110  70  20  36  42  59   9  19   0   0 100  40  92  43   4  37  31  11]
[  0   0   0   1   0   0   0   0   0   0   0   0   0   0   0   0   0   0   0   0   0   0   0   0   0   0   0   0   0   0   0   0  53 112  37   4 104 116  13 106 125  65  69   8  92   4 111 123 117  42 126  46 104   7 109  39   3  37  29  23  54  74 107 123]
[  0   0   0   0   1   0   0   0   0   0   0   0   0   0   0   0   0   0   0   0   0   0   0   0   0   0   0   0   0   0   0   0  76  27  18 104  59 118  32  98  34  80  99  42  97 117  50  84  59  45 117  79  58 122  82 116 110  85  96  47  22  69  17 107]
[  0   0   0   0   0   1   0   0   0   0   0   0   0   0   0   0   0   0   0   0   0   0   0   0   0   0   0   0   0   0   0   0  83 107  93   2  79 113 101  67 121  33  73 106  15  58 120  77  84  86   8  18   5 109  12 111   0 103  51  17  25  34  29  59]
[  0   0   0   0   0   0   1   0   0   0   0   0   0   0   0   0   0   0   0   0   0   0   0   0   0   0   0   0   0   0   0   0 122  90   2 112  30  53  21  43   2  55  14  65  35  95  50  42  91  41 125  10  61  21 120  66  81  79  12  16  49  50  40  15]
[  0   0   0   0   0   0   0   1   0   0   0   0   0   0   0   0   0   0   0   0   0   0   0   0   0   0   0   0   0   0   0   0  72  19 116 100 121   5   9  70  83 121  19  28 105  56  98   1 122  86 104  46  15  23  23 106 108  42  22 125  24   8 115  16]
[  0   0   0   0   0   0   0   0   1   0   0   0   0   0   0   0   0   0   0   0   0   0   0   0   0   0   0   0   0   0   0   0 116  45  41   1  20  42  55 106 108   4  16  30  73  15 109  63  20  33  94  82  62  30  22  99   8  31 110 103 123  25   9 108]
[  0   0   0   0   0   0   0   0   0   1   0   0   0   0   0   0   0   0   0   0   0   0   0   0   0   0   0   0   0   0   0   0  25  27  67 102  78  91  23 119  27 123  45  86 115  29  94  46 119 117  51 126 122  90 122  73  69  61  48 114  70  72  58  35]
[  0   0   0   0   0   0   0   0   0   0   1   0   0   0   0   0   0   0   0   0   0   0   0   0   0   0   0   0   0   0   0   0  71  25  59 106  80   8  17  68  76  24 116  86  28  45  50 120  70 122  91  66   4  85 125  35 106 121  64  48 104  83  68  29]
[  0   0   0   0   0   0   0   0   0   0   0   1   0   0   0   0   0   0   0   0   0   0   0   0   0   0   0   0   0   0   0   0  43  93  52  76  43 126  79   7 107  15 115  69  29  49   0 123  18 113  16 122  72  89  88 118  35 111  21  91 125   8  81 120]
[  0   0   0   0   0   0   0   0   0   0   0   0   1   0   0   0   0   0   0   0   0   0   0   0   0   0   0   0   0   0   0   0  25 116  82  35  46 101  76  27 107  68  73   3  34 126  54   0  37  25  13  71  42   0  68  19 108  38 118  95  18  86  92  56]
[  0   0   0   0   0   0   0   0   0   0   0   0   0   1   0   0   0   0   0   0   0   0   0   0   0   0   0   0   0   0   0   0  85 112  31  42  95  60  84  44   3  53  66  32  98  66 125  90 121  78 105 124  85  37  84  65  18  74   3 108  38  73 116  59]
[  0   0   0   0   0   0   0   0   0   0   0   0   0   0   1   0   0   0   0   0   0   0   0   0   0   0   0   0   0   0   0   0  80 116  35  79  81 101  76  83  28  53 126  58  13 103  47  38 111 114   6  87 120  98 115  44  26  10  74 122   3  40  94  58]
[  0   0   0   0   0   0   0   0   0   0   0   0   0   0   0   1   0   0   0   0   0   0   0   0   0   0   0   0   0   0   0   0  43  11  13 105  82  47  34  21  78  82  68 108  23  75 115  68  36  64  60  30  42  30  78   8 109  29  92  38 122 100  37  17]
[  0   0   0   0   0   0   0   0   0   0   0   0   0   0   0   0   1   0   0   0   0   0   0   0   0   0   0   0   0   0   0   0  30  89 126  24   4  27 114  96   7  89   4  86 106  56 113  18  43  75 125  98  60  73  23  83 107  86  64  87  19 105  51  76]
[  0   0   0   0   0   0   0   0   0   0   0   0   0   0   0   0   0   1   0   0   0   0   0   0   0   0   0   0   0   0   0   0  20  86  87   4  63 123  80 103  27  20  75  27  51 110  91  71  15  86 122 102  69  50   7 122  99  63  49  56  12  47  77  64]
[  0   0   0   0   0   0   0   0   0   0   0   0   0   0   0   0   0   0   1   0   0   0   0   0   0   0   0   0   0   0   0   0 105 112  31  12  81  63  14  20  89  90  57   2   3  62  95  38  75  76  47  31  52  35  89 122 117  33  60  44 117  99  51 113]
[  0   0   0   0   0   0   0   0   0   0   0   0   0   0   0   0   0   0   0   1   0   0   0   0   0   0   0   0   0   0   0   0  49  86  33  36  63  37 103  54  35  88  85 112  28  48  69  42  62  41  61  19 111  54  83  79   7  30  73  31  77 102  67  89]
[  0   0   0   0   0   0   0   0   0   0   0   0   0   0   0   0   0   0   0   0   1   0   0   0   0   0   0   0   0   0   0   0  46  62 115  95  23  13  81  92  37  15  81  92 126 109  19  53  47  51  27  84  36  95 125  19  75  51 124  69  55  60  64 124]
[  0   0   0   0   0   0   0   0   0   0   0   0   0   0   0   0   0   0   0   0   0   1   0   0   0   0   0   0   0   0   0   0 110   5  67  84  25   1  98  39  36   1  21  36   8  45 121 118 112  25 126  33   1  76  87  71  77  24  82  42  46  21  19  40]
[  0   0   0   0   0   0   0   0   0   0   0   0   0   0   0   0   0   0   0   0   0   0   1   0   0   0   0   0   0   0   0   0  42   4   6  13  36  30 126  64  12  40 109 122 119 119 113   5  14  99 103 118   7  99  40  28  88  47  32  56  64  63   9   5]
[  0   0   0   0   0   0   0   0   0   0   0   0   0   0   0   0   0   0   0   0   0   0   0   1   0   0   0   0   0   0   0   0 106  37  81  11   7 102   0  57  73  26  70  96  44   4  90   0  80 122  41   9 101 112  60  29 102  21  31  94  51  26  95  31]
[  0   0   0   0   0   0   0   0   0   0   0   0   0   0   0   0   0   0   0   0   0   0   0   0   1   0   0   0   0   0   0   0  35  74  68  49  11  65  49  13  93  15  48 115  52 113  48  43  66  24 101  19  45  60  35  26  59 107 120  10 115  93 123  68]
[  0   0   0   0   0   0   0   0   0   0   0   0   0   0   0   0   0   0   0   0   0   0   0   0   0   1   0   0   0   0   0   0  39  61  75  46  71   0  71  64   3  64  36  92  40  15   9  23  43 109 106  72 108  27  11  24  96  26  84 123  66 102 107  43]
[  0   0   0   0   0   0   0   0   0   0   0   0   0   0   0   0   0   0   0   0   0   0   0   0   0   0   1   0   0   0   0   0  66  12  33   7  57  10  78   8  11  43  33  73  65  97 103   6 117  68  84 108  76  23  14  47  49  24 108  57  82 126  89  66]
[  0   0   0   0   0   0   0   0   0   0   0   0   0   0   0   0   0   0   0   0   0   0   0   0   0   0   0   1   0   0   0   0  31   8   2  10  18  15 110  74  70  48 115  43  14 119  92 102   8   8  71  87  73  53  64  68   7 122 106  46  29 101  24 106]
[  0   0   0   0   0   0   0   0   0   0   0   0   0   0   0   0   0   0   0   0   0   0   0   0   0   0   0   0   1   0   0   0  82  87  74  15  21  38  97  43  12  24  27 103  93  65  33  56  53   9 106 123  74  22  71 121  40  22  98  19  83  10  86  38]
[  0   0   0   0   0   0   0   0   0   0   0   0   0   0   0   0   0   0   0   0   0   0   0   0   0   0   0   0   0   1   0   0  62  87  96 105  18   9  86  67  34 113 104 113 115  32  15  70  17  94   6 102  87  82  62  19  65  45  93  61 117 106  59 112]
[  0   0   0   0   0   0   0   0   0   0   0   0   0   0   0   0   0   0   0   0   0   0   0   0   0   0   0   0   0   0   1   0   7  42  40   5 120  42  35   5  43 113 101 126  95  77  35  19  65  86 112  88 114  19 116  12  99  13 114  69  40 124  41  54]
[  0   0   0   0   0   0   0   0   0   0   0   0   0   0   0   0   0   0   0   0   0   0   0   0   0   0   0   0   0   0   0   1   4  25  93  27  13  55  97  12  92 104   5 112  24  87  30  44 107   7 105  50 125  92  27  25  20   0  61  92 107  13   7  69]
profile: [33, 1, 1, 1, 1, 1, 1, 1, 1, 1, 1, 1, 1, 1, 1, 1, 1, 1, 1, 1, 1, 1, 1, 1, 1, 1, 1, 1, 1, 1, 1, 1]
33<=B[0].wtL<=2079
B[0].wtH=33, B[0].wtL=1043

--- BKZ with beta=3, classic ---
profile after BKZ: [31, 3, 1, 1, 1, 1, 1, 1, 1, 1, 1, 1, 1, 1, 1, 1, 1, 1, 1, 1, 1, 1, 1, 1, 1, 1, 1, 1, 1, 1, 1, 1]
31<=B_red[0].wtL<=1953
B_red[0].wtH=31, B_red[0].wtL=1045

--- BKZ with beta=3, selecting lowest lee wt. vec ---
profile after BKZ: [31, 2, 2, 1, 1, 1, 1, 1, 1, 1, 1, 1, 1, 1, 1, 1, 1, 1, 1, 1, 1, 1, 1, 1, 1, 1, 1, 1, 1, 1, 1, 1]
31<=B_red1[0].wtL<=1953
B_red1[0].wtH=31, B_red1[0].wtL=684

--- LeeBKZ with beta=3, bkz with minimum_lee_wt_codeword+primitive ---
profile after BKZ: [32, 2, 1, 1, 1, 1, 1, 1, 1, 1, 1, 1, 1, 1, 1, 1, 1, 1, 1, 1, 1, 1, 1, 1, 1, 1, 1, 1, 1, 1, 1, 1]
32<=B_red2[0].wtL<=2016
B_red2[0].wtH=32, B_red2[0].wtL=676

--- LeeBKZ with beta=3, bkz with minimum_lee_wt_codeword (may be non-primitive) ---
profile after BKZ: [35, 1, 1, 1, 1, 1, 1, 1, 1, 1, 1, 1, 1, 1, 1, 1, 1, 1, 1, 1, 1, 1, 1, 1, 1, 1, 1, 1, 1, 1, 0, 0]
35<=B_red3[0].wtL<=2205
B_red3[0].wtH=35, B_red3[0].wtL=591
[  1   0   0   0   0   0   0   0   0   0   0   0   0   0   0   0   0   0   0   0   0   0   0   0   0   0   0   0   0   0   0   0  32  75 107  84  12  73  94  44  20 124  13  98  38 104  45  69  93  15  49   3  43  74  11  21 110  78  96 100  52 106  55  11]
[  0   1   0   0   0   0   0   0   0   0   0   0   0   0   0   0   0   0   0   0   0   0   0   0   0   0   0   0   0   0   0   0  14  81 102   5 104 103 104   9   1  88  63  27  88 100   5  28  14  45  21 116 100 122  87   8   1  62  64  64  23  73  19  95]
[  0   0   1   0   0   0   0   0   0   0   0   0   0   0   0   0   0   0   0   0   0   0   0   0   0   0   0   0   0   0   0   0  82  11  33  50 106  43  98 114  73  46  76   5  30  70  64 106  84  47  88  74 116  52   7  19  56  89 120  76  57  19 104  22]
[  0   0   0   1   0   0   0   0   0   0   0   0   0   0   0   0   0   0   0   0   0   0   0   0   0   0   0   0   0   0   0   0 107  12 112  74 101  93  63  42  89  57 119 122 113  39  14 106  13  66  24  37  75 104 116  65  78  29  43  71  79 122 105   4]
[  0   0   0   0   1   0   0   0   0   0   0   0   0   0   0   0   0   0   0   0   0   0   0   0   0   0   0   0   0   0   0   0 124  24  97 103 103 117  59 113 110   1  82  79 111  67  93  57  55   5 113  12  11  66  70  59  18  48 113 105 105 126 124   9]
[  0   0   0   0   0   1   0   0   0   0   0   0   0   0   0   0   0   0   0   0   0   0   0   0   0   0   0   0   0   0   0   0  88  85 111  66  84  78  73  50   9  54  93  24  58 118  57  34 115  12 109 121  76  91  25  42  63  72  78  91  26  74  27  66]
[  0   0   0   0   0   0   1   0   0   0   0   0   0   0   0   0   0   0   0   0   0   0   0   0   0   0   0   0   0   0   0   0  13  49  98  49 103  95  83  54   4   7  14   6 123  59  65  76   8  87  10  78  34  61  50  86  24  11  99   3 106  19  88  85]
[  0   0   0   0   0   0   0   1   0   0   0   0   0   0   0   0   0   0   0   0   0   0   0   0   0   0   0   0   0   0   0   0  44  40 107  53  84  30  18  82 121  54  34  43   2 125  66  27  31  11 112 118  66  44 122 121  51  98  50   1  79 119  20  16]
[  0   0   0   0   0   0   0   0   1   0   0   0   0   0   0   0   0   0   0   0   0   0   0   0   0   0   0   0   0   0   0   0  80  43  96 101 100  73  63 111  50  37  17  91  65  63  81   8  86  52  59  92  43  48  50  30  50  30  75  84 106  30  11  88]
[  0   0   0   0   0   0   0   0   0   1   0   0   0   0   0   0   0   0   0   0   0   0   0   0   0   0   0   0   0   0   0   0  28  87 112  25  40  56 103  11  60  82   5  11  48  36  26  74  55  98  83  45  62 114  37   4  34  73  49  94  73  25  73  82]
[  0   0   0   0   0   0   0   0   0   0   1   0   0   0   0   0   0   0   0   0   0   0   0   0   0   0   0   0   0   0   0   0  21   3  16  45 118  35  83  74  32  82  35  56 103 102  79  46  60  64 122  98  99   8  78  53  38  18  44  46  21  91  65  51]
[  0   0   0   0   0   0   0   0   0   0   0   1   0   0   0   0   0   0   0   0   0   0   0   0   0   0   0   0   0   0   0   0   9  49   8 113  54 118 100  67  66  39  16 120 110  59  24  20  42  31  32  28 102  60 109 124  85 126  56 102  27  92  89 102]
[  0   0   0   0   0   0   0   0   0   0   0   0   1   0   0   0   0   0   0   0   0   0   0   0   0   0   0   0   0   0   0   0  96  40  11  24  31  78 121  29  79  55 121  68  34   6  43   6  73 100   4  52 124  27  71   3 103 121   2  72  96  34  81  31]
[  0   0   0   0   0   0   0   0   0   0   0   0   0   1   0   0   0   0   0   0   0   0   0   0   0   0   0   0   0   0   0   0  52 109  89  97  20 103  61  75 101  99  16 116   9  29  43 122   9  69 101   1  65  11   2  42 125 105  29 103  81  24  22  57]
[  0   0   0   0   0   0   0   0   0   0   0   0   0   0   1   0   0   0   0   0   0   0   0   0   0   0   0   0   0   0   0   0  28  14  72   6 115 112 108 118  34  73 109  36 108  76  92  91 111  90  15  19  95 123  65  91 121  57  65  35  18 117  53 115]
[  0   0   0   0   0   0   0   0   0   0   0   0   0   0   0   1   0   0   0   0   0   0   0   0   0   0   0   0   0   0   0   0  93 122  15  87   6  74  91  34  36  68  44  82  33  97  28  58 107  64  60 122 124  45  77   0  15  85 112  17  95  79   3  99]
[  0   0   0   0   0   0   0   0   0   0   0   0   0   0   0   0   1   0   0   0   0   0   0   0   0   0   0   0   0   0   0   0  98 100 126  23 118  29  73  22  84  15 121 108   2  75 110  36  70  27  97  70  24  80  60  80  52  61 105  82  40  29  43 117]
[  0   0   0   0   0   0   0   0   0   0   0   0   0   0   0   0   0   1   0   0   0   0   0   0   0   0   0   0   0   0   0   0   9  89  62 106  19  59 113  67  83  50  72 113  26  45  86  99  45  20  26  32  60  18 125 125   5  32  94  40   5  84   2   7]
[  0   0   0   0   0   0   0   0   0   0   0   0   0   0   0   0   0   0   1   0   0   0   0   0   0   0   0   0   0   0   0   0 118  37 106  20 104 118  49  20 105  25  91  97  25  41  88  66  75  52  48  25 126  32  41  30  83  78  48  18  18 110   1  70]
[  0   0   0   0   0   0   0   0   0   0   0   0   0   0   0   0   0   0   0   1   0   0   0   0   0   0   0   0   0   0   0   0  14 105  36  53  52  40   9  15  62 122  50  87 120   5  82  73  74  41  17  51  90 126  62  56   9  12  88  91   6 112  99  13]
[  0   0   0   0   0   0   0   0   0   0   0   0   0   0   0   0   0   0   0   0   1   0   0   0   0   0   0   0   0   0   0   0  76   1  56  72  24  68  71 118  88  97  12 123  44  90  71  14  71  37 123  69  42  78 112 122 119   0   3  13  90 113  17 125]
[  0   0   0   0   0   0   0   0   0   0   0   0   0   0   0   0   0   0   0   0   0   1   0   0   0   0   0   0   0   0   0   0  53  10  36  28  90 101  71 114 118  48  73  21  73 126  22 110  53  21  11  97 124  28  27  53 117  19  99  67  32  64  69  93]
[  0   0   0   0   0   0   0   0   0   0   0   0   0   0   0   0   0   0   0   0   0   0   1   0   0   0   0   0   0   0   0   0 124  59  24  83  12 125  33  45 120  28  38  55  26 110 119 126  12  24  39  93  11  94  22  57   0 111  11 110 118  95  96  36]
[  0   0   0   0   0   0   0   0   0   0   0   0   0   0   0   0   0   0   0   0   0   0   0   1   0   0   0   0   0   0   0   0   3  28 106  65  70  50  54  23  58  26  92  43  92 119  76  53   1  80  34  16  22 117  11  41  10  87  32  76  42  56  33  64]
[  0   0   0   0   0   0   0   0   0   0   0   0   0   0   0   0   0   0   0   0   0   0   0   0   1   0   0   0   0   0   0   0  12  22 113 125  31   7  64  90  55  90  98 100   2  74  83  16 115  11  80  96   5  88 100  44  19 101  47   2 106  47 105  26]
[  0   0   0   0   0   0   0   0   0   0   0   0   0   0   0   0   0   0   0   0   0   0   0   0   0   1   0   0   0   0   0   0  44  36  31   8  49  54   7  78  44  87   6 119 104  36  34  18   2  68 120  75 104  74 121  21  36  86 100  87 101  14  58  33]
[  0   0   0   0   0   0   0   0   0   0   0   0   0   0   0   0   0   0   0   0   0   0   0   0   0   0   1   0   0   0   0   0  99 117 117 112  73 100  31  85   0 106  86  88  54  83 110  19  67  35 121  40  12  61 105  36 106   2  24 119  75  59 120  86]
[  0   0   0   0   0   0   0   0   0   0   0   0   0   0   0   0   0   0   0   0   0   0   0   0   0   0   0   1   0   0   0   0 118  70  54   2  99  70 101  64  47  22  70  45  70  55  59  70  38  96  73  76  61   5  81  12  10  24  80  25  17  56  55  26]
[  0   0   0   0   0   0   0   0   0   0   0   0   0   0   0   0   0   0   0   0   0   0   0   0   0   0   0   0   1   0   0   0 113 120  15  85  52  72  50  45  85 111  61  52  41  66  25   1  96   4  85  99   1  56   8 113 109  47  44  45 113  71  91 121]
[  0   0   0   0   0   0   0   0   0   0   0   0   0   0   0   0   0   0   0   0   0   0   0   0   0   0   0   0   0   1   0   0  65  53  88   5 117 103  84   9  52  74  55 118  69  61   3  59  19  59  31  82 123  54  13 121  66  65  26  32   4  49   0 105]
[  0   0   0   0   0   0   0   0   0   0   0   0   0   0   0   0   0   0   0   0   0   0   0   0   0   0   0   0   0   0   1   0 110  55  32  11  35  90  58 110 114 116  59 103  98  14 122  70  81   3   6   1  19  25  12  83 117 122   4  89  45  89  78  35]
[  0   0   0   0   0   0   0   0   0   0   0   0   0   0   0   0   0   0   0   0   0   0   0   0   0   0   0   0   0   0   0   1  90 108  13  44  28  36  69   3  66  36  10  80 123  24  64  42  82  56  20  79  63 126  91  24 103 112 115  18  42  89  24   5]
profile: [33, 1, 1, 1, 1, 1, 1, 1, 1, 1, 1, 1, 1, 1, 1, 1, 1, 1, 1, 1, 1, 1, 1, 1, 1, 1, 1, 1, 1, 1, 1, 1]
33<=B[0].wtL<=2079
B[0].wtH=33, B[0].wtL=1012

--- BKZ with beta=3, classic ---
profile after BKZ: [30, 4, 1, 1, 1, 1, 1, 1, 1, 1, 1, 1, 1, 1, 1, 1, 1, 1, 1, 1, 1, 1, 1, 1, 1, 1, 1, 1, 1, 1, 1, 1]
30<=B_red[0].wtL<=1890
B_red[0].wtH=30, B_red[0].wtL=936

--- BKZ with beta=3, selecting lowest lee wt. vec ---
profile after BKZ: [30, 4, 1, 1, 1, 1, 1, 1, 1, 1, 1, 1, 1, 1, 1, 1, 1, 1, 1, 1, 1, 1, 1, 1, 1, 1, 1, 1, 1, 1, 1, 1]
30<=B_red1[0].wtL<=1890
B_red1[0].wtH=30, B_red1[0].wtL=716

--- LeeBKZ with beta=3, bkz with minimum_lee_wt_codeword+primitive ---
profile after BKZ: [33, 1, 1, 1, 1, 1, 1, 1, 1, 1, 1, 1, 1, 1, 1, 1, 1, 1, 1, 1, 1, 1, 1, 1, 1, 1, 1, 1, 1, 1, 1, 1]
33<=B_red2[0].wtL<=2079
B_red2[0].wtH=33, B_red2[0].wtL=688

--- LeeBKZ with beta=3, bkz with minimum_lee_wt_codeword (may be non-primitive) ---
profile after BKZ: [35, 1, 1, 1, 1, 1, 1, 1, 1, 1, 1, 1, 1, 1, 1, 1, 1, 1, 1, 1, 1, 1, 1, 1, 1, 1, 1, 1, 1, 1, 0, 0]
35<=B_red3[0].wtL<=2205
B_red3[0].wtH=35, B_red3[0].wtL=582
[  1   0   0   0   0   0   0   0   0   0   0   0   0   0   0   0   0   0   0   0   0   0   0   0   0   0   0   0   0   0   0   0   0   6 117   4   7 116 116  51  13  84  59  30  89 102 105 125 122  40 110  62  40  94   2  69  24  28 118  12 123 122  93 113]
[  0   1   0   0   0   0   0   0   0   0   0   0   0   0   0   0   0   0   0   0   0   0   0   0   0   0   0   0   0   0   0   0 116  21  43  30  24  46  83  92  45  30  82  47 113  92   4 114  39  37 126 122  60  27  88  41  20  26 106 101  16 108 123  96]
[  0   0   1   0   0   0   0   0   0   0   0   0   0   0   0   0   0   0   0   0   0   0   0   0   0   0   0   0   0   0   0   0  27 104   8 121   8  57  90  50   2  98  96  90  82 103  39 112  16  77 118  49 101  79  86  56  89  18  42  55  99 106  88 108]
[  0   0   0   1   0   0   0   0   0   0   0   0   0   0   0   0   0   0   0   0   0   0   0   0   0   0   0   0   0   0   0   0  28  99  70  22  74  73  57  45   0  98  37 117 118  88   1  92  92  20  42  58  33  95  20  10 113  63  59  88  56  66 105  23]
[  0   0   0   0   1   0   0   0   0   0   0   0   0   0   0   0   0   0   0   0   0   0   0   0   0   0   0   0   0   0   0   0  11   4 114 121 103  76  54  99  65  76  58  91  27   6  78  67 123 110  26  31  21  65  49  26  40  24  33 125  34  79  16 103]
[  0   0   0   0   0   1   0   0   0   0   0   0   0   0   0   0   0   0   0   0   0   0   0   0   0   0   0   0   0   0   0   0  13  87   1 125  94  97  51 125  40  24  93  75  83  45  72  10  18  35  79  57  33  89 103  23 112  82  99  25  65  65  10 110]
[  0   0   0   0   0   0   1   0   0   0   0   0   0   0   0   0   0   0   0   0   0   0   0   0   0   0   0   0   0   0   0   0   3  89  14  55  15  39  18 102  99  85  99  47  69  83  18  46  91  11 114  21  56  64  72   9 123  52 105  65  38  75  24  51]
[  0   0   0   0   0   0   0   1   0   0   0   0   0   0   0   0   0   0   0   0   0   0   0   0   0   0   0   0   0   0   0   0  23 107  95  74  15 125 125  78  34 100 114  79  69  68  49  33  71   0 123  92  88  33  99  59  45 104 121  34  67 107  65  96]
[  0   0   0   0   0   0   0   0   1   0   0   0   0   0   0   0   0   0   0   0   0   0   0   0   0   0   0   0   0   0   0   0  99  84  76  49  25  28   0  32  95  14  48  97  40  43 103   1 123  70  77  16   7  82  25  28  62  98  41  41 106  26  83  43]
[  0   0   0   0   0   0   0   0   0   1   0   0   0   0   0   0   0   0   0   0   0   0   0   0   0   0   0   0   0   0   0   0  29  44  55  83   2   3  24  74 117   8   0 108   6  35  86  69  78   6 107  95  55  25  34 111  53  11  11 107  23  69  39 107]
[  0   0   0   0   0   0   0   0   0   0   1   0   0   0   0   0   0   0   0   0   0   0   0   0   0   0   0   0   0   0   0   0  21  79 100  12 115  60  28  54  35  77  31  47  96 122  98  22  90 108  34   9 119  36  54  65 117  35  64 121  17  48  24  49]
[  0   0   0   0   0   0   0   0   0   0   0   1   0   0   0   0   0   0   0   0   0   0   0   0   0   0   0   0   0   0   0   0   2  22  89  61  18  39  64  67  76  89 105  41 106  71  20  44 115  62 117  60  12  78  16  40  62  80  63  87  38 120  54  54]
[  0   0   0   0   0   0   0   0   0   0   0   0   1   0   0   0   0   0   0   0   0   0   0   0   0   0   0   0   0   0   0   0  52  40  81  81   7  94  78  60  20  28  91  11  61  13  30 101  86 120  82  24 117 103  63  47  52 120 118  16  71  68  82  61]
[  0   0   0   0   0   0   0   0   0   0   0   0   0   1   0   0   0   0   0   0   0   0   0   0   0   0   0   0   0   0   0   0   6 116  73  14   5  33  54  12 105  99  24  98 122  80  73   2 123  62 101  31  13   6  78 111  99 118  62  72  64 123   6  53]
[  0   0   0   0   0   0   0   0   0   0   0   0   0   0   1   0   0   0   0   0   0   0   0   0   0   0   0   0   0   0   0   0  66  62 113 114 123  23  78  69   7   8  38  39  57  90   7 125 107  52  53  66  14  30  64 116  57  86  67  31  17 126  66  78]
[  0   0   0   0   0   0   0   0   0   0   0   0   0   0   0   1   0   0   0   0   0   0   0   0   0   0   0   0   0   0   0   0 114  83  20  42 111  22 115  64  40  72  45  41 106  66 116  34  55   8  33   7  76  94 101  23 121  94 108 104  75  81  28  96]
[  0   0   0   0   0   0   0   0   0   0   0   0   0   0   0   0   1   0   0   0   0   0   0   0   0   0   0   0   0   0   0   0  10  67  32  40 106  75 107  24  77  49  77  86  85  32  89 123   4 114  39  88  84  51  21 108 106 103  79  56  63  98  48 106]
[  0   0   0   0   0   0   0   0   0   0   0   0   0   0   0   0   0   1   0   0   0   0   0   0   0   0   0   0   0   0   0   0 119  88  64 100  35  16 110  78 120  82  41  79  69  53  24  79 106  74 114  45   3  46  17   6  90  89   3  27  23  32  55 119]
[  0   0   0   0   0   0   0   0   0   0   0   0   0   0   0   0   0   0   1   0   0   0   0   0   0   0   0   0   0   0   0   0  37   2  29  81 102  27  66  38  71 121  74  79  99 126  64  30  76  74 105  79  54 100  96   7  21  78  58  85  86  88  21  26]
[  0   0   0   0   0   0   0   0   0   0   0   0   0   0   0   0   0   0   0   1   0   0   0   0   0   0   0   0   0   0   0   0  53 113  78 115  79  44  73  46   9  78  95  43  96  97  16  42  39  38  37  20 107  57  85  31  12  46  57 102  55  77   3  19]
[  0   0   0   0   0   0   0   0   0   0   0   0   0   0   0   0   0   0   0   0   1   0   0   0   0   0   0   0   0   0   0   0  58  29   5  26  89  93   8  67  65 103  41  38  35  73  87 115 108  10  47  80  32  93 107  61   6 102 108  54 109  39  39  49]
[  0   0   0   0   0   0   0   0   0   0   0   0   0   0   0   0   0   0   0   0   0   1   0   0   0   0   0   0   0   0   0   0 117  60 111  33 109  29  76  13  78  18   9   8  85  82  39   4  37  78 125 106  35  40  24   3  57 107  14  38 110  91  66  94]
[  0   0   0   0   0   0   0   0   0   0   0   0   0   0   0   0   0   0   0   0   0   0   1   0   0   0   0   0   0   0   0   0 112  82  71  23  96  56  39  86 109  22  16   1   5  78   6 106  34  32  42  36  58 122 124 121  72  39 104   5 123 117  68  44]
[  0   0   0   0   0   0   0   0   0   0   0   0   0   0   0   0   0   0   0   0   0   0   0   1   0   0   0   0   0   0   0   0  72  40 120  56  32  59  68  12  66  73 104  46  42  93  14  74  98  76  74  98  75  81  80  33  33  75  22  17  76  27  27  90]
[  0   0   0   0   0   0   0   0   0   0   0   0   0   0   0   0   0   0   0   0   0   0   0   0   1   0   0   0   0   0   0   0 111  87  59  40  57  37  26  75 121  65 121 108  37  62  54  82  32  33   1 118  42   8  42  86  59  32 110  48  52  83  67  35]
[  0   0   0   0   0   0   0   0   0   0   0   0   0   0   0   0   0   0   0   0   0   0   0   0   0   1   0   0   0   0   0   0  62 103  74 101 125 105  32  77  51  72  68  22  85 109  75 112  64  70  72 112  80   4  84  34  26  46  65   1  76 124  52  36]
[  0   0   0   0   0   0   0   0   0   0   0   0   0   0   0   0   0   0   0   0   0   0   0   0   0   0   1   0   0   0   0   0  12  49  12  38  75 114  79   0  90 122  68 101  82 123  52   9  74 108  33  48  76  68  43  21   7  89  86  69 109  94  26 118]
[  0   0   0   0   0   0   0   0   0   0   0   0   0   0   0   0   0   0   0   0   0   0   0   0   0   0   0   1   0   0   0   0  32  35  77  12  95 111  21  10  49  44  71  73  99  71  43  74  16  45 118  77  23  78  19 123  63  93  28  50  76  62  67  85]
[  0   0   0   0   0   0   0   0   0   0   0   0   0   0   0   0   0   0   0   0   0   0   0   0   0   0   0   0   1   0   0   0 124  73  79 109  11 107  92  89 106  17  59  11 120  40 106  69 122   6   1   2  30   7  85  53  10   9  38 110 115  21  44   5]
[  0   0   0   0   0   0   0   0   0   0   0   0   0   0   0   0   0   0   0   0   0   0   0   0   0   0   0   0   0   1   0   0 104  46 123  87  74 123  23  15  52  40  50   0  77  17  19 118 117  39   2  23  77  40  43 126  83 103 120 126 116  84 104  88]
[  0   0   0   0   0   0   0   0   0   0   0   0   0   0   0   0   0   0   0   0   0   0   0   0   0   0   0   0   0   0   1   0  86  78  29  29  73  88  63  48  10  12  46  21 105  52   4   6  66  93 124  74  98  75  15 119  28  70  43  85  48  53  49 120]
[  0   0   0   0   0   0   0   0   0   0   0   0   0   0   0   0   0   0   0   0   0   0   0   0   0   0   0   0   0   0   0   1  87  34  61  87  96  56 125  45 122  55  97  56  32  40  22  69  67  82  47  33  13  89   2  99  47  90  63  26  53  87 114  69]
profile: [32, 2, 1, 1, 1, 1, 1, 1, 1, 1, 1, 1, 1, 1, 1, 1, 1, 1, 1, 1, 1, 1, 1, 1, 1, 1, 1, 1, 1, 1, 1, 1]
32<=B[0].wtL<=2016
B[0].wtH=32, B[0].wtL=720

--- BKZ with beta=3, classic ---
profile after BKZ: [31, 3, 1, 1, 1, 1, 1, 1, 1, 1, 1, 1, 1, 1, 1, 1, 1, 1, 1, 1, 1, 1, 1, 1, 1, 1, 1, 1, 1, 1, 1, 1]
31<=B_red[0].wtL<=1953
B_red[0].wtH=31, B_red[0].wtL=1003

--- BKZ with beta=3, selecting lowest lee wt. vec ---
profile after BKZ: [31, 3, 1, 1, 1, 1, 1, 1, 1, 1, 1, 1, 1, 1, 1, 1, 1, 1, 1, 1, 1, 1, 1, 1, 1, 1, 1, 1, 1, 1, 1, 1]
31<=B_red1[0].wtL<=1953
B_red1[0].wtH=31, B_red1[0].wtL=718

--- LeeBKZ with beta=3, bkz with minimum_lee_wt_codeword+primitive ---
profile after BKZ: [33, 1, 1, 1, 1, 1, 1, 1, 1, 1, 1, 1, 1, 1, 1, 1, 1, 1, 1, 1, 1, 1, 1, 1, 1, 1, 1, 1, 1, 1, 1, 1]
33<=B_red2[0].wtL<=2079
B_red2[0].wtH=33, B_red2[0].wtL=697

--- LeeBKZ with beta=3, bkz with minimum_lee_wt_codeword (may be non-primitive) ---
profile after BKZ: [34, 1, 1, 1, 1, 1, 1, 1, 1, 1, 1, 1, 1, 1, 1, 1, 1, 1, 1, 1, 1, 1, 1, 1, 1, 1, 1, 1, 1, 1, 1, 0]
34<=B_red3[0].wtL<=2142
B_red3[0].wtH=34, B_red3[0].wtL=583
[  1   0   0   0   0   0   0   0   0   0   0   0   0   0   0   0   0   0   0   0   0   0   0   0   0   0   0   0   0   0   0   0  92  42  94  40  84  73  73  91  34   9  75  78  63  13  27 102  28  30  84  22  54  19  12  68  53  40  87  21  27 119  35 122]
[  0   1   0   0   0   0   0   0   0   0   0   0   0   0   0   0   0   0   0   0   0   0   0   0   0   0   0   0   0   0   0   0   1  28  12   0  45  38  73  78   7  23  31  15  20 111  45  24 109  19  80  21  41  90   5 116  58  41  66  62  83  15  47  18]
[  0   0   1   0   0   0   0   0   0   0   0   0   0   0   0   0   0   0   0   0   0   0   0   0   0   0   0   0   0   0   0   0  10  27 116  34   6  85 122  13  61  11  10  59   6   5  98  43 110  88 110  93  66 116  43  45  25  16  87  63  32  50 103  52]
[  0   0   0   1   0   0   0   0   0   0   0   0   0   0   0   0   0   0   0   0   0   0   0   0   0   0   0   0   0   0   0   0  60 105  49  75  91  55 102  69  59 126  49 112 118   0  63  30  18  51  96  12  31  24   8  41 117 110   2  40  36  92  18  98]
[  0   0   0   0   1   0   0   0   0   0   0   0   0   0   0   0   0   0   0   0   0   0   0   0   0   0   0   0   0   0   0   0 104  88  80  85  51 102  18  30  99  93  76  14  47  93  70   2  25   6   2 111 102  75  83  98  23  61 116 120 115  62 107  47]
[  0   0   0   0   0   1   0   0   0   0   0   0   0   0   0   0   0   0   0   0   0   0   0   0   0   0   0   0   0   0   0   0  99  46 122  70  53  62 113  14  29  65  99 118  62  97 102 110  54   5  49   4  85 120  37  97  32  54  20 110   6 102  98  47]
[  0   0   0   0   0   0   1   0   0   0   0   0   0   0   0   0   0   0   0   0   0   0   0   0   0   0   0   0   0   0   0   0  42  69  23  90  36 111  23  75  49  16  33 120  70  84  83  90  71  15  64  11  93 126  83 122 126  29  21 104 101  84  60  52]
[  0   0   0   0   0   0   0   1   0   0   0   0   0   0   0   0   0   0   0   0   0   0   0   0   0   0   0   0   0   0   0   0  73  62 117  30  84  33  16 102  69   1  93  90  53  32  35 118  76  44  65  10  79  35  38   5  91  53   1  85  66  57 109 102]
[  0   0   0   0   0   0   0   0   1   0   0   0   0   0   0   0   0   0   0   0   0   0   0   0   0   0   0   0   0   0   0   0 120  84  23 115 103  46 118  55  43   2   4  26  77  26  55 125  63  73  70  94  38   4  48  63  51  82  42  12  34  65  78 121]
[  0   0   0   0   0   0   0   0   0   1   0   0   0   0   0   0   0   0   0   0   0   0   0   0   0   0   0   0   0   0   0   0  17  11   3  39  61  82   9  33  16 111 109  27  93  25  73 113  68  64  95  37  72  89  39   7  22  34  77  70   3 108  97  78]
[  0   0   0   0   0   0   0   0   0   0   1   0   0   0   0   0   0   0   0   0   0   0   0   0   0   0   0   0   0   0   0   0  38 105   7  55  23  90 105  37  21  55 115  18  31  95 103 112  29  74  70  10  57 112  61  69  97 120  10  41  52  12  93 118]
[  0   0   0   0   0   0   0   0   0   0   0   1   0   0   0   0   0   0   0   0   0   0   0   0   0   0   0   0   0   0   0   0 110  13  63  98  46  99 114  68  61  66 123  87  46  52  69  59  88  71   8  33  52  14  89  18   7  16  32 122  20 115  90  62]
[  0   0   0   0   0   0   0   0   0   0   0   0   1   0   0   0   0   0   0   0   0   0   0   0   0   0   0   0   0   0   0   0  52  42  61  58  36  97 121  40  82 103  31  19  62  53 110  74  54  71 102   8 109   2  34  30  89  54  17 102  62 107  11  25]
[  0   0   0   0   0   0   0   0   0   0   0   0   0   1   0   0   0   0   0   0   0   0   0   0   0   0   0   0   0   0   0   0  57  18  98  53  25  52  26  85  34  57  82 111  22  89 112  44  41 102  39  33  21  33  89 122  32  11  53  44 103  77 124  22]
[  0   0   0   0   0   0   0   0   0   0   0   0   0   0   1   0   0   0   0   0   0   0   0   0   0   0   0   0   0   0   0   0  53  13  97  99 115  31  23  23  21  47 105  95  54  99  46  68  49  23  95  95  74  80  88 111  13  69  55  82  25 103  93 100]
[  0   0   0   0   0   0   0   0   0   0   0   0   0   0   0   1   0   0   0   0   0   0   0   0   0   0   0   0   0   0   0   0  14  93 115  39  13  86 124  87  62  25  74  62  28 103  45  95  42  20   3  27  68 122  13  74  48  46  32  87 116  16  82  25]
[  0   0   0   0   0   0   0   0   0   0   0   0   0   0   0   0   1   0   0   0   0   0   0   0   0   0   0   0   0   0   0   0  37  36 126  34 118  36 114  63  60  59  95   6  66  73  88  15  93 100 126  16  96  88  87  40  88  53  46   7 105  74  73   9]
[  0   0   0   0   0   0   0   0   0   0   0   0   0   0   0   0   0   1   0   0   0   0   0   0   0   0   0   0   0   0   0   0  59  45  28  68  35  22 100  52  34  73 104 107  67 118  67 116  17  10   7  27  11  60 118  19   3  86  80   3  58  15  26  66]
[  0   0   0   0   0   0   0   0   0   0   0   0   0   0   0   0   0   0   1   0   0   0   0   0   0   0   0   0   0   0   0   0  82 123  33  16 101  96  39  45  63   6  62  84  37  79  88  98  73  58  84  13  72   0 122  50  34  41  23  27  79  52 122  29]
[  0   0   0   0   0   0   0   0   0   0   0   0   0   0   0   0   0   0   0   1   0   0   0   0   0   0   0   0   0   0   0   0  94  34  30   2  12  13 122 121  91  62  77 119  91 102 122  75  93  96  75  23  18 120  69  57  13  90  11   3  24  22  13 108]
[  0   0   0   0   0   0   0   0   0   0   0   0   0   0   0   0   0   0   0   0   1   0   0   0   0   0   0   0   0   0   0   0 117  87  33  51   3 123  56  72  61  82 105  56  42 123 112  86  35   0   4  30  24  83  51 123   0  74  54  63   2  59  47  89]
[  0   0   0   0   0   0   0   0   0   0   0   0   0   0   0   0   0   0   0   0   0   1   0   0   0   0   0   0   0   0   0   0 113  84  62 113  29 108   2  78  69 120  68  63 115  63  84  96  24  47  55  29  55 120 107  31 112  78  37  12  80 100   0 120]
[  0   0   0   0   0   0   0   0   0   0   0   0   0   0   0   0   0   0   0   0   0   0   1   0   0   0   0   0   0   0   0   0  26  34 119 112  33 103 115 103  19  14 119   9  33 107  94   0  34   5  66  63  58  69  29  31  65  97  50 105 108  71  58   5]
[  0   0   0   0   0   0   0   0   0   0   0   0   0   0   0   0   0   0   0   0   0   0   0   1   0   0   0   0   0   0   0   0  47 119  62   7  24  20 110  46  11  32  77   0  58  49  87   4 106  67  86  18 118  48  68  47  72  95  85   0  40 111  36   7]
[  0   0   0   0   0   0   0   0   0   0   0   0   0   0   0   0   0   0   0   0   0   0   0   0   1   0   0   0   0   0   0   0 126  82  81  62 123  29 109  65 122  56  55  47  10  76  66   2  93  18  82  98  24  93 118 101 104 121 113  85  72  55  64  41]
[  0   0   0   0   0   0   0   0   0   0   0   0   0   0   0   0   0   0   0   0   0   0   0   0   0   1   0   0   0   0   0   0   2  74  43  72 103  75 106  94  27   0  41  53  46   8 102   6  58  87  23  74  23  69 119 106  76  61 126   6  33 123  31  18]
[  0   0   0   0   0   0   0   0   0   0   0   0   0   0   0   0   0   0   0   0   0   0   0   0   0   0   1   0   0   0   0   0  75 116  24  90 122  28  81  69  94  66  56  11  12  67  51  72 117 122  82 116  76 117 104 112 104 111  55  66 120  22 113  10]
[  0   0   0   0   0   0   0   0   0   0   0   0   0   0   0   0   0   0   0   0   0   0   0   0   0   0   0   1   0   0   0   0  14  49 123  64  72  98  43  44  93  69  50  59  12  14 117  24  92  34  98  57  39  15 117  78   9  33 118  23   1  65   2  88]
[  0   0   0   0   0   0   0   0   0   0   0   0   0   0   0   0   0   0   0   0   0   0   0   0   0   0   0   0   1   0   0   0  14  89  11 113  71  37   2  82  37  83 103  60  25  86  63  31 109   1  35  70 124  10  63  12  59  45  35  64  26  51 108   0]
[  0   0   0   0   0   0   0   0   0   0   0   0   0   0   0   0   0   0   0   0   0   0   0   0   0   0   0   0   0   1   0   0  13 101  15  56  21 113 104  78 116   2  30 122  28  90  24 123  36  16  26   5  81  53  56  64  15  59 103 117  65  33  10  18]
[  0   0   0   0   0   0   0   0   0   0   0   0   0   0   0   0   0   0   0   0   0   0   0   0   0   0   0   0   0   0   1   0   4  15   7  48  25  65  15  60  56 120   9  53  56   3  38  33 104  58  72  38   0  20 121  72  59  24  50   0  20  92  53  42]
[  0   0   0   0   0   0   0   0   0   0   0   0   0   0   0   0   0   0   0   0   0   0   0   0   0   0   0   0   0   0   0   1   3 123   1  25  11  76 122  94  48  89  88  82  92  91  71  90 100  43 124 114  38  42  47 103 120  56  78  64  38  70   8  71]
profile: [33, 1, 1, 1, 1, 1, 1, 1, 1, 1, 1, 1, 1, 1, 1, 1, 1, 1, 1, 1, 1, 1, 1, 1, 1, 1, 1, 1, 1, 1, 1, 1]
33<=B[0].wtL<=2079
B[0].wtH=33, B[0].wtL=1106

--- BKZ with beta=3, classic ---
profile after BKZ: [31, 3, 1, 1, 1, 1, 1, 1, 1, 1, 1, 1, 1, 1, 1, 1, 1, 1, 1, 1, 1, 1, 1, 1, 1, 1, 1, 1, 1, 1, 1, 1]
31<=B_red[0].wtL<=1953
B_red[0].wtH=31, B_red[0].wtL=963

--- BKZ with beta=3, selecting lowest lee wt. vec ---
profile after BKZ: [31, 3, 1, 1, 1, 1, 1, 1, 1, 1, 1, 1, 1, 1, 1, 1, 1, 1, 1, 1, 1, 1, 1, 1, 1, 1, 1, 1, 1, 1, 1, 1]
31<=B_red1[0].wtL<=1953
B_red1[0].wtH=31, B_red1[0].wtL=763

--- LeeBKZ with beta=3, bkz with minimum_lee_wt_codeword+primitive ---
profile after BKZ: [33, 1, 1, 1, 1, 1, 1, 1, 1, 1, 1, 1, 1, 1, 1, 1, 1, 1, 1, 1, 1, 1, 1, 1, 1, 1, 1, 1, 1, 1, 1, 1]
33<=B_red2[0].wtL<=2079
B_red2[0].wtH=33, B_red2[0].wtL=682

--- LeeBKZ with beta=3, bkz with minimum_lee_wt_codeword (may be non-primitive) ---
profile after BKZ: [33, 1, 1, 1, 1, 1, 1, 1, 1, 1, 1, 1, 1, 1, 1, 1, 1, 1, 1, 1, 1, 1, 1, 1, 1, 1, 1, 1, 1, 1, 1, 1]
33<=B_red3[0].wtL<=2079
B_red3[0].wtH=33, B_red3[0].wtL=614
[  1   0   0   0   0   0   0   0   0   0   0   0   0   0   0   0   0   0   0   0   0   0   0   0   0   0   0   0   0   0   0   0  32  60  83  20   9  43  79 101  43  24 118  85  83  57 108  65 126  45  51  65 113  33  53  59  57  58  78   3  25  63  82  16]
[  0   1   0   0   0   0   0   0   0   0   0   0   0   0   0   0   0   0   0   0   0   0   0   0   0   0   0   0   0   0   0   0  24  72  65  18  55  90  82  88  31  73  67  23  84  52  14 115 102   3  21  89 124   1  60  47  87 120  31   0  84 115  72  36]
[  0   0   1   0   0   0   0   0   0   0   0   0   0   0   0   0   0   0   0   0   0   0   0   0   0   0   0   0   0   0   0   0  55  87  83  64 123  19  57 114  81  47  23  60  54  72  11  75   5 116   3   3  14   7 121  40 120  19  65  38 106  10  39  91]
[  0   0   0   1   0   0   0   0   0   0   0   0   0   0   0   0   0   0   0   0   0   0   0   0   0   0   0   0   0   0   0   0  39  14  86 115 112 105 103  19  80 125  37  87  24  68  80  90 122  80 113  52  87 117  21 122 119  76 114  17  53  75  15  90]
[  0   0   0   0   1   0   0   0   0   0   0   0   0   0   0   0   0   0   0   0   0   0   0   0   0   0   0   0   0   0   0   0 104   0  60   5  70  35 120  34  56  38  85 107  16  83 107  61  99   1  39 116  24  10  36  52 113  14 116 112  69  35  26  42]
[  0   0   0   0   0   1   0   0   0   0   0   0   0   0   0   0   0   0   0   0   0   0   0   0   0   0   0   0   0   0   0   0  40 124  51   9  22  33  65  76 116   3  13 104  75  27 100  55  21  20  64 119 101  81   0  43  85   1  85  73   1  46  91  25]
[  0   0   0   0   0   0   1   0   0   0   0   0   0   0   0   0   0   0   0   0   0   0   0   0   0   0   0   0   0   0   0   0  74  26  41 103  51  94  94 119   8 110  10 105  78  40  99  97  23  11 118  87  47  43  68  79 104 116  65  94  76  89 117  37]
[  0   0   0   0   0   0   0   1   0   0   0   0   0   0   0   0   0   0   0   0   0   0   0   0   0   0   0   0   0   0   0   0  69  79  71 109  43  75  36 107  72  50 116  52 118  78  54  77  58 104  64  58  28 117  94  97  55  73  95  32  35  64  34  67]
[  0   0   0   0   0   0   0   0   1   0   0   0   0   0   0   0   0   0   0   0   0   0   0   0   0   0   0   0   0   0   0   0 116  84  76  61 126 109 115  57 112 108  53 114  71  67  69 113   6  53   2 118  40  83  97  11  29 106  91  47  87   8  99  93]
[  0   0   0   0   0   0   0   0   0   1   0   0   0   0   0   0   0   0   0   0   0   0   0   0   0   0   0   0   0   0   0   0  72 123  50 112 103  84  34  33  21  54 109   4  36  38 122 115  53 107 104  37  58 101  80  93  88  19  65  61  94  64  71  29]
[  0   0   0   0   0   0   0   0   0   0   1   0   0   0   0   0   0   0   0   0   0   0   0   0   0   0   0   0   0   0   0   0  97  77  62  11  85  13  52  93  79 126  61  21  83  76  94  80  54  33  81  42  10 126  53  78  50  64 108  74 108 101  17  43]
[  0   0   0   0   0   0   0   0   0   0   0   1   0   0   0   0   0   0   0   0   0   0   0   0   0   0   0   0   0   0   0   0 124  64  71   5  98  52 118 118  55  75  86  92  56  84 108  46 116  64  51  27  61  93  79   6 113  47  85  21   1  64  16  98]
[  0   0   0   0   0   0   0   0   0   0   0   0   1   0   0   0   0   0   0   0   0   0   0   0   0   0   0   0   0   0   0   0  15  31   6 115  12  93  46  39  86   8  95 102 100  90   2 100  72 106   4 122  59  59  10  54 110  24  94 114  12  58  90  54]
[  0   0   0   0   0   0   0   0   0   0   0   0   0   1   0   0   0   0   0   0   0   0   0   0   0   0   0   0   0   0   0   0  95  36 108 111  76  89   1  44  48  52  27  34  87  76  27  21  46  45 123  86  58  66   8 102  65  47  74 124  15   4  76  55]
[  0   0   0   0   0   0   0   0   0   0   0   0   0   0   1   0   0   0   0   0   0   0   0   0   0   0   0   0   0   0   0   0  99  40 100 109  90  38  26  39  42 104  37  72  38  14   7  59 106  70  55  53 101  68   4  52 103  32   5   1  27 108  31 125]
[  0   0   0   0   0   0   0   0   0   0   0   0   0   0   0   1   0   0   0   0   0   0   0   0   0   0   0   0   0   0   0   0  40  47  13  19  52 104  10  53  27  48  16  75  29  13  76   6 126  72  38  96  42  91  59 100  35  36 119  57  63  41 111  69]
[  0   0   0   0   0   0   0   0   0   0   0   0   0   0   0   0   1   0   0   0   0   0   0   0   0   0   0   0   0   0   0   0  99  25 124  31  44  10  51  80 105  30  11  12  45  24 104  59   9  43  87  33 108 104  79  25  27   7  58  79  20  32  73  34]
[  0   0   0   0   0   0   0   0   0   0   0   0   0   0   0   0   0   1   0   0   0   0   0   0   0   0   0   0   0   0   0   0  81   0  67  12  71  62 107   1  29  15  93  60  28  91  37  37  98  90  26 126 113  97   2 101  18 110  23  45  90  87 112  55]
[  0   0   0   0   0   0   0   0   0   0   0   0   0   0   0   0   0   0   1   0   0   0   0   0   0   0   0   0   0   0   0   0 124 116  68  61  62  40 104  58 113  33  82  44  22  38   3   0  36  60 102  26  86  49  56  42  97  15  92 111  92  49   7 103]
[  0   0   0   0   0   0   0   0   0   0   0   0   0   0   0   0   0   0   0   1   0   0   0   0   0   0   0   0   0   0   0   0 114  19  24 126  46  93  49  46 125  63  55  17  32  41  70  77  42  47  12  25 116  24  60  62  95  13  14  87  96  64  57 123]
[  0   0   0   0   0   0   0   0   0   0   0   0   0   0   0   0   0   0   0   0   1   0   0   0   0   0   0   0   0   0   0   0 120  84  86  34  84 100 110  89 110 125  53  80 108   6  71  92 102  32  17  79  25 113  47  56  85 124 119  29  57  25 118  42]
[  0   0   0   0   0   0   0   0   0   0   0   0   0   0   0   0   0   0   0   0   0   1   0   0   0   0   0   0   0   0   0   0  76  56  76   6  75  32  50  29  49  42  19  36  21  56  16  78  42  97  89  56 101 120  55  87  87 101 121 124  30  70  96 117]
[  0   0   0   0   0   0   0   0   0   0   0   0   0   0   0   0   0   0   0   0   0   0   1   0   0   0   0   0   0   0   0   0  73  98  88  74 103  73  53  22   5   5  26  34  11  65  11  91  48  39  66 104  51  64  47  30  91  57  25  54  68   3  28  29]
[  0   0   0   0   0   0   0   0   0   0   0   0   0   0   0   0   0   0   0   0   0   0   0   1   0   0   0   0   0   0   0   0  29 114  28 121 104   8  80  53   8 107  96  92 117 100  87  66  18   4 122  92 106   4  35  18  24 115 118  22 101  65 109 111]
[  0   0   0   0   0   0   0   0   0   0   0   0   0   0   0   0   0   0   0   0   0   0   0   0   1   0   0   0   0   0   0   0  59  74  44  37  97  15  19  81  32 113  54  24 105  14  19  82 112  88  98  43  51  92  24 122 126  12 122  78   8  68  34 122]
[  0   0   0   0   0   0   0   0   0   0   0   0   0   0   0   0   0   0   0   0   0   0   0   0   0   1   0   0   0   0   0   0  70  47  74  43  32  70  58  90   6  95   3  85  72  18  52  73  58 119  47  39   3  50  80  10  34  75  26  22 105  78  59  27]
[  0   0   0   0   0   0   0   0   0   0   0   0   0   0   0   0   0   0   0   0   0   0   0   0   0   0   1   0   0   0   0   0  88  70  64  76  38  10 109  26  25 118   0 113 126  51  61  17  55 105  55  13  80 126   7 118  87  41  21  73  43 100  23  39]
[  0   0   0   0   0   0   0   0   0   0   0   0   0   0   0   0   0   0   0   0   0   0   0   0   0   0   0   1   0   0   0   0  50  87  16  16  40 111  68  13  98  53  89  20 109  89   8 111  57  16  52  52 113  97  87  41  61  18  50  80  79   1 103  96]
[  0   0   0   0   0   0   0   0   0   0   0   0   0   0   0   0   0   0   0   0   0   0   0   0   0   0   0   0   1   0   0   0  38  74  39  78  40 126 110  20  87   4  51  77  37 123  65  92 123  35  89  63  79 107   6 110 104  96 111  82  67  16 110 126]
[  0   0   0   0   0   0   0   0   0   0   0   0   0   0   0   0   0   0   0   0   0   0   0   0   0   0   0   0   0   1   0   0  58  15 119  49  20  28  84  92  92  12  17  24  40  12  67  79  94  81  98   9 109 123  90 116   4  92  27  39  30  30  75  37]
[  0   0   0   0   0   0   0   0   0   0   0   0   0   0   0   0   0   0   0   0   0   0   0   0   0   0   0   0   0   0   1   0  53  98  42  20   9  83 110  99 106 103 110  78  74  23  97  78  53  91  84  78  50  92  55 102   1  96  52  99  26  67  38 115]
[  0   0   0   0   0   0   0   0   0   0   0   0   0   0   0   0   0   0   0   0   0   0   0   0   0   0   0   0   0   0   0   1  94   9  12  55  91  97  19  27 126  22 102 100  97 114  52  80  92   9   8  15  41 109   3  84  87  33   7  93 104  28  88  25]
profile: [33, 1, 1, 1, 1, 1, 1, 1, 1, 1, 1, 1, 1, 1, 1, 1, 1, 1, 1, 1, 1, 1, 1, 1, 1, 1, 1, 1, 1, 1, 1, 1]
33<=B[0].wtL<=2079
B[0].wtH=33, B[0].wtL=1217

--- BKZ with beta=3, classic ---
profile after BKZ: [31, 3, 1, 1, 1, 1, 1, 1, 1, 1, 1, 1, 1, 1, 1, 1, 1, 1, 1, 1, 1, 1, 1, 1, 1, 1, 1, 1, 1, 1, 1, 1]
31<=B_red[0].wtL<=1953
B_red[0].wtH=31, B_red[0].wtL=919

--- BKZ with beta=3, selecting lowest lee wt. vec ---
profile after BKZ: [31, 3, 1, 1, 1, 1, 1, 1, 1, 1, 1, 1, 1, 1, 1, 1, 1, 1, 1, 1, 1, 1, 1, 1, 1, 1, 1, 1, 1, 1, 1, 1]
31<=B_red1[0].wtL<=1953
B_red1[0].wtH=31, B_red1[0].wtL=715

--- LeeBKZ with beta=3, bkz with minimum_lee_wt_codeword+primitive ---
profile after BKZ: [33, 1, 1, 1, 1, 1, 1, 1, 1, 1, 1, 1, 1, 1, 1, 1, 1, 1, 1, 1, 1, 1, 1, 1, 1, 1, 1, 1, 1, 1, 1, 1]
33<=B_red2[0].wtL<=2079
B_red2[0].wtH=33, B_red2[0].wtL=640

--- LeeBKZ with beta=3, bkz with minimum_lee_wt_codeword (may be non-primitive) ---
profile after BKZ: [35, 1, 1, 1, 1, 1, 1, 1, 1, 1, 1, 1, 1, 1, 1, 1, 1, 1, 1, 1, 1, 1, 1, 1, 1, 1, 1, 1, 1, 1, 0, 0]
35<=B_red3[0].wtL<=2205
B_red3[0].wtH=35, B_red3[0].wtL=609
[  1   0   0   0   0   0   0   0   0   0   0   0   0   0   0   0   0   0   0   0   0   0   0   0   0   0   0   0   0   0   0   0  13  43  32  66  99  46  65  43   3 101 114   4  76 123  39 109  86  86  46 123 103  84  14 101  16  28  41  81  94  83  81 100]
[  0   1   0   0   0   0   0   0   0   0   0   0   0   0   0   0   0   0   0   0   0   0   0   0   0   0   0   0   0   0   0   0  64 102  73 108 104  99  44  96  99  73  19 107 112  14 118  89 108 100 117 109 124  33  99  90  48  58  23  24  87 110 117  82]
[  0   0   1   0   0   0   0   0   0   0   0   0   0   0   0   0   0   0   0   0   0   0   0   0   0   0   0   0   0   0   0   0  64   4  68  47 110  66  75  31  44  96  97  93  95  95  27 105  86  46  30  41  31  75  21  91  64 125   4  56  63  92  11 110]
[  0   0   0   1   0   0   0   0   0   0   0   0   0   0   0   0   0   0   0   0   0   0   0   0   0   0   0   0   0   0   0   0  45 117 117  79  69  96  96  88   7  78  88  13  26  59 123  75  66  93  46  98  48   2  62  24  53  97  10  37  24  25  11  43]
[  0   0   0   0   1   0   0   0   0   0   0   0   0   0   0   0   0   0   0   0   0   0   0   0   0   0   0   0   0   0   0   0  78 107  32  20  33  27  82  82 111 104  75  78 121  63  30  69  75  87 103  26  39  57 122  32  10  71  66  23 111 122  48  52]
[  0   0   0   0   0   1   0   0   0   0   0   0   0   0   0   0   0   0   0   0   0   0   0   0   0   0   0   0   0   0   0   0  73  86  74 119 104   5  61  56 114  56  18  42 115  55  51 126  24  89 123  32 107 118  47 101  38  54  11  90  14  55  27  77]
[  0   0   0   0   0   0   1   0   0   0   0   0   0   0   0   0   0   0   0   0   0   0   0   0   0   0   0   0   0   0   0   0  63  37  36  94  10  53  79  16  68  50  38 101  14  15  28  82  25  17  57  79  58 116  78  12  48   1  46  60  61  30   1  18]
[  0   0   0   0   0   0   0   1   0   0   0   0   0   0   0   0   0   0   0   0   0   0   0   0   0   0   0   0   0   0   0   0  91  10  45  51  54  27  55 111  58  37  77  71  53 100 102  94  37 109  57  49  92  34  45  60 120  46 126 101  41  66   2  45]
[  0   0   0   0   0   0   0   0   1   0   0   0   0   0   0   0   0   0   0   0   0   0   0   0   0   0   0   0   0   0   0   0 125 123  26  67  90   4  86  86  62  27  23  15   7  84   8 103  23  75 123 125  41  53 122  83  17  91   4  93  76  91  75  36]
[  0   0   0   0   0   0   0   0   0   1   0   0   0   0   0   0   0   0   0   0   0   0   0   0   0   0   0   0   0   0   0   0  48  60  40   6  90 103  51  76  42 106 121   5  57  23   0  95  24  79  34 124 115 114  75  61 112  31  97  85  45  90  48 113]
[  0   0   0   0   0   0   0   0   0   0   1   0   0   0   0   0   0   0   0   0   0   0   0   0   0   0   0   0   0   0   0   0  82  47  65  71  14  77   8  79  87  34  83  12 103 116  32   3  63  90  86 109  95  20  13  25  46 104  68 100  57  50  45 111]
[  0   0   0   0   0   0   0   0   0   0   0   1   0   0   0   0   0   0   0   0   0   0   0   0   0   0   0   0   0   0   0   0 124  11  51 109 109  82  73  77  72  61  31  72 103   0 105  32  85  78 110   4 120  92   1  57  73  93  81  50  46  68  18  12]
[  0   0   0   0   0   0   0   0   0   0   0   0   1   0   0   0   0   0   0   0   0   0   0   0   0   0   0   0   0   0   0   0 103  79  12  95  96  18  38  71  88  58  89  17  87 105  85  69  52   7 102  68 101  88 108  66 108  96 108  84  30  28  45  47]
[  0   0   0   0   0   0   0   0   0   0   0   0   0   1   0   0   0   0   0   0   0   0   0   0   0   0   0   0   0   0   0   0 110  95  98  58  42  50  54  69  20  48  44  13 118  64  95  60  29 121 112  39  99  85  71   9  63  34  26  14 112 110  97  75]
[  0   0   0   0   0   0   0   0   0   0   0   0   0   0   1   0   0   0   0   0   0   0   0   0   0   0   0   0   0   0   0   0  87  86 100  43  45  58  52  82  27  95  17  64  23  66   4  98  20  52  92  41  88  97  31  31 109   7  75 103 102  17  55  69]
[  0   0   0   0   0   0   0   0   0   0   0   0   0   0   0   1   0   0   0   0   0   0   0   0   0   0   0   0   0   0   0   0  98  41   1  36  55 114  41  18  43   5  44  59   7  29  31  63  87   5  13  89  16  20  95  10  92   1  46  72  72  92  28 121]
[  0   0   0   0   0   0   0   0   0   0   0   0   0   0   0   0   1   0   0   0   0   0   0   0   0   0   0   0   0   0   0   0 102  65  59  96  82  44  67  38  96   9  70   2 103  65  76  95  53  90  19 101  32 109 111 121  22  20  70   9  13  18 106 109]
[  0   0   0   0   0   0   0   0   0   0   0   0   0   0   0   0   0   1   0   0   0   0   0   0   0   0   0   0   0   0   0   0 125  53   7 119  60  92  95  40  49  84  21 121  13  14  59  73  89   6  63  68  38  85  65  78  84  32   2 117  30  59 112   3]
[  0   0   0   0   0   0   0   0   0   0   0   0   0   0   0   0   0   0   1   0   0   0   0   0   0   0   0   0   0   0   0   0 120  16 104  87  89  82  91 121  96 119  36  21  98  85  30 117  93  84 111 100 125  24  21  12  59 120  12  59  57  45 121  29]
[  0   0   0   0   0   0   0   0   0   0   0   0   0   0   0   0   0   0   0   1   0   0   0   0   0   0   0   0   0   0   0   0  30 122  70  26  99 100   5   6  95  25   4   1  55  42   1  58  32  75  47  54  98  18  39  62  59  23  37 114  34 103  94  99]
[  0   0   0   0   0   0   0   0   0   0   0   0   0   0   0   0   0   0   0   0   1   0   0   0   0   0   0   0   0   0   0   0 123  57  94  72  42   8  51 100  14  82  67  47   0 122   1  77  28   2 119  79  30  19  58  42  77  76  42  46  20  65 101  93]
[  0   0   0   0   0   0   0   0   0   0   0   0   0   0   0   0   0   0   0   0   0   1   0   0   0   0   0   0   0   0   0   0  16  26  68  46 116  19  67 108  39  95  53 120   8  38  41   3  16  28  52  25  84  42  56  54  12   1  59  22  15 119 122  83]
[  0   0   0   0   0   0   0   0   0   0   0   0   0   0   0   0   0   0   0   0   0   0   1   0   0   0   0   0   0   0   0   0  33 126  78  95  82 117  81  33  40  57  78 115  33  59 126  40  47  29  65   6 112  72   7  34 116 113  54  33  37 108 115 112]
[  0   0   0   0   0   0   0   0   0   0   0   0   0   0   0   0   0   0   0   0   0   0   0   1   0   0   0   0   0   0   0   0  42 114  42  34  57  33 120  61  33  70 124  97  10  75  35  65  86  56 118  20  79   9  14  42 108  75  64 101  86  78 117  80]
[  0   0   0   0   0   0   0   0   0   0   0   0   0   0   0   0   0   0   0   0   0   0   0   0   1   0   0   0   0   0   0   0  54   6   1  53  81  80  14  50  67 107 124  35 106  23   2   7 125  55  26  90 103  38  19  32 105  51  50  96 121   8 113  54]
[  0   0   0   0   0   0   0   0   0   0   0   0   0   0   0   0   0   0   0   0   0   0   0   0   0   1   0   0   0   0   0   0  30  56  37 125  98 101 121  25  43  99  10 102  86  55 120 109  74 126 109  26  13  94 106   3 108 102  69  59  61  77  72 110]
[  0   0   0   0   0   0   0   0   0   0   0   0   0   0   0   0   0   0   0   0   0   0   0   0   0   0   1   0   0   0   0   0  60  19  12  20 124 101 100  50  33 103  51  98  61  56  12  26  17 107  61  97 110  89   1  99  90  87  20   5  58  28  71  19]
[  0   0   0   0   0   0   0   0   0   0   0   0   0   0   0   0   0   0   0   0   0   0   0   0   0   0   0   1   0   0   0   0  83 112  66 121  90 110  47  37  85  66  70  10  94  86   7  77  65  84  58  79  67  67  42  22 112   3  41  85  36  61  16  42]
[  0   0   0   0   0   0   0   0   0   0   0   0   0   0   0   0   0   0   0   0   0   0   0   0   0   0   0   0   1   0   0   0  60   4  60  46  11  55  87  80   6  38   3 120  97  85 123  17  35  90  14  53  30  12 111  69  38  68  44 112   8 117  82 115]
[  0   0   0   0   0   0   0   0   0   0   0   0   0   0   0   0   0   0   0   0   0   0   0   0   0   0   0   0   0   1   0   0  60   0  10  38  12  97  31 125  47  78  67 102 103  16  27 109  39   6 116  87  87 102   4  89  41  30  78   8   8 111  93  44]
[  0   0   0   0   0   0   0   0   0   0   0   0   0   0   0   0   0   0   0   0   0   0   0   0   0   0   0   0   0   0   1   0  72  31   2  83 114  94  30  16  66  25  32  39  47  13  31  66   1  90   9  49 109 121  65 121  96  47 100   0  87  83 105 100]
[  0   0   0   0   0   0   0   0   0   0   0   0   0   0   0   0   0   0   0   0   0   0   0   0   0   0   0   0   0   0   0   1  60  81   6  92  55  36  62  83  82  52  33   5  70  52 125 119  77  77   8  55 106  64  43  44  25   8  86 108 122  37  62  16]
profile: [33, 1, 1, 1, 1, 1, 1, 1, 1, 1, 1, 1, 1, 1, 1, 1, 1, 1, 1, 1, 1, 1, 1, 1, 1, 1, 1, 1, 1, 1, 1, 1]
33<=B[0].wtL<=2079
B[0].wtH=33, B[0].wtL=1007

--- BKZ with beta=3, classic ---
profile after BKZ: [31, 3, 1, 1, 1, 1, 1, 1, 1, 1, 1, 1, 1, 1, 1, 1, 1, 1, 1, 1, 1, 1, 1, 1, 1, 1, 1, 1, 1, 1, 1, 1]
31<=B_red[0].wtL<=1953
B_red[0].wtH=31, B_red[0].wtL=991

--- BKZ with beta=3, selecting lowest lee wt. vec ---
profile after BKZ: [31, 3, 1, 1, 1, 1, 1, 1, 1, 1, 1, 1, 1, 1, 1, 1, 1, 1, 1, 1, 1, 1, 1, 1, 1, 1, 1, 1, 1, 1, 1, 1]
31<=B_red1[0].wtL<=1953
B_red1[0].wtH=31, B_red1[0].wtL=784

--- LeeBKZ with beta=3, bkz with minimum_lee_wt_codeword+primitive ---
profile after BKZ: [33, 1, 1, 1, 1, 1, 1, 1, 1, 1, 1, 1, 1, 1, 1, 1, 1, 1, 1, 1, 1, 1, 1, 1, 1, 1, 1, 1, 1, 1, 1, 1]
33<=B_red2[0].wtL<=2079
B_red2[0].wtH=33, B_red2[0].wtL=735

--- LeeBKZ with beta=3, bkz with minimum_lee_wt_codeword (may be non-primitive) ---
profile after BKZ: [34, 1, 1, 1, 1, 1, 1, 1, 1, 1, 1, 1, 1, 1, 1, 1, 1, 1, 1, 1, 1, 1, 1, 1, 1, 1, 1, 1, 1, 1, 1, 0]
34<=B_red3[0].wtL<=2142
B_red3[0].wtH=34, B_red3[0].wtL=592
[  1   0   0   0   0   0   0   0   0   0   0   0   0   0   0   0   0   0   0   0   0   0   0   0   0   0   0   0   0   0   0   0  16  77  71 114 126  70  83 120  20  77  11  39  24 125  13  14 122 111 117 118  29  94  20   3  49   1  88  62  98   4   9 107]
[  0   1   0   0   0   0   0   0   0   0   0   0   0   0   0   0   0   0   0   0   0   0   0   0   0   0   0   0   0   0   0   0  73  44 103   2  15 116 122   8  27  88  65  10 101  90  51  82  19  28   7  43  74  57  54   6  78  80  32  36  91   9  90 121]
[  0   0   1   0   0   0   0   0   0   0   0   0   0   0   0   0   0   0   0   0   0   0   0   0   0   0   0   0   0   0   0   0  25  95 101  27  66 115  92 112 111  25 103  71   5  64  98  54   6   0  16 113 125  60  63  11  50  81  64  18 100  61  94 106]
[  0   0   0   1   0   0   0   0   0   0   0   0   0   0   0   0   0   0   0   0   0   0   0   0   0   0   0   0   0   0   0   0  14 112  66  19  61   6  74  76   1  26 111 104  96  57  71  39  20  86  67 103  93  25  58  13 120  23  67  88  90   1  15 107]
[  0   0   0   0   1   0   0   0   0   0   0   0   0   0   0   0   0   0   0   0   0   0   0   0   0   0   0   0   0   0   0   0 109 114   5  88  62 120  99  97 104  39 114 126   9  69   9  75 120 125  80 120 110 118  90  65   6  65 115  52 109  16 112 109]
[  0   0   0   0   0   1   0   0   0   0   0   0   0   0   0   0   0   0   0   0   0   0   0   0   0   0   0   0   0   0   0   0  77 121  67  25  22 113  16  20 123 120  70   2  38  26  41  45 111  68  44  66  92  68 111 107 107  48  25 103  84  16  32 100]
[  0   0   0   0   0   0   1   0   0   0   0   0   0   0   0   0   0   0   0   0   0   0   0   0   0   0   0   0   0   0   0   0   3  96 110  12  99  75 102  78  24  30  63  49  12  47  95 117  72  72 109 100 121  78  29 101  26  66  99  42  14  17  94  22]
[  0   0   0   0   0   0   0   1   0   0   0   0   0   0   0   0   0   0   0   0   0   0   0   0   0   0   0   0   0   0   0   0  83  28  91  43  97  34 123  17  88   6  58  29   8  54  24  85  51   3  89  84  51  48 110   4 121  21  40  21  29 104  37  24]
[  0   0   0   0   0   0   0   0   1   0   0   0   0   0   0   0   0   0   0   0   0   0   0   0   0   0   0   0   0   0   0   0  88  28  78  33  64  94  98 108  46   2  19  85  35 123 117   6  81  68  24  85  94 110  92  38  13  65  22  93 120 121   9  56]
[  0   0   0   0   0   0   0   0   0   1   0   0   0   0   0   0   0   0   0   0   0   0   0   0   0   0   0   0   0   0   0   0   9  14 114 105  93  24  12  48  52  14  79  34  74  38  65  58 107   4  35  31  85  89  17  96  85 116  46  57  27   7  68 124]
[  0   0   0   0   0   0   0   0   0   0   1   0   0   0   0   0   0   0   0   0   0   0   0   0   0   0   0   0   0   0   0   0  15  51  21  52  85 105  21  19  66   6  60   9  82  81  84  45  89  10  17  73  57  52  94  62  96  64   7  28  92  99  81 111]
[  0   0   0   0   0   0   0   0   0   0   0   1   0   0   0   0   0   0   0   0   0   0   0   0   0   0   0   0   0   0   0   0  73 126  70  90  24  37  69 100  26 120  28 109  20  45  31  74  75  60  11 104  72   9  63 105  94  86   7  35   0  98 122  28]
[  0   0   0   0   0   0   0   0   0   0   0   0   1   0   0   0   0   0   0   0   0   0   0   0   0   0   0   0   0   0   0   0 124 115  53  99   4 124  46  12  25  84  85  70  39  86   8  34  64 120  15  79  58 105 125 120   0  22  88 101  24  23   9  25]
[  0   0   0   0   0   0   0   0   0   0   0   0   0   1   0   0   0   0   0   0   0   0   0   0   0   0   0   0   0   0   0   0  12  24  56  95 105 120  83  68 104 111 111 110   8  75 105  12 125  92  76 114   1  82 112 114  38  11 104  32  25  30 123  74]
[  0   0   0   0   0   0   0   0   0   0   0   0   0   0   1   0   0   0   0   0   0   0   0   0   0   0   0   0   0   0   0   0   2   0  70  35  94  86 106  13   4 102  48  22   5  50  99  60  63   8  80   8  65  15 109  51  38  16  20 117  55 106  27  97]
[  0   0   0   0   0   0   0   0   0   0   0   0   0   0   0   1   0   0   0   0   0   0   0   0   0   0   0   0   0   0   0   0  45  69 121  48  59  53 117  64  51 107  53  27  66  94  25  97  47  64  41  77 107  27  68  33   7  13 110  89  71  34  84 105]
[  0   0   0   0   0   0   0   0   0   0   0   0   0   0   0   0   1   0   0   0   0   0   0   0   0   0   0   0   0   0   0   0  19  90  30  65  20  74  81 115  47  14  53 106 107   0  28 105 116  43 100  71  33  23  13  88  29  57 119  36  13 123  15  45]
[  0   0   0   0   0   0   0   0   0   0   0   0   0   0   0   0   0   1   0   0   0   0   0   0   0   0   0   0   0   0   0   0  26 102  40  24 113  80  99  60  65 124  53  97 117  93  84  69  14  66 118  46  84 110   7  94 102  21  94  73  60 111  19  86]
[  0   0   0   0   0   0   0   0   0   0   0   0   0   0   0   0   0   0   1   0   0   0   0   0   0   0   0   0   0   0   0   0  32  18  58 110  15  63  68 114  74  11   2  55  42  80  49  30  59 114  61   0  57   1 119  68  37  45  85 125  18  25  55  61]
[  0   0   0   0   0   0   0   0   0   0   0   0   0   0   0   0   0   0   0   1   0   0   0   0   0   0   0   0   0   0   0   0  71  81 108  34  52  32  98  75  46 111  56  74  42  22  27  25  71 122  26  85  30  17  80 117  33  10  92  61  40  53 101  31]
[  0   0   0   0   0   0   0   0   0   0   0   0   0   0   0   0   0   0   0   0   1   0   0   0   0   0   0   0   0   0   0   0  96  13 125  75 100  40  46 112  14 100 108  77  99  49  25  64   9 122   8  77 114  25  64  75  33  95  18  37  74 110  46 118]
[  0   0   0   0   0   0   0   0   0   0   0   0   0   0   0   0   0   0   0   0   0   1   0   0   0   0   0   0   0   0   0   0  56  20  10  11  55 121  26  38  66 102  16 116  62 110   7  85 112 105  86  53  10 123 119  80  79  59  92  15  17  11  24  74]
[  0   0   0   0   0   0   0   0   0   0   0   0   0   0   0   0   0   0   0   0   0   0   1   0   0   0   0   0   0   0   0   0  77  23 122  68 122  19  68  50 100  67  60  40  86 123  55   5  46  97  49  45  45  58 122  65   6  13  52  64  40  24  64  55]
[  0   0   0   0   0   0   0   0   0   0   0   0   0   0   0   0   0   0   0   0   0   0   0   1   0   0   0   0   0   0   0   0  61  82  48  79 115  64 102  29  21 102   0   6  63  77  44  76  31 102  53  84   5 119  72  65  47  11  64  60  44  31  63  19]
[  0   0   0   0   0   0   0   0   0   0   0   0   0   0   0   0   0   0   0   0   0   0   0   0   1   0   0   0   0   0   0   0   2  97  78  53  32   9  46  88 102  38  99  45  55  61  40  12 125  21   9  90  46  69 110  19  60 124  59  50  71  48  96  46]
[  0   0   0   0   0   0   0   0   0   0   0   0   0   0   0   0   0   0   0   0   0   0   0   0   0   1   0   0   0   0   0   0 118 102 104 109  77  15  79  81  94 119  45  25  57  98  17  36  49  46  71  27  26  83  76 107 103  59 111 125  71  10  16  79]
[  0   0   0   0   0   0   0   0   0   0   0   0   0   0   0   0   0   0   0   0   0   0   0   0   0   0   1   0   0   0   0   0  49  82  85  32 107 123 101  57  29  14  97  29  82  73  90 109  81  16 116  87  87  14  90  88  80  43 111  43  73 101  96  99]
[  0   0   0   0   0   0   0   0   0   0   0   0   0   0   0   0   0   0   0   0   0   0   0   0   0   0   0   1   0   0   0   0  93 107  56  66 109  72 125  65  94  59   5  11  42  25 100  48  44  23 126   2 117  54  60  98 117  70  36 123  25  72  40  99]
[  0   0   0   0   0   0   0   0   0   0   0   0   0   0   0   0   0   0   0   0   0   0   0   0   0   0   0   0   1   0   0   0 125  86  59  16  91  61  86   3  82  98  60  94  38  37  25   2  85  55  98 109  30  31  86 108  91  52  62  58  23  77  91  80]
[  0   0   0   0   0   0   0   0   0   0   0   0   0   0   0   0   0   0   0   0   0   0   0   0   0   0   0   0   0   1   0   0  64  29  82 114  81   7  99  10  68  61  70  20 102  53 107  83  19  76  97  26 117  85   8 105 124   1  27 109  50 102  86 119]
[  0   0   0   0   0   0   0   0   0   0   0   0   0   0   0   0   0   0   0   0   0   0   0   0   0   0   0   0   0   0   1   0  10 122  17  26  55  99  95 122   7  25  92  79  20  32  17  68 104  49  74   3  75 125 103  35  89  19 101  62  66  47  60 115]
[  0   0   0   0   0   0   0   0   0   0   0   0   0   0   0   0   0   0   0   0   0   0   0   0   0   0   0   0   0   0   0   1  90  54 112  85  63  42  95  53  79  65 122  90  44  65  81 103 116  48  83  73 116  42  62  84  72  93  62 115  99  26  15  77]
profile: [33, 1, 1, 1, 1, 1, 1, 1, 1, 1, 1, 1, 1, 1, 1, 1, 1, 1, 1, 1, 1, 1, 1, 1, 1, 1, 1, 1, 1, 1, 1, 1]
33<=B[0].wtL<=2079
B[0].wtH=33, B[0].wtL=756

--- BKZ with beta=3, classic ---
profile after BKZ: [31, 3, 1, 1, 1, 1, 1, 1, 1, 1, 1, 1, 1, 1, 1, 1, 1, 1, 1, 1, 1, 1, 1, 1, 1, 1, 1, 1, 1, 1, 1, 1]
31<=B_red[0].wtL<=1953
B_red[0].wtH=31, B_red[0].wtL=916

--- BKZ with beta=3, selecting lowest lee wt. vec ---
profile after BKZ: [31, 3, 1, 1, 1, 1, 1, 1, 1, 1, 1, 1, 1, 1, 1, 1, 1, 1, 1, 1, 1, 1, 1, 1, 1, 1, 1, 1, 1, 1, 1, 1]
31<=B_red1[0].wtL<=1953
B_red1[0].wtH=31, B_red1[0].wtL=707

--- LeeBKZ with beta=3, bkz with minimum_lee_wt_codeword+primitive ---
profile after BKZ: [31, 3, 1, 1, 1, 1, 1, 1, 1, 1, 1, 1, 1, 1, 1, 1, 1, 1, 1, 1, 1, 1, 1, 1, 1, 1, 1, 1, 1, 1, 1, 1]
31<=B_red2[0].wtL<=1953
B_red2[0].wtH=31, B_red2[0].wtL=707

--- LeeBKZ with beta=3, bkz with minimum_lee_wt_codeword (may be non-primitive) ---
profile after BKZ: [36, 1, 1, 1, 1, 1, 1, 1, 1, 1, 1, 1, 1, 1, 1, 1, 1, 1, 1, 1, 1, 1, 1, 1, 1, 1, 1, 1, 1, 0, 0, 0]
36<=B_red3[0].wtL<=2268
B_red3[0].wtH=36, B_red3[0].wtL=592


***************************************
******** STATISTICS FOR n=64 ********
***************************************

Modes:
(0) Input matrix (proper basis)
(1) Classic BKZ
(2) Classic BKZ + selecting lower Lee wt vec
(3) LEEBKZ + selecting primitive codeword of minimal Lee wt
(4) LEEBKZ + minimal Lee wt codeword without primitivity (InsertVector)
Reduced 10 matrices of size 32x64
(0): wtH[0]=32.9 wtL[0]=1003.0
(1): wtH[0]=30.8 wtL[0]=957.3 time=28.05860924720764
(2): wtH[0]=30.8 wtL[0]=743.5 time=5252.306044626236
(3): wtH[0]=32.7 wtL[0]=701.2 time=11811.468272018432
(4): wtH[0]=34.4 wtL[0]=598.0 time=13306.48002614975
