RANDOM_SEED=1

Hamming profile: [17, 1, 1, 1, 1, 1, 1, 1, 1, 1, 1, 1, 1, 1, 1, 1]
Lee profile: [47, 1, 1, 1, 1, 1, 1, 1, 1, 1, 1, 1, 1, 1, 1, 1]
17<=B[0].wtL<=85
B[0].wtH=17, B[0].wtL=47

--- LeeBKZ with beta=3, bkz with minimum_lee_wt_codeword (may be non-primitive) ---
[LEEbkz:MW_Codeword_LEE:0.005310535430908203 sec.]
[LEEbkz:MW_Codeword_LEE:0.001050710678100586 sec.]
[LEEbkz:MW_Codeword_LEE:0.001184701919555664 sec.]
[LEEbkz:MW_Codeword_LEE:0.00089263916015625 sec.]
[LEEbkz:MW_Codeword_LEE:0.0008993148803710938 sec.]
[LEEbkz:MW_Codeword_LEE:0.0006380081176757812 sec.]
[LEEbkz:MW_Codeword_LEE:0.0005788803100585938 sec.]
[LEEbkz:MW_Codeword_LEE:0.0008714199066162109 sec.]
[LEEbkz:MW_Codeword_LEE:0.0008211135864257812 sec.]
[LEEbkz:MW_Codeword_LEE:0.0005824565887451172 sec.]
[LEEbkz:MW_Codeword_LEE:0.0008800029754638672 sec.]
Hamming profile after BKZ: [14, 4, 1, 1, 1, 1, 1, 1, 1, 1, 1, 1, 1, 1, 1, 1]
Lee profile after BKZ: [28, 5, 1, 1, 1, 1, 1, 1, 1, 1, 1, 1, 1, 1, 1, 1]
14<=B_red[0].wtL<=70
B_red[0].wtH=14, B_red[0].wtL=28

Hamming profile: [16, 2, 1, 1, 1, 1, 1, 1, 1, 1, 1, 1, 1, 1, 1, 1]
Lee profile: [35, 5, 1, 1, 1, 1, 1, 1, 1, 1, 1, 1, 1, 1, 1, 1]
16<=B[0].wtL<=80
B[0].wtH=16, B[0].wtL=35

--- LeeBKZ with beta=3, bkz with minimum_lee_wt_codeword (may be non-primitive) ---
[LEEbkz:MW_Codeword_LEE:0.0010323524475097656 sec.]
[LEEbkz:MW_Codeword_LEE:0.0007829666137695312 sec.]
[LEEbkz:MW_Codeword_LEE:0.0010128021240234375 sec.]
[LEEbkz:MW_Codeword_LEE:0.0007750988006591797 sec.]
[LEEbkz:MW_Codeword_LEE:0.0010120868682861328 sec.]
[LEEbkz:MW_Codeword_LEE:0.0007708072662353516 sec.]
[LEEbkz:MW_Codeword_LEE:0.0005991458892822266 sec.]
[LEEbkz:MW_Codeword_LEE:0.0006086826324462891 sec.]
[LEEbkz:MW_Codeword_LEE:0.0005946159362792969 sec.]
[LEEbkz:MW_Codeword_LEE:0.0008029937744140625 sec.]
Hamming profile after BKZ: [16, 1, 2, 1, 1, 1, 1, 1, 1, 1, 1, 1, 1, 1, 1, 1]
Lee profile after BKZ: [30, 1, 2, 1, 1, 1, 1, 1, 1, 1, 1, 1, 1, 1, 1, 1]
16<=B_red[0].wtL<=80
B_red[0].wtH=16, B_red[0].wtL=30

Hamming profile: [16, 2, 1, 1, 1, 1, 1, 1, 1, 1, 1, 1, 1, 1, 1, 1]
Lee profile: [58, 5, 1, 1, 1, 1, 1, 1, 1, 1, 1, 1, 1, 1, 1, 1]
16<=B[0].wtL<=80
B[0].wtH=16, B[0].wtL=58

--- LeeBKZ with beta=3, bkz with minimum_lee_wt_codeword (may be non-primitive) ---
[LEEbkz:MW_Codeword_LEE:0.0011830329895019531 sec.]
[LEEbkz:MW_Codeword_LEE:0.0010204315185546875 sec.]
[LEEbkz:MW_Codeword_LEE:0.0010826587677001953 sec.]
[LEEbkz:MW_Codeword_LEE:0.0008919239044189453 sec.]
[LEEbkz:MW_Codeword_LEE:0.013839244842529297 sec.]
[LEEbkz:MW_Codeword_LEE:0.001104116439819336 sec.]
[LEEbkz:MW_Codeword_LEE:0.000993490219116211 sec.]
[LEEbkz:MW_Codeword_LEE:0.0011124610900878906 sec.]
[LEEbkz:MW_Codeword_LEE:0.0009541511535644531 sec.]
Hamming profile after BKZ: [11, 8, 1, 1, 1, 0, 1, 1, 1, 1, 1, 1, 1, 1, 1, 1]
Lee profile after BKZ: [24, 12, 1, 1, 1, 0, 1, 1, 1, 1, 1, 1, 1, 1, 1, 1]
11<=B_red[0].wtL<=55
B_red[0].wtH=11, B_red[0].wtL=24

Hamming profile: [15, 3, 1, 1, 1, 1, 1, 1, 1, 1, 1, 1, 1, 1, 1, 1]
Lee profile: [44, 6, 1, 1, 1, 1, 1, 1, 1, 1, 1, 1, 1, 1, 1, 1]
15<=B[0].wtL<=75
B[0].wtH=15, B[0].wtL=44

--- LeeBKZ with beta=3, bkz with minimum_lee_wt_codeword (may be non-primitive) ---
[LEEbkz:MW_Codeword_LEE:0.0012969970703125 sec.]
[LEEbkz:MW_Codeword_LEE:0.0012047290802001953 sec.]
[LEEbkz:MW_Codeword_LEE:0.0011570453643798828 sec.]
[LEEbkz:MW_Codeword_LEE:0.0009233951568603516 sec.]
[LEEbkz:MW_Codeword_LEE:0.0011200904846191406 sec.]
[LEEbkz:MW_Codeword_LEE:0.0006148815155029297 sec.]
[LEEbkz:MW_Codeword_LEE:0.0012233257293701172 sec.]
[LEEbkz:MW_Codeword_LEE:0.0010368824005126953 sec.]
[LEEbkz:MW_Codeword_LEE:0.0009965896606445312 sec.]
Hamming profile after BKZ: [16, 3, 1, 1, 0, 1, 1, 1, 1, 1, 1, 1, 1, 1, 1, 1]
Lee profile after BKZ: [27, 3, 1, 1, 0, 1, 1, 1, 1, 1, 1, 1, 1, 1, 1, 1]
16<=B_red[0].wtL<=80
B_red[0].wtH=16, B_red[0].wtL=27

Hamming profile: [13, 5, 1, 1, 1, 1, 1, 1, 1, 1, 1, 1, 1, 1, 1, 1]
Lee profile: [38, 12, 1, 1, 1, 1, 1, 1, 1, 1, 1, 1, 1, 1, 1, 1]
13<=B[0].wtL<=65
B[0].wtH=13, B[0].wtL=38

--- LeeBKZ with beta=3, bkz with minimum_lee_wt_codeword (may be non-primitive) ---
[LEEbkz:MW_Codeword_LEE:0.001230478286743164 sec.]
[LEEbkz:MW_Codeword_LEE:0.0010457038879394531 sec.]
[LEEbkz:MW_Codeword_LEE:0.0012404918670654297 sec.]
[LEEbkz:MW_Codeword_LEE:0.0009791851043701172 sec.]
[LEEbkz:MW_Codeword_LEE:0.0011487007141113281 sec.]
[LEEbkz:MW_Codeword_LEE:0.0006730556488037109 sec.]
[LEEbkz:MW_Codeword_LEE:0.000823974609375 sec.]
[LEEbkz:MW_Codeword_LEE:0.0008728504180908203 sec.]
[LEEbkz:MW_Codeword_LEE:0.0006253719329833984 sec.]
[LEEbkz:MW_Codeword_LEE:0.0005984306335449219 sec.]
Hamming profile after BKZ: [14, 3, 2, 1, 1, 1, 1, 1, 1, 1, 1, 1, 1, 1, 1, 1]
Lee profile after BKZ: [30, 6, 2, 1, 1, 1, 1, 1, 1, 1, 1, 1, 1, 1, 1, 1]
14<=B_red[0].wtL<=70
B_red[0].wtH=14, B_red[0].wtL=30

Hamming profile: [17, 1, 1, 1, 1, 1, 1, 1, 1, 1, 1, 1, 1, 1, 1, 1]
Lee profile: [51, 1, 1, 1, 1, 1, 1, 1, 1, 1, 1, 1, 1, 1, 1, 1]
17<=B[0].wtL<=85
B[0].wtH=17, B[0].wtL=51

--- LeeBKZ with beta=3, bkz with minimum_lee_wt_codeword (may be non-primitive) ---
[LEEbkz:MW_Codeword_LEE:0.0013108253479003906 sec.]
[LEEbkz:MW_Codeword_LEE:0.0010581016540527344 sec.]
[LEEbkz:MW_Codeword_LEE:0.0010867118835449219 sec.]
[LEEbkz:MW_Codeword_LEE:0.0006742477416992188 sec.]
[LEEbkz:MW_Codeword_LEE:0.0008871555328369141 sec.]
Hamming profile after BKZ: [13, 4, 2, 1, 1, 1, 1, 1, 1, 1, 1, 1, 1, 1, 1, 1]
Lee profile after BKZ: [31, 7, 2, 1, 1, 1, 1, 1, 1, 1, 1, 1, 1, 1, 1, 1]
13<=B_red[0].wtL<=65
B_red[0].wtH=13, B_red[0].wtL=31

Hamming profile: [13, 5, 1, 1, 1, 1, 1, 1, 1, 1, 1, 1, 1, 1, 1, 1]
Lee profile: [38, 8, 1, 1, 1, 1, 1, 1, 1, 1, 1, 1, 1, 1, 1, 1]
13<=B[0].wtL<=65
B[0].wtH=13, B[0].wtL=38

--- LeeBKZ with beta=3, bkz with minimum_lee_wt_codeword (may be non-primitive) ---
[LEEbkz:MW_Codeword_LEE:0.0012559890747070312 sec.]
[LEEbkz:MW_Codeword_LEE:0.0010116100311279297 sec.]
[LEEbkz:MW_Codeword_LEE:0.0009284019470214844 sec.]
[LEEbkz:MW_Codeword_LEE:0.0006604194641113281 sec.]
[LEEbkz:MW_Codeword_LEE:0.0008985996246337891 sec.]
Hamming profile after BKZ: [14, 2, 3, 1, 1, 1, 1, 1, 1, 1, 1, 1, 1, 1, 1, 1]
Lee profile after BKZ: [30, 2, 4, 1, 1, 1, 1, 1, 1, 1, 1, 1, 1, 1, 1, 1]
14<=B_red[0].wtL<=70
B_red[0].wtH=14, B_red[0].wtL=30

Hamming profile: [16, 2, 1, 1, 1, 1, 1, 1, 1, 1, 1, 1, 1, 1, 1, 1]
Lee profile: [36, 5, 1, 1, 1, 1, 1, 1, 1, 1, 1, 1, 1, 1, 1, 1]
16<=B[0].wtL<=80
B[0].wtH=16, B[0].wtL=36

--- LeeBKZ with beta=3, bkz with minimum_lee_wt_codeword (may be non-primitive) ---
[LEEbkz:MW_Codeword_LEE:0.0011653900146484375 sec.]
[LEEbkz:MW_Codeword_LEE:0.0006375312805175781 sec.]
[LEEbkz:MW_Codeword_LEE:0.0008871555328369141 sec.]
[LEEbkz:MW_Codeword_LEE:0.0006234645843505859 sec.]
[LEEbkz:MW_Codeword_LEE:0.0011513233184814453 sec.]
Hamming profile after BKZ: [17, 1, 1, 1, 1, 1, 1, 1, 1, 1, 1, 1, 1, 1, 1, 1]
Lee profile after BKZ: [30, 1, 1, 1, 1, 1, 1, 1, 1, 1, 1, 1, 1, 1, 1, 1]
17<=B_red[0].wtL<=85
B_red[0].wtH=17, B_red[0].wtL=30

Hamming profile: [16, 2, 1, 1, 1, 1, 1, 1, 1, 1, 1, 1, 1, 1, 1, 1]
Lee profile: [46, 3, 1, 1, 1, 1, 1, 1, 1, 1, 1, 1, 1, 1, 1, 1]
16<=B[0].wtL<=80
B[0].wtH=16, B[0].wtL=46

--- LeeBKZ with beta=3, bkz with minimum_lee_wt_codeword (may be non-primitive) ---
[LEEbkz:MW_Codeword_LEE:0.0010218620300292969 sec.]
[LEEbkz:MW_Codeword_LEE:0.0006608963012695312 sec.]
[LEEbkz:MW_Codeword_LEE:0.0008962154388427734 sec.]
[LEEbkz:MW_Codeword_LEE:0.000606536865234375 sec.]
[LEEbkz:MW_Codeword_LEE:0.0012781620025634766 sec.]
Hamming profile after BKZ: [17, 1, 1, 1, 1, 1, 1, 1, 1, 1, 1, 1, 1, 1, 1, 1]
Lee profile after BKZ: [33, 1, 1, 1, 1, 1, 1, 1, 1, 1, 1, 1, 1, 1, 1, 1]
17<=B_red[0].wtL<=85
B_red[0].wtH=17, B_red[0].wtL=33

Hamming profile: [15, 3, 1, 1, 1, 1, 1, 1, 1, 1, 1, 1, 1, 1, 1, 1]
Lee profile: [47, 7, 1, 1, 1, 1, 1, 1, 1, 1, 1, 1, 1, 1, 1, 1]
15<=B[0].wtL<=75
B[0].wtH=15, B[0].wtL=47

--- LeeBKZ with beta=3, bkz with minimum_lee_wt_codeword (may be non-primitive) ---
[LEEbkz:MW_Codeword_LEE:0.0009157657623291016 sec.]
[LEEbkz:MW_Codeword_LEE:0.0009572505950927734 sec.]
[LEEbkz:MW_Codeword_LEE:0.0010924339294433594 sec.]
[LEEbkz:MW_Codeword_LEE:0.0008819103240966797 sec.]
[LEEbkz:MW_Codeword_LEE:0.0005960464477539062 sec.]
[LEEbkz:MW_Codeword_LEE:0.0008358955383300781 sec.]
[LEEbkz:MW_Codeword_LEE:0.0006563663482666016 sec.]
Hamming profile after BKZ: [13, 5, 1, 1, 1, 1, 1, 1, 1, 1, 1, 1, 1, 1, 1, 1]
Lee profile after BKZ: [29, 6, 1, 1, 1, 1, 1, 1, 1, 1, 1, 1, 1, 1, 1, 1]
13<=B_red[0].wtL<=65
B_red[0].wtH=13, B_red[0].wtL=29


****************************************************
******** STATISTICS OVER N=10 samples ********
****************************************************
Reduced 10 matrices of size 16x32 over F11
Proper basis wtH[0]=15.4 wtL[0]=44.0
Reduced basis wtH[0]=14.5 wtL[0]=29.2
Reduced basis avg. k1=2.3
Avg.time=0.03506402969360352
Avg.Mw_codeword.calls=7.6
