RANDOM_SEED=3

Hamming profile: [60, 6, 1, 1, 1, 1, 1, 1, 1, 1, 1, 1, 1, 1, 1, 1, 1, 1, 1, 1, 1, 1, 1, 1, 1, 1, 1, 1, 1, 1, 1, 1, 1, 1, 1, 1, 1, 1, 1, 1, 1, 1, 1, 1, 1, 1, 1, 1, 1, 1, 1, 1, 1, 1, 1, 1, 1, 1, 1, 1, 1, 1, 1, 1]
Lee profile: [181, 10, 1, 1, 1, 1, 1, 1, 1, 1, 1, 1, 1, 1, 1, 1, 1, 1, 1, 1, 1, 1, 1, 1, 1, 1, 1, 1, 1, 1, 1, 1, 1, 1, 1, 1, 1, 1, 1, 1, 1, 1, 1, 1, 1, 1, 1, 1, 1, 1, 1, 1, 1, 1, 1, 1, 1, 1, 1, 1, 1, 1, 1, 1]
60<=B[0].wtL<=300
B[0].wtH=60, B[0].wtL=181

--- LeeBKZ with beta=3, bkz with minimum_lee_wt_codeword (may be non-primitive) ---
[LEEbkz:MW_Codeword_LEE:0.006646156311035156 sec.]
[LEEbkz:MW_Codeword_LEE:0.001682281494140625 sec.]
[LEEbkz:MW_Codeword_LEE:0.002405881881713867 sec.]
[LEEbkz:MW_Codeword_LEE:0.0015528202056884766 sec.]
[LEEbkz:MW_Codeword_LEE:0.0017325878143310547 sec.]
[LEEbkz:MW_Codeword_LEE:0.0022852420806884766 sec.]
[LEEbkz:MW_Codeword_LEE:0.001676797866821289 sec.]
[LEEbkz:MW_Codeword_LEE:0.0013909339904785156 sec.]
Hamming profile after BKZ: [58, 6, 3, 1, 1, 1, 1, 1, 1, 1, 1, 1, 1, 1, 1, 1, 1, 1, 1, 1, 1, 1, 1, 1, 1, 1, 1, 1, 1, 1, 1, 1, 1, 1, 1, 1, 1, 1, 1, 1, 1, 1, 1, 1, 1, 1, 1, 1, 1, 1, 1, 1, 1, 1, 1, 1, 1, 1, 1, 1, 1, 1, 1, 1]
Lee profile after BKZ: [141, 13, 4, 1, 1, 1, 1, 1, 1, 1, 1, 1, 1, 1, 1, 1, 1, 1, 1, 1, 1, 1, 1, 1, 1, 1, 1, 1, 1, 1, 1, 1, 1, 1, 1, 1, 1, 1, 1, 1, 1, 1, 1, 1, 1, 1, 1, 1, 1, 1, 1, 1, 1, 1, 1, 1, 1, 1, 1, 1, 1, 1, 1, 1]
58<=B_red[0].wtL<=290
B_red[0].wtH=58, B_red[0].wtL=141

Hamming profile: [62, 4, 1, 1, 1, 1, 1, 1, 1, 1, 1, 1, 1, 1, 1, 1, 1, 1, 1, 1, 1, 1, 1, 1, 1, 1, 1, 1, 1, 1, 1, 1, 1, 1, 1, 1, 1, 1, 1, 1, 1, 1, 1, 1, 1, 1, 1, 1, 1, 1, 1, 1, 1, 1, 1, 1, 1, 1, 1, 1, 1, 1, 1, 1]
Lee profile: [177, 11, 1, 1, 1, 1, 1, 1, 1, 1, 1, 1, 1, 1, 1, 1, 1, 1, 1, 1, 1, 1, 1, 1, 1, 1, 1, 1, 1, 1, 1, 1, 1, 1, 1, 1, 1, 1, 1, 1, 1, 1, 1, 1, 1, 1, 1, 1, 1, 1, 1, 1, 1, 1, 1, 1, 1, 1, 1, 1, 1, 1, 1, 1]
62<=B[0].wtL<=310
B[0].wtH=62, B[0].wtL=177

--- LeeBKZ with beta=3, bkz with minimum_lee_wt_codeword (may be non-primitive) ---
[LEEbkz:MW_Codeword_LEE:0.002510547637939453 sec.]
[LEEbkz:MW_Codeword_LEE:0.0017414093017578125 sec.]
[LEEbkz:MW_Codeword_LEE:0.002454519271850586 sec.]
[LEEbkz:MW_Codeword_LEE:0.0016071796417236328 sec.]
[LEEbkz:MW_Codeword_LEE:0.0012187957763671875 sec.]
[LEEbkz:MW_Codeword_LEE:0.0023670196533203125 sec.]
[LEEbkz:MW_Codeword_LEE:0.0015976428985595703 sec.]
[LEEbkz:MW_Codeword_LEE:0.0013470649719238281 sec.]
[LEEbkz:MW_Codeword_LEE:0.00164794921875 sec.]
Hamming profile after BKZ: [55, 11, 1, 1, 1, 1, 1, 1, 1, 1, 1, 1, 1, 1, 1, 1, 1, 1, 1, 1, 1, 1, 1, 1, 1, 1, 1, 1, 1, 1, 1, 1, 1, 1, 1, 1, 1, 1, 1, 1, 1, 1, 1, 1, 1, 1, 1, 1, 1, 1, 1, 1, 1, 1, 1, 1, 1, 1, 1, 1, 1, 1, 1, 1]
Lee profile after BKZ: [132, 15, 1, 1, 1, 1, 1, 1, 1, 1, 1, 1, 1, 1, 1, 1, 1, 1, 1, 1, 1, 1, 1, 1, 1, 1, 1, 1, 1, 1, 1, 1, 1, 1, 1, 1, 1, 1, 1, 1, 1, 1, 1, 1, 1, 1, 1, 1, 1, 1, 1, 1, 1, 1, 1, 1, 1, 1, 1, 1, 1, 1, 1, 1]
55<=B_red[0].wtL<=275
B_red[0].wtH=55, B_red[0].wtL=132

Hamming profile: [60, 6, 1, 1, 1, 1, 1, 1, 1, 1, 1, 1, 1, 1, 1, 1, 1, 1, 1, 1, 1, 1, 1, 1, 1, 1, 1, 1, 1, 1, 1, 1, 1, 1, 1, 1, 1, 1, 1, 1, 1, 1, 1, 1, 1, 1, 1, 1, 1, 1, 1, 1, 1, 1, 1, 1, 1, 1, 1, 1, 1, 1, 1, 1]
Lee profile: [176, 15, 1, 1, 1, 1, 1, 1, 1, 1, 1, 1, 1, 1, 1, 1, 1, 1, 1, 1, 1, 1, 1, 1, 1, 1, 1, 1, 1, 1, 1, 1, 1, 1, 1, 1, 1, 1, 1, 1, 1, 1, 1, 1, 1, 1, 1, 1, 1, 1, 1, 1, 1, 1, 1, 1, 1, 1, 1, 1, 1, 1, 1, 1]
60<=B[0].wtL<=300
B[0].wtH=60, B[0].wtL=176

--- LeeBKZ with beta=3, bkz with minimum_lee_wt_codeword (may be non-primitive) ---
[LEEbkz:MW_Codeword_LEE:0.0026369094848632812 sec.]
[LEEbkz:MW_Codeword_LEE:0.0018281936645507812 sec.]
[LEEbkz:MW_Codeword_LEE:0.0023767948150634766 sec.]
[LEEbkz:MW_Codeword_LEE:0.0015225410461425781 sec.]
[LEEbkz:MW_Codeword_LEE:0.0012276172637939453 sec.]
[LEEbkz:MW_Codeword_LEE:0.002312183380126953 sec.]
[LEEbkz:MW_Codeword_LEE:0.001485586166381836 sec.]
Hamming profile after BKZ: [59, 7, 1, 1, 1, 1, 1, 1, 1, 1, 1, 1, 1, 1, 1, 1, 1, 1, 1, 1, 1, 1, 1, 1, 1, 1, 1, 1, 1, 1, 1, 1, 1, 1, 1, 1, 1, 1, 1, 1, 1, 1, 1, 1, 1, 1, 1, 1, 1, 1, 1, 1, 1, 1, 1, 1, 1, 1, 1, 1, 1, 1, 1, 1]
Lee profile after BKZ: [144, 12, 1, 1, 1, 1, 1, 1, 1, 1, 1, 1, 1, 1, 1, 1, 1, 1, 1, 1, 1, 1, 1, 1, 1, 1, 1, 1, 1, 1, 1, 1, 1, 1, 1, 1, 1, 1, 1, 1, 1, 1, 1, 1, 1, 1, 1, 1, 1, 1, 1, 1, 1, 1, 1, 1, 1, 1, 1, 1, 1, 1, 1, 1]
59<=B_red[0].wtL<=295
B_red[0].wtH=59, B_red[0].wtL=144

Hamming profile: [55, 11, 1, 1, 1, 1, 1, 1, 1, 1, 1, 1, 1, 1, 1, 1, 1, 1, 1, 1, 1, 1, 1, 1, 1, 1, 1, 1, 1, 1, 1, 1, 1, 1, 1, 1, 1, 1, 1, 1, 1, 1, 1, 1, 1, 1, 1, 1, 1, 1, 1, 1, 1, 1, 1, 1, 1, 1, 1, 1, 1, 1, 1, 1]
Lee profile: [156, 27, 1, 1, 1, 1, 1, 1, 1, 1, 1, 1, 1, 1, 1, 1, 1, 1, 1, 1, 1, 1, 1, 1, 1, 1, 1, 1, 1, 1, 1, 1, 1, 1, 1, 1, 1, 1, 1, 1, 1, 1, 1, 1, 1, 1, 1, 1, 1, 1, 1, 1, 1, 1, 1, 1, 1, 1, 1, 1, 1, 1, 1, 1]
55<=B[0].wtL<=275
B[0].wtH=55, B[0].wtL=156

--- LeeBKZ with beta=3, bkz with minimum_lee_wt_codeword (may be non-primitive) ---
[LEEbkz:MW_Codeword_LEE:0.002451658248901367 sec.]
[LEEbkz:MW_Codeword_LEE:0.0016644001007080078 sec.]
[LEEbkz:MW_Codeword_LEE:0.0025751590728759766 sec.]
[LEEbkz:MW_Codeword_LEE:0.0015819072723388672 sec.]
[LEEbkz:MW_Codeword_LEE:0.002324342727661133 sec.]
[LEEbkz:MW_Codeword_LEE:0.001493215560913086 sec.]
[LEEbkz:MW_Codeword_LEE:0.0013685226440429688 sec.]
[LEEbkz:MW_Codeword_LEE:0.0022733211517333984 sec.]
[LEEbkz:MW_Codeword_LEE:0.0017254352569580078 sec.]
[LEEbkz:MW_Codeword_LEE:0.002450704574584961 sec.]
[LEEbkz:MW_Codeword_LEE:0.001695394515991211 sec.]
[LEEbkz:MW_Codeword_LEE:0.001523733139038086 sec.]
[LEEbkz:MW_Codeword_LEE:0.0025751590728759766 sec.]
[LEEbkz:MW_Codeword_LEE:0.0017559528350830078 sec.]
[LEEbkz:MW_Codeword_LEE:0.0024099349975585938 sec.]
[LEEbkz:MW_Codeword_LEE:0.0016748905181884766 sec.]
[LEEbkz:MW_Codeword_LEE:0.0014376640319824219 sec.]
[LEEbkz:MW_Codeword_LEE:0.002323627471923828 sec.]
[LEEbkz:MW_Codeword_LEE:0.001566171646118164 sec.]
[LEEbkz:MW_Codeword_LEE:0.0022635459899902344 sec.]
[LEEbkz:MW_Codeword_LEE:0.0015594959259033203 sec.]
[LEEbkz:MW_Codeword_LEE:0.001394033432006836 sec.]
[LEEbkz:MW_Codeword_LEE:0.002334117889404297 sec.]
[LEEbkz:MW_Codeword_LEE:0.0015716552734375 sec.]
[LEEbkz:MW_Codeword_LEE:0.0013878345489501953 sec.]
[LEEbkz:MW_Codeword_LEE:0.0012056827545166016 sec.]
[LEEbkz:MW_Codeword_LEE:0.0015578269958496094 sec.]
[LEEbkz:MW_Codeword_LEE:0.0025153160095214844 sec.]
[LEEbkz:MW_Codeword_LEE:0.0015375614166259766 sec.]
[LEEbkz:MW_Codeword_LEE:0.00139617919921875 sec.]
[LEEbkz:MW_Codeword_LEE:0.0022461414337158203 sec.]
[LEEbkz:MW_Codeword_LEE:0.0015361309051513672 sec.]
[LEEbkz:MW_Codeword_LEE:0.0013775825500488281 sec.]
[LEEbkz:MW_Codeword_LEE:0.001211404800415039 sec.]
[LEEbkz:MW_Codeword_LEE:0.0017464160919189453 sec.]
[LEEbkz:MW_Codeword_LEE:0.001436471939086914 sec.]
[LEEbkz:MW_Codeword_LEE:0.0021409988403320312 sec.]
[LEEbkz:MW_Codeword_LEE:0.002477407455444336 sec.]
Hamming profile after BKZ: [55, 9, 3, 1, 1, 1, 1, 1, 1, 1, 1, 1, 1, 1, 1, 1, 1, 1, 1, 1, 1, 1, 1, 1, 1, 1, 1, 1, 1, 1, 1, 1, 1, 1, 1, 1, 1, 1, 1, 1, 1, 1, 1, 1, 1, 1, 1, 1, 1, 1, 1, 1, 1, 1, 1, 1, 1, 1, 1, 1, 1, 1, 1, 1]
Lee profile after BKZ: [130, 19, 3, 1, 1, 1, 1, 1, 1, 1, 1, 1, 1, 1, 1, 1, 1, 1, 1, 1, 1, 1, 1, 1, 1, 1, 1, 1, 1, 1, 1, 1, 1, 1, 1, 1, 1, 1, 1, 1, 1, 1, 1, 1, 1, 1, 1, 1, 1, 1, 1, 1, 1, 1, 1, 1, 1, 1, 1, 1, 1, 1, 1, 1]
55<=B_red[0].wtL<=275
B_red[0].wtH=55, B_red[0].wtL=130

Hamming profile: [59, 6, 2, 1, 1, 1, 1, 1, 1, 1, 1, 1, 1, 1, 1, 1, 1, 1, 1, 1, 1, 1, 1, 1, 1, 1, 1, 1, 1, 1, 1, 1, 1, 1, 1, 1, 1, 1, 1, 1, 1, 1, 1, 1, 1, 1, 1, 1, 1, 1, 1, 1, 1, 1, 1, 1, 1, 1, 1, 1, 1, 1, 1, 1]
Lee profile: [180, 15, 6, 1, 1, 1, 1, 1, 1, 1, 1, 1, 1, 1, 1, 1, 1, 1, 1, 1, 1, 1, 1, 1, 1, 1, 1, 1, 1, 1, 1, 1, 1, 1, 1, 1, 1, 1, 1, 1, 1, 1, 1, 1, 1, 1, 1, 1, 1, 1, 1, 1, 1, 1, 1, 1, 1, 1, 1, 1, 1, 1, 1, 1]
59<=B[0].wtL<=295
B[0].wtH=59, B[0].wtL=180

--- LeeBKZ with beta=3, bkz with minimum_lee_wt_codeword (may be non-primitive) ---
[LEEbkz:MW_Codeword_LEE:0.002451658248901367 sec.]
[LEEbkz:MW_Codeword_LEE:0.0018754005432128906 sec.]
[LEEbkz:MW_Codeword_LEE:0.003135204315185547 sec.]
[LEEbkz:MW_Codeword_LEE:0.002183198928833008 sec.]
[LEEbkz:MW_Codeword_LEE:0.0014042854309082031 sec.]
[LEEbkz:MW_Codeword_LEE:0.002611875534057617 sec.]
[LEEbkz:MW_Codeword_LEE:0.0015518665313720703 sec.]
Hamming profile after BKZ: [57, 9, 1, 1, 1, 1, 1, 1, 1, 1, 1, 1, 1, 1, 1, 1, 1, 1, 1, 1, 1, 1, 1, 1, 1, 1, 1, 1, 1, 1, 1, 1, 1, 1, 1, 1, 1, 1, 1, 1, 1, 1, 1, 1, 1, 1, 1, 1, 1, 1, 1, 1, 1, 1, 1, 1, 1, 1, 1, 1, 1, 1, 1, 1]
Lee profile after BKZ: [149, 15, 1, 1, 1, 1, 1, 1, 1, 1, 1, 1, 1, 1, 1, 1, 1, 1, 1, 1, 1, 1, 1, 1, 1, 1, 1, 1, 1, 1, 1, 1, 1, 1, 1, 1, 1, 1, 1, 1, 1, 1, 1, 1, 1, 1, 1, 1, 1, 1, 1, 1, 1, 1, 1, 1, 1, 1, 1, 1, 1, 1, 1, 1]
57<=B_red[0].wtL<=285
B_red[0].wtH=57, B_red[0].wtL=149

Hamming profile: [55, 10, 1, 2, 1, 1, 1, 1, 1, 1, 1, 1, 1, 1, 1, 1, 1, 1, 1, 1, 1, 1, 1, 1, 1, 1, 1, 1, 1, 1, 1, 1, 1, 1, 1, 1, 1, 1, 1, 1, 1, 1, 1, 1, 1, 1, 1, 1, 1, 1, 1, 1, 1, 1, 1, 1, 1, 1, 1, 1, 1, 1, 1, 1]
Lee profile: [153, 29, 1, 3, 1, 1, 1, 1, 1, 1, 1, 1, 1, 1, 1, 1, 1, 1, 1, 1, 1, 1, 1, 1, 1, 1, 1, 1, 1, 1, 1, 1, 1, 1, 1, 1, 1, 1, 1, 1, 1, 1, 1, 1, 1, 1, 1, 1, 1, 1, 1, 1, 1, 1, 1, 1, 1, 1, 1, 1, 1, 1, 1, 1]
55<=B[0].wtL<=275
B[0].wtH=55, B[0].wtL=153

--- LeeBKZ with beta=3, bkz with minimum_lee_wt_codeword (may be non-primitive) ---
[LEEbkz:MW_Codeword_LEE:0.002537250518798828 sec.]
[LEEbkz:MW_Codeword_LEE:0.0017552375793457031 sec.]
[LEEbkz:MW_Codeword_LEE:0.0014798641204833984 sec.]
[LEEbkz:MW_Codeword_LEE:0.002475261688232422 sec.]
[LEEbkz:MW_Codeword_LEE:0.0015513896942138672 sec.]
[LEEbkz:MW_Codeword_LEE:0.0020415782928466797 sec.]
[LEEbkz:MW_Codeword_LEE:0.0014019012451171875 sec.]
[LEEbkz:MW_Codeword_LEE:0.0018737316131591797 sec.]
[LEEbkz:MW_Codeword_LEE:0.002396106719970703 sec.]
[LEEbkz:MW_Codeword_LEE:0.0017604827880859375 sec.]
[LEEbkz:MW_Codeword_LEE:0.014865398406982422 sec.]
[LEEbkz:MW_Codeword_LEE:0.002412080764770508 sec.]
[LEEbkz:MW_Codeword_LEE:0.0016410350799560547 sec.]
[LEEbkz:MW_Codeword_LEE:0.002137422561645508 sec.]
[LEEbkz:MW_Codeword_LEE:0.001977205276489258 sec.]
Hamming profile after BKZ: [55, 11, 1, 2, 0, 1, 1, 1, 1, 1, 1, 1, 1, 1, 1, 1, 1, 1, 1, 1, 1, 1, 1, 1, 1, 1, 1, 1, 1, 1, 1, 1, 1, 1, 1, 1, 1, 1, 1, 1, 1, 1, 1, 1, 1, 1, 1, 1, 1, 1, 1, 1, 1, 1, 1, 1, 1, 1, 1, 1, 1, 1, 1, 1]
Lee profile after BKZ: [140, 17, 1, 3, 0, 1, 1, 1, 1, 1, 1, 1, 1, 1, 1, 1, 1, 1, 1, 1, 1, 1, 1, 1, 1, 1, 1, 1, 1, 1, 1, 1, 1, 1, 1, 1, 1, 1, 1, 1, 1, 1, 1, 1, 1, 1, 1, 1, 1, 1, 1, 1, 1, 1, 1, 1, 1, 1, 1, 1, 1, 1, 1, 1]
55<=B_red[0].wtL<=275
B_red[0].wtH=55, B_red[0].wtL=140

Hamming profile: [59, 7, 1, 1, 1, 1, 1, 1, 1, 1, 1, 1, 1, 1, 1, 1, 1, 1, 1, 1, 1, 1, 1, 1, 1, 1, 1, 1, 1, 1, 1, 1, 1, 1, 1, 1, 1, 1, 1, 1, 1, 1, 1, 1, 1, 1, 1, 1, 1, 1, 1, 1, 1, 1, 1, 1, 1, 1, 1, 1, 1, 1, 1, 1]
Lee profile: [163, 17, 1, 1, 1, 1, 1, 1, 1, 1, 1, 1, 1, 1, 1, 1, 1, 1, 1, 1, 1, 1, 1, 1, 1, 1, 1, 1, 1, 1, 1, 1, 1, 1, 1, 1, 1, 1, 1, 1, 1, 1, 1, 1, 1, 1, 1, 1, 1, 1, 1, 1, 1, 1, 1, 1, 1, 1, 1, 1, 1, 1, 1, 1]
59<=B[0].wtL<=295
B[0].wtH=59, B[0].wtL=163

--- LeeBKZ with beta=3, bkz with minimum_lee_wt_codeword (may be non-primitive) ---
[LEEbkz:MW_Codeword_LEE:0.0024995803833007812 sec.]
[LEEbkz:MW_Codeword_LEE:0.0017123222351074219 sec.]
[LEEbkz:MW_Codeword_LEE:0.0023903846740722656 sec.]
[LEEbkz:MW_Codeword_LEE:0.0017805099487304688 sec.]
[LEEbkz:MW_Codeword_LEE:0.0012316703796386719 sec.]
[LEEbkz:MW_Codeword_LEE:0.0023345947265625 sec.]
[LEEbkz:MW_Codeword_LEE:0.0015833377838134766 sec.]
[LEEbkz:MW_Codeword_LEE:0.0013663768768310547 sec.]
[LEEbkz:MW_Codeword_LEE:0.0016226768493652344 sec.]
Hamming profile after BKZ: [56, 10, 1, 1, 1, 1, 1, 1, 1, 1, 1, 1, 1, 1, 1, 1, 1, 1, 1, 1, 1, 1, 1, 1, 1, 1, 1, 1, 1, 1, 1, 1, 1, 1, 1, 1, 1, 1, 1, 1, 1, 1, 1, 1, 1, 1, 1, 1, 1, 1, 1, 1, 1, 1, 1, 1, 1, 1, 1, 1, 1, 1, 1, 1]
Lee profile after BKZ: [138, 19, 1, 1, 1, 1, 1, 1, 1, 1, 1, 1, 1, 1, 1, 1, 1, 1, 1, 1, 1, 1, 1, 1, 1, 1, 1, 1, 1, 1, 1, 1, 1, 1, 1, 1, 1, 1, 1, 1, 1, 1, 1, 1, 1, 1, 1, 1, 1, 1, 1, 1, 1, 1, 1, 1, 1, 1, 1, 1, 1, 1, 1, 1]
56<=B_red[0].wtL<=280
B_red[0].wtH=56, B_red[0].wtL=138

Hamming profile: [56, 9, 2, 1, 1, 1, 1, 1, 1, 1, 1, 1, 1, 1, 1, 1, 1, 1, 1, 1, 1, 1, 1, 1, 1, 1, 1, 1, 1, 1, 1, 1, 1, 1, 1, 1, 1, 1, 1, 1, 1, 1, 1, 1, 1, 1, 1, 1, 1, 1, 1, 1, 1, 1, 1, 1, 1, 1, 1, 1, 1, 1, 1, 1]
Lee profile: [163, 25, 2, 1, 1, 1, 1, 1, 1, 1, 1, 1, 1, 1, 1, 1, 1, 1, 1, 1, 1, 1, 1, 1, 1, 1, 1, 1, 1, 1, 1, 1, 1, 1, 1, 1, 1, 1, 1, 1, 1, 1, 1, 1, 1, 1, 1, 1, 1, 1, 1, 1, 1, 1, 1, 1, 1, 1, 1, 1, 1, 1, 1, 1]
56<=B[0].wtL<=280
B[0].wtH=56, B[0].wtL=163

--- LeeBKZ with beta=3, bkz with minimum_lee_wt_codeword (may be non-primitive) ---
[LEEbkz:MW_Codeword_LEE:0.002397775650024414 sec.]
[LEEbkz:MW_Codeword_LEE:0.0016961097717285156 sec.]
[LEEbkz:MW_Codeword_LEE:0.002559661865234375 sec.]
[LEEbkz:MW_Codeword_LEE:0.0018956661224365234 sec.]
[LEEbkz:MW_Codeword_LEE:0.0023851394653320312 sec.]
[LEEbkz:MW_Codeword_LEE:0.0016651153564453125 sec.]
[LEEbkz:MW_Codeword_LEE:0.0014777183532714844 sec.]
[LEEbkz:MW_Codeword_LEE:0.0025086402893066406 sec.]
[LEEbkz:MW_Codeword_LEE:0.0018270015716552734 sec.]
[LEEbkz:MW_Codeword_LEE:0.0025866031646728516 sec.]
[LEEbkz:MW_Codeword_LEE:0.0018663406372070312 sec.]
[LEEbkz:MW_Codeword_LEE:0.002185821533203125 sec.]
[LEEbkz:MW_Codeword_LEE:0.0023419857025146484 sec.]
[LEEbkz:MW_Codeword_LEE:0.0016069412231445312 sec.]
[LEEbkz:MW_Codeword_LEE:0.0014684200286865234 sec.]
[LEEbkz:MW_Codeword_LEE:0.0023224353790283203 sec.]
[LEEbkz:MW_Codeword_LEE:0.0015895366668701172 sec.]
[LEEbkz:MW_Codeword_LEE:0.0014438629150390625 sec.]
[LEEbkz:MW_Codeword_LEE:0.0013918876647949219 sec.]
[LEEbkz:MW_Codeword_LEE:0.001707315444946289 sec.]
[LEEbkz:MW_Codeword_LEE:0.001583099365234375 sec.]
[LEEbkz:MW_Codeword_LEE:0.0015828609466552734 sec.]
[LEEbkz:MW_Codeword_LEE:0.0016493797302246094 sec.]
[LEEbkz:MW_Codeword_LEE:0.001764059066772461 sec.]
Hamming profile after BKZ: [53, 11, 2, 1, 2, 1, 1, 1, 1, 1, 1, 1, 1, 1, 1, 1, 1, 1, 1, 1, 1, 1, 1, 1, 1, 1, 1, 1, 1, 1, 1, 1, 1, 1, 1, 1, 1, 1, 1, 1, 1, 1, 1, 1, 1, 1, 1, 1, 1, 1, 1, 1, 1, 1, 1, 1, 1, 1, 1, 1, 1, 1, 1, 1]
Lee profile after BKZ: [134, 19, 3, 1, 3, 1, 1, 1, 1, 1, 1, 1, 1, 1, 1, 1, 1, 1, 1, 1, 1, 1, 1, 1, 1, 1, 1, 1, 1, 1, 1, 1, 1, 1, 1, 1, 1, 1, 1, 1, 1, 1, 1, 1, 1, 1, 1, 1, 1, 1, 1, 1, 1, 1, 1, 1, 1, 1, 1, 1, 1, 1, 1, 1]
53<=B_red[0].wtL<=265
B_red[0].wtH=53, B_red[0].wtL=134

Hamming profile: [61, 4, 2, 1, 1, 1, 1, 1, 1, 1, 1, 1, 1, 1, 1, 1, 1, 1, 1, 1, 1, 1, 1, 1, 1, 1, 1, 1, 1, 1, 1, 1, 1, 1, 1, 1, 1, 1, 1, 1, 1, 1, 1, 1, 1, 1, 1, 1, 1, 1, 1, 1, 1, 1, 1, 1, 1, 1, 1, 1, 1, 1, 1, 1]
Lee profile: [168, 10, 5, 1, 1, 1, 1, 1, 1, 1, 1, 1, 1, 1, 1, 1, 1, 1, 1, 1, 1, 1, 1, 1, 1, 1, 1, 1, 1, 1, 1, 1, 1, 1, 1, 1, 1, 1, 1, 1, 1, 1, 1, 1, 1, 1, 1, 1, 1, 1, 1, 1, 1, 1, 1, 1, 1, 1, 1, 1, 1, 1, 1, 1]
61<=B[0].wtL<=305
B[0].wtH=61, B[0].wtL=168

--- LeeBKZ with beta=3, bkz with minimum_lee_wt_codeword (may be non-primitive) ---
[LEEbkz:MW_Codeword_LEE:0.0026831626892089844 sec.]
[LEEbkz:MW_Codeword_LEE:0.002264261245727539 sec.]
[LEEbkz:MW_Codeword_LEE:0.002405881881713867 sec.]
[LEEbkz:MW_Codeword_LEE:0.002016305923461914 sec.]
[LEEbkz:MW_Codeword_LEE:0.0015187263488769531 sec.]
[LEEbkz:MW_Codeword_LEE:0.0033113956451416016 sec.]
[LEEbkz:MW_Codeword_LEE:0.0017251968383789062 sec.]
[LEEbkz:MW_Codeword_LEE:0.001607656478881836 sec.]
[LEEbkz:MW_Codeword_LEE:0.0013315677642822266 sec.]
[LEEbkz:MW_Codeword_LEE:0.0017237663269042969 sec.]
[LEEbkz:MW_Codeword_LEE:0.0014903545379638672 sec.]
Hamming profile after BKZ: [56, 8, 3, 1, 1, 1, 1, 1, 1, 1, 1, 1, 1, 1, 1, 1, 1, 1, 1, 1, 1, 1, 1, 1, 1, 1, 1, 1, 1, 1, 1, 1, 1, 1, 1, 1, 1, 1, 1, 1, 1, 1, 1, 1, 1, 1, 1, 1, 1, 1, 1, 1, 1, 1, 1, 1, 1, 1, 1, 1, 1, 1, 1, 1]
Lee profile after BKZ: [126, 16, 4, 1, 1, 1, 1, 1, 1, 1, 1, 1, 1, 1, 1, 1, 1, 1, 1, 1, 1, 1, 1, 1, 1, 1, 1, 1, 1, 1, 1, 1, 1, 1, 1, 1, 1, 1, 1, 1, 1, 1, 1, 1, 1, 1, 1, 1, 1, 1, 1, 1, 1, 1, 1, 1, 1, 1, 1, 1, 1, 1, 1, 1]
56<=B_red[0].wtL<=280
B_red[0].wtH=56, B_red[0].wtL=126

Hamming profile: [61, 5, 1, 1, 1, 1, 1, 1, 1, 1, 1, 1, 1, 1, 1, 1, 1, 1, 1, 1, 1, 1, 1, 1, 1, 1, 1, 1, 1, 1, 1, 1, 1, 1, 1, 1, 1, 1, 1, 1, 1, 1, 1, 1, 1, 1, 1, 1, 1, 1, 1, 1, 1, 1, 1, 1, 1, 1, 1, 1, 1, 1, 1, 1]
Lee profile: [169, 19, 1, 1, 1, 1, 1, 1, 1, 1, 1, 1, 1, 1, 1, 1, 1, 1, 1, 1, 1, 1, 1, 1, 1, 1, 1, 1, 1, 1, 1, 1, 1, 1, 1, 1, 1, 1, 1, 1, 1, 1, 1, 1, 1, 1, 1, 1, 1, 1, 1, 1, 1, 1, 1, 1, 1, 1, 1, 1, 1, 1, 1, 1]
61<=B[0].wtL<=305
B[0].wtH=61, B[0].wtL=169

--- LeeBKZ with beta=3, bkz with minimum_lee_wt_codeword (may be non-primitive) ---
[LEEbkz:MW_Codeword_LEE:0.002616405487060547 sec.]
[LEEbkz:MW_Codeword_LEE:0.001718759536743164 sec.]
[LEEbkz:MW_Codeword_LEE:0.0026674270629882812 sec.]
[LEEbkz:MW_Codeword_LEE:0.0016973018646240234 sec.]
[LEEbkz:MW_Codeword_LEE:0.0015108585357666016 sec.]
[LEEbkz:MW_Codeword_LEE:0.0023670196533203125 sec.]
[LEEbkz:MW_Codeword_LEE:0.001669168472290039 sec.]
[LEEbkz:MW_Codeword_LEE:0.001413583755493164 sec.]
Hamming profile after BKZ: [54, 11, 2, 1, 1, 1, 1, 1, 1, 1, 1, 1, 1, 1, 1, 1, 1, 1, 1, 1, 1, 1, 1, 1, 1, 1, 1, 1, 1, 1, 1, 1, 1, 1, 1, 1, 1, 1, 1, 1, 1, 1, 1, 1, 1, 1, 1, 1, 1, 1, 1, 1, 1, 1, 1, 1, 1, 1, 1, 1, 1, 1, 1, 1]
Lee profile after BKZ: [136, 17, 2, 1, 1, 1, 1, 1, 1, 1, 1, 1, 1, 1, 1, 1, 1, 1, 1, 1, 1, 1, 1, 1, 1, 1, 1, 1, 1, 1, 1, 1, 1, 1, 1, 1, 1, 1, 1, 1, 1, 1, 1, 1, 1, 1, 1, 1, 1, 1, 1, 1, 1, 1, 1, 1, 1, 1, 1, 1, 1, 1, 1, 1]
54<=B_red[0].wtL<=270
B_red[0].wtH=54, B_red[0].wtL=136


****************************************************
******** STATISTICS OVER N=10 samples ********
****************************************************
Reduced 10 matrices of size 64x128 over F11
Proper basis wtH[0]=58.8 wtL[0]=168.6
Reduced basis wtH[0]=55.8 wtL[0]=137.0
Reduced basis avg. k1=2.8
Avg.time=0.2494357109069824
Avg.Mw_codeword.calls=13.6
