RANDOM_SEED=1

profile: [17, 1, 1, 1, 1, 1, 1, 1, 1, 1, 1, 1, 1, 1, 1, 1]
17<=B[0].wtL<=85
B[0].wtH=17, B[0].wtL=47

--- BKZ with beta=3, classic ---
profile after BKZ: [14, 3, 2, 1, 1, 1, 1, 1, 1, 1, 1, 1, 1, 1, 1, 1]
14<=B_red[0].wtL<=70
B_red[0].wtH=14, B_red[0].wtL=47

profile: [16, 2, 1, 1, 1, 1, 1, 1, 1, 1, 1, 1, 1, 1, 1, 1]
16<=B[0].wtL<=80
B[0].wtH=16, B[0].wtL=35

--- BKZ with beta=3, classic ---
profile after BKZ: [12, 5, 2, 1, 1, 1, 1, 1, 1, 1, 1, 1, 1, 1, 1, 1]
12<=B_red[0].wtL<=60
B_red[0].wtH=12, B_red[0].wtL=36

profile: [16, 2, 1, 1, 1, 1, 1, 1, 1, 1, 1, 1, 1, 1, 1, 1]
16<=B[0].wtL<=80
B[0].wtH=16, B[0].wtL=58

--- BKZ with beta=3, classic ---
profile after BKZ: [11, 6, 2, 1, 1, 1, 1, 1, 1, 1, 1, 1, 1, 1, 1, 1]
11<=B_red[0].wtL<=55
B_red[0].wtH=11, B_red[0].wtL=36

profile: [15, 3, 1, 1, 1, 1, 1, 1, 1, 1, 1, 1, 1, 1, 1, 1]
15<=B[0].wtL<=75
B[0].wtH=15, B[0].wtL=44

--- BKZ with beta=3, classic ---
profile after BKZ: [12, 4, 3, 1, 1, 1, 1, 1, 1, 1, 1, 1, 1, 1, 1, 1]
12<=B_red[0].wtL<=60
B_red[0].wtH=12, B_red[0].wtL=33

profile: [13, 5, 1, 1, 1, 1, 1, 1, 1, 1, 1, 1, 1, 1, 1, 1]
13<=B[0].wtL<=65
B[0].wtH=13, B[0].wtL=38

--- BKZ with beta=3, classic ---
profile after BKZ: [12, 4, 3, 1, 1, 1, 1, 1, 1, 1, 1, 1, 1, 1, 1, 1]
12<=B_red[0].wtL<=60
B_red[0].wtH=12, B_red[0].wtL=37

profile: [17, 1, 1, 1, 1, 1, 1, 1, 1, 1, 1, 1, 1, 1, 1, 1]
17<=B[0].wtL<=85
B[0].wtH=17, B[0].wtL=51

--- BKZ with beta=3, classic ---
profile after BKZ: [13, 4, 2, 1, 1, 1, 1, 1, 1, 1, 1, 1, 1, 1, 1, 1]
13<=B_red[0].wtL<=65
B_red[0].wtH=13, B_red[0].wtL=37

profile: [13, 5, 1, 1, 1, 1, 1, 1, 1, 1, 1, 1, 1, 1, 1, 1]
13<=B[0].wtL<=65
B[0].wtH=13, B[0].wtL=38

--- BKZ with beta=3, classic ---
profile after BKZ: [13, 3, 3, 1, 1, 1, 1, 1, 1, 1, 1, 1, 1, 1, 1, 1]
13<=B_red[0].wtL<=65
B_red[0].wtH=13, B_red[0].wtL=38

profile: [16, 2, 1, 1, 1, 1, 1, 1, 1, 1, 1, 1, 1, 1, 1, 1]
16<=B[0].wtL<=80
B[0].wtH=16, B[0].wtL=36

--- BKZ with beta=3, classic ---
profile after BKZ: [14, 3, 2, 1, 1, 1, 1, 1, 1, 1, 1, 1, 1, 1, 1, 1]
14<=B_red[0].wtL<=70
B_red[0].wtH=14, B_red[0].wtL=39

profile: [16, 2, 1, 1, 1, 1, 1, 1, 1, 1, 1, 1, 1, 1, 1, 1]
16<=B[0].wtL<=80
B[0].wtH=16, B[0].wtL=46

--- BKZ with beta=3, classic ---
profile after BKZ: [13, 4, 2, 1, 1, 1, 1, 1, 1, 1, 1, 1, 1, 1, 1, 1]
13<=B_red[0].wtL<=65
B_red[0].wtH=13, B_red[0].wtL=45

profile: [15, 3, 1, 1, 1, 1, 1, 1, 1, 1, 1, 1, 1, 1, 1, 1]
15<=B[0].wtL<=75
B[0].wtH=15, B[0].wtL=47

--- BKZ with beta=3, classic ---
profile after BKZ: [13, 4, 2, 1, 1, 1, 1, 1, 1, 1, 1, 1, 1, 1, 1, 1]
13<=B_red[0].wtL<=65
B_red[0].wtH=13, B_red[0].wtL=29


****************************************************
******** STATISTICS OVER N=10 samples ********
****************************************************
Reduced 10 matrices of size 16x32 over F11
Proper basis wtH[0]=15.4 wtL[0]=44.0
Reduced basis wtH[0]=12.7 wtL[0]=37.7
Avg.time=0.11806600093841553
Avg.Mw_codeword.calls=16.9
