RANDOM_SEED=2

profile: [29, 4, 2, 1, 1, 1, 1, 1, 1, 1, 1, 1, 1, 1, 1, 1, 1, 1, 1, 1, 1, 1, 1, 1, 1, 1, 1, 1, 1, 1, 1, 1]
29<=B[0].wtL<=145
B[0].wtH=29, B[0].wtL=82

--- BKZ with beta=3, classic ---
profile after BKZ: [25, 7, 3, 1, 1, 1, 1, 1, 1, 1, 1, 1, 1, 1, 1, 1, 1, 1, 1, 1, 1, 1, 1, 1, 1, 1, 1, 1, 1, 1, 1, 1]
25<=B_red[0].wtL<=125
B_red[0].wtH=25, B_red[0].wtL=76

profile: [29, 4, 2, 1, 1, 1, 1, 1, 1, 1, 1, 1, 1, 1, 1, 1, 1, 1, 1, 1, 1, 1, 1, 1, 1, 1, 1, 1, 1, 1, 1, 1]
29<=B[0].wtL<=145
B[0].wtH=29, B[0].wtL=100

--- BKZ with beta=3, classic ---
profile after BKZ: [26, 6, 2, 2, 1, 1, 1, 1, 1, 1, 1, 1, 1, 1, 1, 1, 1, 1, 1, 1, 1, 1, 1, 1, 1, 1, 1, 1, 1, 1, 1, 1]
26<=B_red[0].wtL<=130
B_red[0].wtH=26, B_red[0].wtL=72

profile: [30, 4, 1, 1, 1, 1, 1, 1, 1, 1, 1, 1, 1, 1, 1, 1, 1, 1, 1, 1, 1, 1, 1, 1, 1, 1, 1, 1, 1, 1, 1, 1]
30<=B[0].wtL<=150
B[0].wtH=30, B[0].wtL=89

--- BKZ with beta=3, classic ---
profile after BKZ: [26, 6, 3, 1, 1, 1, 1, 1, 1, 1, 1, 1, 1, 1, 1, 1, 1, 1, 1, 1, 1, 1, 1, 1, 1, 1, 1, 1, 1, 1, 1, 1]
26<=B_red[0].wtL<=130
B_red[0].wtH=26, B_red[0].wtL=64

profile: [31, 3, 1, 1, 1, 1, 1, 1, 1, 1, 1, 1, 1, 1, 1, 1, 1, 1, 1, 1, 1, 1, 1, 1, 1, 1, 1, 1, 1, 1, 1, 1]
31<=B[0].wtL<=155
B[0].wtH=31, B[0].wtL=79

--- BKZ with beta=3, classic ---
profile after BKZ: [26, 6, 2, 2, 1, 1, 1, 1, 1, 1, 1, 1, 1, 1, 1, 1, 1, 1, 1, 1, 1, 1, 1, 1, 1, 1, 1, 1, 1, 1, 1, 1]
26<=B_red[0].wtL<=130
B_red[0].wtH=26, B_red[0].wtL=91

profile: [29, 5, 1, 1, 1, 1, 1, 1, 1, 1, 1, 1, 1, 1, 1, 1, 1, 1, 1, 1, 1, 1, 1, 1, 1, 1, 1, 1, 1, 1, 1, 1]
29<=B[0].wtL<=145
B[0].wtH=29, B[0].wtL=99

--- BKZ with beta=3, classic ---
profile after BKZ: [24, 8, 3, 1, 1, 1, 1, 1, 1, 1, 1, 1, 1, 1, 1, 1, 1, 1, 1, 1, 1, 1, 1, 1, 1, 1, 1, 1, 1, 1, 1, 1]
24<=B_red[0].wtL<=120
B_red[0].wtH=24, B_red[0].wtL=71

profile: [27, 7, 1, 1, 1, 1, 1, 1, 1, 1, 1, 1, 1, 1, 1, 1, 1, 1, 1, 1, 1, 1, 1, 1, 1, 1, 1, 1, 1, 1, 1, 1]
27<=B[0].wtL<=135
B[0].wtH=27, B[0].wtL=80

--- BKZ with beta=3, classic ---
profile after BKZ: [26, 7, 2, 1, 1, 1, 1, 1, 1, 1, 1, 1, 1, 1, 1, 1, 1, 1, 1, 1, 1, 1, 1, 1, 1, 1, 1, 1, 1, 1, 1, 1]
26<=B_red[0].wtL<=130
B_red[0].wtH=26, B_red[0].wtL=79

profile: [29, 5, 1, 1, 1, 1, 1, 1, 1, 1, 1, 1, 1, 1, 1, 1, 1, 1, 1, 1, 1, 1, 1, 1, 1, 1, 1, 1, 1, 1, 1, 1]
29<=B[0].wtL<=145
B[0].wtH=29, B[0].wtL=75

--- BKZ with beta=3, classic ---
profile after BKZ: [26, 5, 2, 2, 2, 1, 1, 1, 1, 1, 1, 1, 1, 1, 1, 1, 1, 1, 1, 1, 1, 1, 1, 1, 1, 1, 1, 1, 1, 1, 1, 1]
26<=B_red[0].wtL<=130
B_red[0].wtH=26, B_red[0].wtL=76

profile: [30, 4, 1, 1, 1, 1, 1, 1, 1, 1, 1, 1, 1, 1, 1, 1, 1, 1, 1, 1, 1, 1, 1, 1, 1, 1, 1, 1, 1, 1, 1, 1]
30<=B[0].wtL<=150
B[0].wtH=30, B[0].wtL=82

--- BKZ with beta=3, classic ---
profile after BKZ: [26, 6, 2, 2, 1, 1, 1, 1, 1, 1, 1, 1, 1, 1, 1, 1, 1, 1, 1, 1, 1, 1, 1, 1, 1, 1, 1, 1, 1, 1, 1, 1]
26<=B_red[0].wtL<=130
B_red[0].wtH=26, B_red[0].wtL=76

profile: [31, 3, 1, 1, 1, 1, 1, 1, 1, 1, 1, 1, 1, 1, 1, 1, 1, 1, 1, 1, 1, 1, 1, 1, 1, 1, 1, 1, 1, 1, 1, 1]
31<=B[0].wtL<=155
B[0].wtH=31, B[0].wtL=99

--- BKZ with beta=3, classic ---
profile after BKZ: [27, 6, 2, 1, 1, 1, 1, 1, 1, 1, 1, 1, 1, 1, 1, 1, 1, 1, 1, 1, 1, 1, 1, 1, 1, 1, 1, 1, 1, 1, 1, 1]
27<=B_red[0].wtL<=135
B_red[0].wtH=27, B_red[0].wtL=73

profile: [33, 1, 1, 1, 1, 1, 1, 1, 1, 1, 1, 1, 1, 1, 1, 1, 1, 1, 1, 1, 1, 1, 1, 1, 1, 1, 1, 1, 1, 1, 1, 1]
33<=B[0].wtL<=165
B[0].wtH=33, B[0].wtL=85

--- BKZ with beta=3, classic ---
profile after BKZ: [26, 6, 2, 2, 1, 1, 1, 1, 1, 1, 1, 1, 1, 1, 1, 1, 1, 1, 1, 1, 1, 1, 1, 1, 1, 1, 1, 1, 1, 1, 1, 1]
26<=B_red[0].wtL<=130
B_red[0].wtH=26, B_red[0].wtL=77


****************************************************
******** STATISTICS OVER N=10 samples ********
****************************************************
Reduced 10 matrices of size 32x64 over F11
Proper basis wtH[0]=29.8 wtL[0]=87.0
Reduced basis wtH[0]=25.8 wtL[0]=75.5
Avg.time=0.4592531442642212
Avg.Mw_codeword.calls=37.0
