RANDOM_SEED=2

profile: [29, 4, 2, 1, 1, 1, 1, 1, 1, 1, 1, 1, 1, 1, 1, 1, 1, 1, 1, 1, 1, 1, 1, 1, 1, 1, 1, 1, 1, 1, 1, 1]
29<=B[0].wtL<=145
B[0].wtH=29, B[0].wtL=82

--- LeeBKZ with beta=2, bkz with minimum_lee_wt_codeword+primitive ---
profile after BKZ: [28, 4, 2, 2, 1, 1, 1, 1, 1, 1, 1, 1, 1, 1, 1, 1, 1, 1, 1, 1, 1, 1, 1, 1, 1, 1, 1, 1, 1, 1, 1, 1]
28<=B_red[0].wtL<=140
B_red[0].wtH=28, B_red[0].wtL=70

profile: [29, 4, 2, 1, 1, 1, 1, 1, 1, 1, 1, 1, 1, 1, 1, 1, 1, 1, 1, 1, 1, 1, 1, 1, 1, 1, 1, 1, 1, 1, 1, 1]
29<=B[0].wtL<=145
B[0].wtH=29, B[0].wtL=100

--- LeeBKZ with beta=2, bkz with minimum_lee_wt_codeword+primitive ---
profile after BKZ: [26, 8, 1, 1, 1, 1, 1, 1, 1, 1, 1, 1, 1, 1, 1, 1, 1, 1, 1, 1, 1, 1, 1, 1, 1, 1, 1, 1, 1, 1, 1, 1]
26<=B_red[0].wtL<=130
B_red[0].wtH=26, B_red[0].wtL=66

profile: [30, 4, 1, 1, 1, 1, 1, 1, 1, 1, 1, 1, 1, 1, 1, 1, 1, 1, 1, 1, 1, 1, 1, 1, 1, 1, 1, 1, 1, 1, 1, 1]
30<=B[0].wtL<=150
B[0].wtH=30, B[0].wtL=89

--- LeeBKZ with beta=2, bkz with minimum_lee_wt_codeword+primitive ---
profile after BKZ: [32, 2, 1, 1, 1, 1, 1, 1, 1, 1, 1, 1, 1, 1, 1, 1, 1, 1, 1, 1, 1, 1, 1, 1, 1, 1, 1, 1, 1, 1, 1, 1]
32<=B_red[0].wtL<=160
B_red[0].wtH=32, B_red[0].wtL=80

profile: [31, 3, 1, 1, 1, 1, 1, 1, 1, 1, 1, 1, 1, 1, 1, 1, 1, 1, 1, 1, 1, 1, 1, 1, 1, 1, 1, 1, 1, 1, 1, 1]
31<=B[0].wtL<=155
B[0].wtH=31, B[0].wtL=79

--- LeeBKZ with beta=2, bkz with minimum_lee_wt_codeword+primitive ---
profile after BKZ: [27, 5, 3, 1, 1, 1, 1, 1, 1, 1, 1, 1, 1, 1, 1, 1, 1, 1, 1, 1, 1, 1, 1, 1, 1, 1, 1, 1, 1, 1, 1, 1]
27<=B_red[0].wtL<=135
B_red[0].wtH=27, B_red[0].wtL=72

profile: [29, 5, 1, 1, 1, 1, 1, 1, 1, 1, 1, 1, 1, 1, 1, 1, 1, 1, 1, 1, 1, 1, 1, 1, 1, 1, 1, 1, 1, 1, 1, 1]
29<=B[0].wtL<=145
B[0].wtH=29, B[0].wtL=99

--- LeeBKZ with beta=2, bkz with minimum_lee_wt_codeword+primitive ---
profile after BKZ: [29, 4, 2, 1, 1, 1, 1, 1, 1, 1, 1, 1, 1, 1, 1, 1, 1, 1, 1, 1, 1, 1, 1, 1, 1, 1, 1, 1, 1, 1, 1, 1]
29<=B_red[0].wtL<=145
B_red[0].wtH=29, B_red[0].wtL=77

profile: [27, 7, 1, 1, 1, 1, 1, 1, 1, 1, 1, 1, 1, 1, 1, 1, 1, 1, 1, 1, 1, 1, 1, 1, 1, 1, 1, 1, 1, 1, 1, 1]
27<=B[0].wtL<=135
B[0].wtH=27, B[0].wtL=80

--- LeeBKZ with beta=2, bkz with minimum_lee_wt_codeword+primitive ---
profile after BKZ: [30, 3, 2, 1, 1, 1, 1, 1, 1, 1, 1, 1, 1, 1, 1, 1, 1, 1, 1, 1, 1, 1, 1, 1, 1, 1, 1, 1, 1, 1, 1, 1]
30<=B_red[0].wtL<=150
B_red[0].wtH=30, B_red[0].wtL=71

profile: [29, 5, 1, 1, 1, 1, 1, 1, 1, 1, 1, 1, 1, 1, 1, 1, 1, 1, 1, 1, 1, 1, 1, 1, 1, 1, 1, 1, 1, 1, 1, 1]
29<=B[0].wtL<=145
B[0].wtH=29, B[0].wtL=75

--- LeeBKZ with beta=2, bkz with minimum_lee_wt_codeword+primitive ---
profile after BKZ: [26, 7, 2, 1, 1, 1, 1, 1, 1, 1, 1, 1, 1, 1, 1, 1, 1, 1, 1, 1, 1, 1, 1, 1, 1, 1, 1, 1, 1, 1, 1, 1]
26<=B_red[0].wtL<=130
B_red[0].wtH=26, B_red[0].wtL=70

profile: [30, 4, 1, 1, 1, 1, 1, 1, 1, 1, 1, 1, 1, 1, 1, 1, 1, 1, 1, 1, 1, 1, 1, 1, 1, 1, 1, 1, 1, 1, 1, 1]
30<=B[0].wtL<=150
B[0].wtH=30, B[0].wtL=82

--- LeeBKZ with beta=2, bkz with minimum_lee_wt_codeword+primitive ---
profile after BKZ: [31, 3, 1, 1, 1, 1, 1, 1, 1, 1, 1, 1, 1, 1, 1, 1, 1, 1, 1, 1, 1, 1, 1, 1, 1, 1, 1, 1, 1, 1, 1, 1]
31<=B_red[0].wtL<=155
B_red[0].wtH=31, B_red[0].wtL=75

profile: [31, 3, 1, 1, 1, 1, 1, 1, 1, 1, 1, 1, 1, 1, 1, 1, 1, 1, 1, 1, 1, 1, 1, 1, 1, 1, 1, 1, 1, 1, 1, 1]
31<=B[0].wtL<=155
B[0].wtH=31, B[0].wtL=99

--- LeeBKZ with beta=2, bkz with minimum_lee_wt_codeword+primitive ---
profile after BKZ: [29, 5, 1, 1, 1, 1, 1, 1, 1, 1, 1, 1, 1, 1, 1, 1, 1, 1, 1, 1, 1, 1, 1, 1, 1, 1, 1, 1, 1, 1, 1, 1]
29<=B_red[0].wtL<=145
B_red[0].wtH=29, B_red[0].wtL=70

profile: [33, 1, 1, 1, 1, 1, 1, 1, 1, 1, 1, 1, 1, 1, 1, 1, 1, 1, 1, 1, 1, 1, 1, 1, 1, 1, 1, 1, 1, 1, 1, 1]
33<=B[0].wtL<=165
B[0].wtH=33, B[0].wtL=85

--- LeeBKZ with beta=2, bkz with minimum_lee_wt_codeword+primitive ---
profile after BKZ: [30, 4, 1, 1, 1, 1, 1, 1, 1, 1, 1, 1, 1, 1, 1, 1, 1, 1, 1, 1, 1, 1, 1, 1, 1, 1, 1, 1, 1, 1, 1, 1]
30<=B_red[0].wtL<=150
B_red[0].wtH=30, B_red[0].wtL=82


****************************************************
******** STATISTICS OVER N=10 samples ********
****************************************************
Reduced 10 matrices of size 32x64 over F11
Proper basis wtH[0]=29.8 wtL[0]=87.0
Reduced basis wtH[0]=28.8 wtL[0]=73.3
Avg.time=0.27392899990081787
Avg.Mw_codeword.calls=35.8
Avg.potential_growth_fails=0.0
