RANDOM_SEED=1

Hamming profile: [17, 1, 1, 1, 1, 1, 1, 1, 1, 1, 1, 1, 1, 1, 1, 1]
Lee profile: [47, 1, 1, 1, 1, 1, 1, 1, 1, 1, 1, 1, 1, 1, 1, 1]
17<=B[0].wtL<=85
B[0].wtH=17, B[0].wtL=47

--- LeeBKZ with beta=2, bkz with minimum_lee_wt_codeword+primitive ---
Hamming profile after BKZ: [15, 2, 2, 1, 1, 1, 1, 1, 1, 1, 1, 1, 1, 1, 1, 1]
Lee profile after BKZ: [38, 5, 3, 1, 1, 1, 1, 1, 1, 1, 1, 1, 1, 1, 1, 1]
15<=B_red[0].wtL<=75
B_red[0].wtH=15, B_red[0].wtL=38

Hamming profile: [16, 2, 1, 1, 1, 1, 1, 1, 1, 1, 1, 1, 1, 1, 1, 1]
Lee profile: [35, 5, 1, 1, 1, 1, 1, 1, 1, 1, 1, 1, 1, 1, 1, 1]
16<=B[0].wtL<=80
B[0].wtH=16, B[0].wtL=35

--- LeeBKZ with beta=2, bkz with minimum_lee_wt_codeword+primitive ---
Hamming profile after BKZ: [16, 2, 1, 1, 1, 1, 1, 1, 1, 1, 1, 1, 1, 1, 1, 1]
Lee profile after BKZ: [35, 4, 1, 1, 1, 1, 1, 1, 1, 1, 1, 1, 1, 1, 1, 1]
16<=B_red[0].wtL<=80
B_red[0].wtH=16, B_red[0].wtL=35

Hamming profile: [16, 2, 1, 1, 1, 1, 1, 1, 1, 1, 1, 1, 1, 1, 1, 1]
Lee profile: [58, 5, 1, 1, 1, 1, 1, 1, 1, 1, 1, 1, 1, 1, 1, 1]
16<=B[0].wtL<=80
B[0].wtH=16, B[0].wtL=58

--- LeeBKZ with beta=2, bkz with minimum_lee_wt_codeword+primitive ---
Hamming profile after BKZ: [11, 7, 1, 1, 1, 1, 1, 1, 1, 1, 1, 1, 1, 1, 1, 1]
Lee profile after BKZ: [39, 14, 1, 1, 1, 1, 1, 1, 1, 1, 1, 1, 1, 1, 1, 1]
11<=B_red[0].wtL<=55
B_red[0].wtH=11, B_red[0].wtL=39

Hamming profile: [15, 3, 1, 1, 1, 1, 1, 1, 1, 1, 1, 1, 1, 1, 1, 1]
Lee profile: [44, 6, 1, 1, 1, 1, 1, 1, 1, 1, 1, 1, 1, 1, 1, 1]
15<=B[0].wtL<=75
B[0].wtH=15, B[0].wtL=44

--- LeeBKZ with beta=2, bkz with minimum_lee_wt_codeword+primitive ---
Hamming profile after BKZ: [12, 5, 2, 1, 1, 1, 1, 1, 1, 1, 1, 1, 1, 1, 1, 1]
Lee profile after BKZ: [33, 7, 3, 1, 1, 1, 1, 1, 1, 1, 1, 1, 1, 1, 1, 1]
12<=B_red[0].wtL<=60
B_red[0].wtH=12, B_red[0].wtL=33

Hamming profile: [13, 5, 1, 1, 1, 1, 1, 1, 1, 1, 1, 1, 1, 1, 1, 1]
Lee profile: [38, 12, 1, 1, 1, 1, 1, 1, 1, 1, 1, 1, 1, 1, 1, 1]
13<=B[0].wtL<=65
B[0].wtH=13, B[0].wtL=38

--- LeeBKZ with beta=2, bkz with minimum_lee_wt_codeword+primitive ---
Hamming profile after BKZ: [15, 3, 1, 1, 1, 1, 1, 1, 1, 1, 1, 1, 1, 1, 1, 1]
Lee profile after BKZ: [35, 6, 1, 1, 1, 1, 1, 1, 1, 1, 1, 1, 1, 1, 1, 1]
15<=B_red[0].wtL<=75
B_red[0].wtH=15, B_red[0].wtL=35

Hamming profile: [17, 1, 1, 1, 1, 1, 1, 1, 1, 1, 1, 1, 1, 1, 1, 1]
Lee profile: [51, 1, 1, 1, 1, 1, 1, 1, 1, 1, 1, 1, 1, 1, 1, 1]
17<=B[0].wtL<=85
B[0].wtH=17, B[0].wtL=51

--- LeeBKZ with beta=2, bkz with minimum_lee_wt_codeword+primitive ---
Hamming profile after BKZ: [15, 3, 1, 1, 1, 1, 1, 1, 1, 1, 1, 1, 1, 1, 1, 1]
Lee profile after BKZ: [34, 5, 1, 1, 1, 1, 1, 1, 1, 1, 1, 1, 1, 1, 1, 1]
15<=B_red[0].wtL<=75
B_red[0].wtH=15, B_red[0].wtL=34

Hamming profile: [13, 5, 1, 1, 1, 1, 1, 1, 1, 1, 1, 1, 1, 1, 1, 1]
Lee profile: [38, 8, 1, 1, 1, 1, 1, 1, 1, 1, 1, 1, 1, 1, 1, 1]
13<=B[0].wtL<=65
B[0].wtH=13, B[0].wtL=38

--- LeeBKZ with beta=2, bkz with minimum_lee_wt_codeword+primitive ---
Hamming profile after BKZ: [13, 5, 1, 1, 1, 1, 1, 1, 1, 1, 1, 1, 1, 1, 1, 1]
Lee profile after BKZ: [35, 9, 1, 1, 1, 1, 1, 1, 1, 1, 1, 1, 1, 1, 1, 1]
13<=B_red[0].wtL<=65
B_red[0].wtH=13, B_red[0].wtL=35

Hamming profile: [16, 2, 1, 1, 1, 1, 1, 1, 1, 1, 1, 1, 1, 1, 1, 1]
Lee profile: [36, 5, 1, 1, 1, 1, 1, 1, 1, 1, 1, 1, 1, 1, 1, 1]
16<=B[0].wtL<=80
B[0].wtH=16, B[0].wtL=36

--- LeeBKZ with beta=2, bkz with minimum_lee_wt_codeword+primitive ---
Hamming profile after BKZ: [17, 1, 1, 1, 1, 1, 1, 1, 1, 1, 1, 1, 1, 1, 1, 1]
Lee profile after BKZ: [30, 1, 1, 1, 1, 1, 1, 1, 1, 1, 1, 1, 1, 1, 1, 1]
17<=B_red[0].wtL<=85
B_red[0].wtH=17, B_red[0].wtL=30

Hamming profile: [16, 2, 1, 1, 1, 1, 1, 1, 1, 1, 1, 1, 1, 1, 1, 1]
Lee profile: [46, 3, 1, 1, 1, 1, 1, 1, 1, 1, 1, 1, 1, 1, 1, 1]
16<=B[0].wtL<=80
B[0].wtH=16, B[0].wtL=46

--- LeeBKZ with beta=2, bkz with minimum_lee_wt_codeword+primitive ---
Hamming profile after BKZ: [14, 4, 1, 1, 1, 1, 1, 1, 1, 1, 1, 1, 1, 1, 1, 1]
Lee profile after BKZ: [35, 10, 1, 1, 1, 1, 1, 1, 1, 1, 1, 1, 1, 1, 1, 1]
14<=B_red[0].wtL<=70
B_red[0].wtH=14, B_red[0].wtL=35

Hamming profile: [15, 3, 1, 1, 1, 1, 1, 1, 1, 1, 1, 1, 1, 1, 1, 1]
Lee profile: [47, 7, 1, 1, 1, 1, 1, 1, 1, 1, 1, 1, 1, 1, 1, 1]
15<=B[0].wtL<=75
B[0].wtH=15, B[0].wtL=47

--- LeeBKZ with beta=2, bkz with minimum_lee_wt_codeword+primitive ---
Hamming profile after BKZ: [13, 5, 1, 1, 1, 1, 1, 1, 1, 1, 1, 1, 1, 1, 1, 1]
Lee profile after BKZ: [29, 6, 1, 1, 1, 1, 1, 1, 1, 1, 1, 1, 1, 1, 1, 1]
13<=B_red[0].wtL<=65
B_red[0].wtH=13, B_red[0].wtL=29


****************************************************
******** STATISTICS OVER N=10 samples ********
****************************************************
Reduced 10 matrices of size 16x32 over F11
Proper basis wtH[0]=15.4 wtL[0]=44.0
Reduced basis wtH[0]=14.1 wtL[0]=34.3
Reduced basis avg. k1=2.1
Avg.time=0.07233386039733887
Avg.Mw_codeword.calls=5.1
Avg.potential_growth_fails=0.0
