RANDOM_SEED=4

Hamming profile: [112, 16, 3, 1, 1, 1, 1, 1, 1, 1, 1, 1, 1, 1, 1, 1, 1, 1, 1, 1, 1, 1, 1, 1, 1, 1, 1, 1, 1, 1, 1, 1, 1, 1, 1, 1, 1, 1, 1, 1, 1, 1, 1, 1, 1, 1, 1, 1, 1, 1, 1, 1, 1, 1, 1, 1, 1, 1, 1, 1, 1, 1, 1, 1, 1, 1, 1, 1, 1, 1, 1, 1, 1, 1, 1, 1, 1, 1, 1, 1, 1, 1, 1, 1, 1, 1, 1, 1, 1, 1, 1, 1, 1, 1, 1, 1, 1, 1, 1, 1, 1, 1, 1, 1, 1, 1, 1, 1, 1, 1, 1, 1, 1, 1, 1, 1, 1, 1, 1, 1, 1, 1, 1, 1, 1, 1, 1, 1]
Lee profile: [216, 34, 4, 1, 1, 1, 1, 1, 1, 1, 1, 1, 1, 1, 1, 1, 1, 1, 1, 1, 1, 1, 1, 1, 1, 1, 1, 1, 1, 1, 1, 1, 1, 1, 1, 1, 1, 1, 1, 1, 1, 1, 1, 1, 1, 1, 1, 1, 1, 1, 1, 1, 1, 1, 1, 1, 1, 1, 1, 1, 1, 1, 1, 1, 1, 1, 1, 1, 1, 1, 1, 1, 1, 1, 1, 1, 1, 1, 1, 1, 1, 1, 1, 1, 1, 1, 1, 1, 1, 1, 1, 1, 1, 1, 1, 1, 1, 1, 1, 1, 1, 1, 1, 1, 1, 1, 1, 1, 1, 1, 1, 1, 1, 1, 1, 1, 1, 1, 1, 1, 1, 1, 1, 1, 1, 1, 1, 1]
112<=B[0].wtL<=336
B[0].wtH=112, B[0].wtL=216

--- LeeBKZ with beta=4, bkz with minimum_lee_wt_codeword (may be non-primitive) ---
[LEEbkz:MW_Codeword_LEE:0.00926828384399414 sec.]
[LEEbkz:MW_Codeword_LEE:0.0033898353576660156 sec.]
[LEEbkz:MW_Codeword_LEE:0.0052700042724609375 sec.]
[LEEbkz:MW_Codeword_LEE:0.0032520294189453125 sec.]
[LEEbkz:MW_Codeword_LEE:0.003284931182861328 sec.]
[LEEbkz:MW_Codeword_LEE:0.00502324104309082 sec.]
[LEEbkz:MW_Codeword_LEE:0.003633737564086914 sec.]
[LEEbkz:MW_Codeword_LEE:0.0031347274780273438 sec.]
[LEEbkz:MW_Codeword_LEE:0.0030095577239990234 sec.]
[LEEbkz:MW_Codeword_LEE:0.0051233768463134766 sec.]
[LEEbkz:MW_Codeword_LEE:0.0034172534942626953 sec.]
[LEEbkz:MW_Codeword_LEE:0.005106687545776367 sec.]
[LEEbkz:MW_Codeword_LEE:0.005541324615478516 sec.]
[LEEbkz:MW_Codeword_LEE:0.002985715866088867 sec.]
[LEEbkz:MW_Codeword_LEE:0.004937887191772461 sec.]
[LEEbkz:MW_Codeword_LEE:0.0032300949096679688 sec.]
[LEEbkz:MW_Codeword_LEE:0.0028734207153320312 sec.]
[LEEbkz:MW_Codeword_LEE:0.0027780532836914062 sec.]
[LEEbkz:MW_Codeword_LEE:0.004900693893432617 sec.]
[LEEbkz:MW_Codeword_LEE:0.0032701492309570312 sec.]
[LEEbkz:MW_Codeword_LEE:0.002912759780883789 sec.]
[LEEbkz:MW_Codeword_LEE:0.0027844905853271484 sec.]
[LEEbkz:MW_Codeword_LEE:0.002722501754760742 sec.]
[LEEbkz:MW_Codeword_LEE:0.003493785858154297 sec.]
[LEEbkz:MW_Codeword_LEE:0.002831697463989258 sec.]
[LEEbkz:MW_Codeword_LEE:0.0027124881744384766 sec.]
[LEEbkz:MW_Codeword_LEE:0.0027191638946533203 sec.]
Hamming profile after BKZ: [105, 17, 7, 2, 2, 1, 1, 1, 1, 1, 1, 1, 1, 1, 1, 1, 1, 1, 1, 1, 1, 1, 1, 1, 1, 1, 1, 1, 1, 1, 1, 1, 1, 1, 1, 1, 1, 1, 1, 1, 1, 1, 1, 1, 1, 1, 1, 1, 1, 1, 1, 1, 1, 1, 1, 1, 1, 1, 1, 1, 1, 1, 1, 1, 1, 1, 1, 1, 1, 1, 1, 1, 1, 1, 1, 1, 1, 1, 1, 1, 1, 1, 1, 1, 1, 1, 1, 1, 1, 1, 1, 1, 1, 1, 1, 1, 1, 1, 1, 1, 1, 1, 1, 1, 1, 1, 1, 1, 1, 1, 1, 1, 1, 1, 1, 1, 1, 1, 1, 1, 1, 1, 1, 1, 1, 1, 1, 1]
Lee profile after BKZ: [185, 28, 10, 3, 2, 1, 1, 1, 1, 1, 1, 1, 1, 1, 1, 1, 1, 1, 1, 1, 1, 1, 1, 1, 1, 1, 1, 1, 1, 1, 1, 1, 1, 1, 1, 1, 1, 1, 1, 1, 1, 1, 1, 1, 1, 1, 1, 1, 1, 1, 1, 1, 1, 1, 1, 1, 1, 1, 1, 1, 1, 1, 1, 1, 1, 1, 1, 1, 1, 1, 1, 1, 1, 1, 1, 1, 1, 1, 1, 1, 1, 1, 1, 1, 1, 1, 1, 1, 1, 1, 1, 1, 1, 1, 1, 1, 1, 1, 1, 1, 1, 1, 1, 1, 1, 1, 1, 1, 1, 1, 1, 1, 1, 1, 1, 1, 1, 1, 1, 1, 1, 1, 1, 1, 1, 1, 1, 1]
105<=B_red[0].wtL<=315
B_red[0].wtH=105, B_red[0].wtL=185

Hamming profile: [113, 17, 1, 1, 1, 1, 1, 1, 1, 1, 1, 1, 1, 1, 1, 1, 1, 1, 1, 1, 1, 1, 1, 1, 1, 1, 1, 1, 1, 1, 1, 1, 1, 1, 1, 1, 1, 1, 1, 1, 1, 1, 1, 1, 1, 1, 1, 1, 1, 1, 1, 1, 1, 1, 1, 1, 1, 1, 1, 1, 1, 1, 1, 1, 1, 1, 1, 1, 1, 1, 1, 1, 1, 1, 1, 1, 1, 1, 1, 1, 1, 1, 1, 1, 1, 1, 1, 1, 1, 1, 1, 1, 1, 1, 1, 1, 1, 1, 1, 1, 1, 1, 1, 1, 1, 1, 1, 1, 1, 1, 1, 1, 1, 1, 1, 1, 1, 1, 1, 1, 1, 1, 1, 1, 1, 1, 1, 1]
Lee profile: [237, 40, 1, 1, 1, 1, 1, 1, 1, 1, 1, 1, 1, 1, 1, 1, 1, 1, 1, 1, 1, 1, 1, 1, 1, 1, 1, 1, 1, 1, 1, 1, 1, 1, 1, 1, 1, 1, 1, 1, 1, 1, 1, 1, 1, 1, 1, 1, 1, 1, 1, 1, 1, 1, 1, 1, 1, 1, 1, 1, 1, 1, 1, 1, 1, 1, 1, 1, 1, 1, 1, 1, 1, 1, 1, 1, 1, 1, 1, 1, 1, 1, 1, 1, 1, 1, 1, 1, 1, 1, 1, 1, 1, 1, 1, 1, 1, 1, 1, 1, 1, 1, 1, 1, 1, 1, 1, 1, 1, 1, 1, 1, 1, 1, 1, 1, 1, 1, 1, 1, 1, 1, 1, 1, 1, 1, 1, 1]
113<=B[0].wtL<=339
B[0].wtH=113, B[0].wtL=237

--- LeeBKZ with beta=4, bkz with minimum_lee_wt_codeword (may be non-primitive) ---
[LEEbkz:MW_Codeword_LEE:0.004941463470458984 sec.]
[LEEbkz:MW_Codeword_LEE:0.0033066272735595703 sec.]
[LEEbkz:MW_Codeword_LEE:0.004940032958984375 sec.]
[LEEbkz:MW_Codeword_LEE:0.0032758712768554688 sec.]
[LEEbkz:MW_Codeword_LEE:0.003000974655151367 sec.]
[LEEbkz:MW_Codeword_LEE:0.004996061325073242 sec.]
[LEEbkz:MW_Codeword_LEE:0.003249645233154297 sec.]
[LEEbkz:MW_Codeword_LEE:0.0028917789459228516 sec.]
[LEEbkz:MW_Codeword_LEE:0.0028007030487060547 sec.]
[LEEbkz:MW_Codeword_LEE:0.005219459533691406 sec.]
[LEEbkz:MW_Codeword_LEE:0.003329038619995117 sec.]
[LEEbkz:MW_Codeword_LEE:0.0029883384704589844 sec.]
[LEEbkz:MW_Codeword_LEE:0.0029370784759521484 sec.]
[LEEbkz:MW_Codeword_LEE:0.0033063888549804688 sec.]
[LEEbkz:MW_Codeword_LEE:0.002950906753540039 sec.]
[LEEbkz:MW_Codeword_LEE:0.0029485225677490234 sec.]
[LEEbkz:MW_Codeword_LEE:0.002541065216064453 sec.]
[LEEbkz:MW_Codeword_LEE:0.003034353256225586 sec.]
[LEEbkz:MW_Codeword_LEE:0.0028929710388183594 sec.]
Hamming profile after BKZ: [104, 19, 7, 1, 2, 1, 1, 1, 1, 1, 1, 1, 1, 1, 1, 1, 1, 1, 1, 1, 1, 1, 1, 1, 1, 1, 1, 1, 1, 1, 1, 1, 1, 1, 1, 1, 1, 1, 1, 1, 1, 1, 1, 1, 1, 1, 1, 1, 1, 1, 1, 1, 1, 1, 1, 1, 1, 1, 1, 1, 1, 1, 1, 1, 1, 1, 1, 1, 1, 1, 1, 1, 1, 1, 1, 1, 1, 1, 1, 1, 1, 1, 1, 1, 1, 1, 1, 1, 1, 1, 1, 1, 1, 1, 1, 1, 1, 1, 1, 1, 1, 1, 1, 1, 1, 1, 1, 1, 1, 1, 1, 1, 1, 1, 1, 1, 1, 1, 1, 1, 1, 1, 1, 1, 1, 1, 1, 1]
Lee profile after BKZ: [190, 34, 9, 1, 2, 1, 1, 1, 1, 1, 1, 1, 1, 1, 1, 1, 1, 1, 1, 1, 1, 1, 1, 1, 1, 1, 1, 1, 1, 1, 1, 1, 1, 1, 1, 1, 1, 1, 1, 1, 1, 1, 1, 1, 1, 1, 1, 1, 1, 1, 1, 1, 1, 1, 1, 1, 1, 1, 1, 1, 1, 1, 1, 1, 1, 1, 1, 1, 1, 1, 1, 1, 1, 1, 1, 1, 1, 1, 1, 1, 1, 1, 1, 1, 1, 1, 1, 1, 1, 1, 1, 1, 1, 1, 1, 1, 1, 1, 1, 1, 1, 1, 1, 1, 1, 1, 1, 1, 1, 1, 1, 1, 1, 1, 1, 1, 1, 1, 1, 1, 1, 1, 1, 1, 1, 1, 1, 1]
104<=B_red[0].wtL<=312
B_red[0].wtH=104, B_red[0].wtL=190

Hamming profile: [110, 19, 2, 1, 1, 1, 1, 1, 1, 1, 1, 1, 1, 1, 1, 1, 1, 1, 1, 1, 1, 1, 1, 1, 1, 1, 1, 1, 1, 1, 1, 1, 1, 1, 1, 1, 1, 1, 1, 1, 1, 1, 1, 1, 1, 1, 1, 1, 1, 1, 1, 1, 1, 1, 1, 1, 1, 1, 1, 1, 1, 1, 1, 1, 1, 1, 1, 1, 1, 1, 1, 1, 1, 1, 1, 1, 1, 1, 1, 1, 1, 1, 1, 1, 1, 1, 1, 1, 1, 1, 1, 1, 1, 1, 1, 1, 1, 1, 1, 1, 1, 1, 1, 1, 1, 1, 1, 1, 1, 1, 1, 1, 1, 1, 1, 1, 1, 1, 1, 1, 1, 1, 1, 1, 1, 1, 1, 1]
Lee profile: [229, 35, 2, 1, 1, 1, 1, 1, 1, 1, 1, 1, 1, 1, 1, 1, 1, 1, 1, 1, 1, 1, 1, 1, 1, 1, 1, 1, 1, 1, 1, 1, 1, 1, 1, 1, 1, 1, 1, 1, 1, 1, 1, 1, 1, 1, 1, 1, 1, 1, 1, 1, 1, 1, 1, 1, 1, 1, 1, 1, 1, 1, 1, 1, 1, 1, 1, 1, 1, 1, 1, 1, 1, 1, 1, 1, 1, 1, 1, 1, 1, 1, 1, 1, 1, 1, 1, 1, 1, 1, 1, 1, 1, 1, 1, 1, 1, 1, 1, 1, 1, 1, 1, 1, 1, 1, 1, 1, 1, 1, 1, 1, 1, 1, 1, 1, 1, 1, 1, 1, 1, 1, 1, 1, 1, 1, 1, 1]
110<=B[0].wtL<=330
B[0].wtH=110, B[0].wtL=229

--- LeeBKZ with beta=4, bkz with minimum_lee_wt_codeword (may be non-primitive) ---
[LEEbkz:MW_Codeword_LEE:0.005129814147949219 sec.]
[LEEbkz:MW_Codeword_LEE:0.0033659934997558594 sec.]
[LEEbkz:MW_Codeword_LEE:0.0051348209381103516 sec.]
[LEEbkz:MW_Codeword_LEE:0.0031137466430664062 sec.]
[LEEbkz:MW_Codeword_LEE:0.0030584335327148438 sec.]
[LEEbkz:MW_Codeword_LEE:0.005106925964355469 sec.]
[LEEbkz:MW_Codeword_LEE:0.0031578540802001953 sec.]
[LEEbkz:MW_Codeword_LEE:0.0029630661010742188 sec.]
[LEEbkz:MW_Codeword_LEE:0.002697467803955078 sec.]
[LEEbkz:MW_Codeword_LEE:0.004988670349121094 sec.]
[LEEbkz:MW_Codeword_LEE:0.003301382064819336 sec.]
[LEEbkz:MW_Codeword_LEE:0.0049245357513427734 sec.]
[LEEbkz:MW_Codeword_LEE:0.003186941146850586 sec.]
[LEEbkz:MW_Codeword_LEE:0.0028760433197021484 sec.]
[LEEbkz:MW_Codeword_LEE:0.004942178726196289 sec.]
[LEEbkz:MW_Codeword_LEE:0.003179311752319336 sec.]
[LEEbkz:MW_Codeword_LEE:0.00279998779296875 sec.]
[LEEbkz:MW_Codeword_LEE:0.0027599334716796875 sec.]
[LEEbkz:MW_Codeword_LEE:0.00505828857421875 sec.]
[LEEbkz:MW_Codeword_LEE:0.003172159194946289 sec.]
[LEEbkz:MW_Codeword_LEE:0.002841949462890625 sec.]
[LEEbkz:MW_Codeword_LEE:0.002856731414794922 sec.]
[LEEbkz:MW_Codeword_LEE:0.0032548904418945312 sec.]
[LEEbkz:MW_Codeword_LEE:0.0030498504638671875 sec.]
[LEEbkz:MW_Codeword_LEE:0.002855539321899414 sec.]
[LEEbkz:MW_Codeword_LEE:0.0025484561920166016 sec.]
[LEEbkz:MW_Codeword_LEE:0.0029091835021972656 sec.]
[LEEbkz:MW_Codeword_LEE:0.0028367042541503906 sec.]
[LEEbkz:MW_Codeword_LEE:0.0027437210083007812 sec.]
[LEEbkz:MW_Codeword_LEE:0.0028955936431884766 sec.]
Hamming profile after BKZ: [108, 18, 3, 1, 3, 1, 1, 1, 1, 1, 1, 1, 1, 1, 1, 1, 1, 1, 1, 1, 1, 1, 1, 1, 1, 1, 1, 1, 1, 1, 1, 1, 1, 1, 1, 1, 1, 1, 1, 1, 1, 1, 1, 1, 1, 1, 1, 1, 1, 1, 1, 1, 1, 1, 1, 1, 1, 1, 1, 1, 1, 1, 1, 1, 1, 1, 1, 1, 1, 1, 1, 1, 1, 1, 1, 1, 1, 1, 1, 1, 1, 1, 1, 1, 1, 1, 1, 1, 1, 1, 1, 1, 1, 1, 1, 1, 1, 1, 1, 1, 1, 1, 1, 1, 1, 1, 1, 1, 1, 1, 1, 1, 1, 1, 1, 1, 1, 1, 1, 1, 1, 1, 1, 1, 1, 1, 1, 1]
Lee profile after BKZ: [183, 25, 4, 1, 3, 1, 1, 1, 1, 1, 1, 1, 1, 1, 1, 1, 1, 1, 1, 1, 1, 1, 1, 1, 1, 1, 1, 1, 1, 1, 1, 1, 1, 1, 1, 1, 1, 1, 1, 1, 1, 1, 1, 1, 1, 1, 1, 1, 1, 1, 1, 1, 1, 1, 1, 1, 1, 1, 1, 1, 1, 1, 1, 1, 1, 1, 1, 1, 1, 1, 1, 1, 1, 1, 1, 1, 1, 1, 1, 1, 1, 1, 1, 1, 1, 1, 1, 1, 1, 1, 1, 1, 1, 1, 1, 1, 1, 1, 1, 1, 1, 1, 1, 1, 1, 1, 1, 1, 1, 1, 1, 1, 1, 1, 1, 1, 1, 1, 1, 1, 1, 1, 1, 1, 1, 1, 1, 1]
108<=B_red[0].wtL<=324
B_red[0].wtH=108, B_red[0].wtL=183

Hamming profile: [111, 17, 2, 2, 1, 1, 1, 1, 1, 1, 1, 1, 1, 1, 1, 1, 1, 1, 1, 1, 1, 1, 1, 1, 1, 1, 1, 1, 1, 1, 1, 1, 1, 1, 1, 1, 1, 1, 1, 1, 1, 1, 1, 1, 1, 1, 1, 1, 1, 1, 1, 1, 1, 1, 1, 1, 1, 1, 1, 1, 1, 1, 1, 1, 1, 1, 1, 1, 1, 1, 1, 1, 1, 1, 1, 1, 1, 1, 1, 1, 1, 1, 1, 1, 1, 1, 1, 1, 1, 1, 1, 1, 1, 1, 1, 1, 1, 1, 1, 1, 1, 1, 1, 1, 1, 1, 1, 1, 1, 1, 1, 1, 1, 1, 1, 1, 1, 1, 1, 1, 1, 1, 1, 1, 1, 1, 1, 1]
Lee profile: [224, 29, 4, 4, 1, 1, 1, 1, 1, 1, 1, 1, 1, 1, 1, 1, 1, 1, 1, 1, 1, 1, 1, 1, 1, 1, 1, 1, 1, 1, 1, 1, 1, 1, 1, 1, 1, 1, 1, 1, 1, 1, 1, 1, 1, 1, 1, 1, 1, 1, 1, 1, 1, 1, 1, 1, 1, 1, 1, 1, 1, 1, 1, 1, 1, 1, 1, 1, 1, 1, 1, 1, 1, 1, 1, 1, 1, 1, 1, 1, 1, 1, 1, 1, 1, 1, 1, 1, 1, 1, 1, 1, 1, 1, 1, 1, 1, 1, 1, 1, 1, 1, 1, 1, 1, 1, 1, 1, 1, 1, 1, 1, 1, 1, 1, 1, 1, 1, 1, 1, 1, 1, 1, 1, 1, 1, 1, 1]
111<=B[0].wtL<=333
B[0].wtH=111, B[0].wtL=224

--- LeeBKZ with beta=4, bkz with minimum_lee_wt_codeword (may be non-primitive) ---
[LEEbkz:MW_Codeword_LEE:0.004944562911987305 sec.]
[LEEbkz:MW_Codeword_LEE:0.0035445690155029297 sec.]
[LEEbkz:MW_Codeword_LEE:0.004997730255126953 sec.]
[LEEbkz:MW_Codeword_LEE:0.003600597381591797 sec.]
[LEEbkz:MW_Codeword_LEE:0.004975318908691406 sec.]
[LEEbkz:MW_Codeword_LEE:0.0036118030548095703 sec.]
[LEEbkz:MW_Codeword_LEE:0.0031256675720214844 sec.]
[LEEbkz:MW_Codeword_LEE:0.004981517791748047 sec.]
[LEEbkz:MW_Codeword_LEE:0.0034914016723632812 sec.]
[LEEbkz:MW_Codeword_LEE:0.0029180049896240234 sec.]
[LEEbkz:MW_Codeword_LEE:0.002925872802734375 sec.]
[LEEbkz:MW_Codeword_LEE:0.005043983459472656 sec.]
[LEEbkz:MW_Codeword_LEE:0.003483295440673828 sec.]
[LEEbkz:MW_Codeword_LEE:0.003024578094482422 sec.]
[LEEbkz:MW_Codeword_LEE:0.0028498172760009766 sec.]
[LEEbkz:MW_Codeword_LEE:0.0027151107788085938 sec.]
[LEEbkz:MW_Codeword_LEE:0.0033516883850097656 sec.]
[LEEbkz:MW_Codeword_LEE:0.002986431121826172 sec.]
[LEEbkz:MW_Codeword_LEE:0.002804994583129883 sec.]
[LEEbkz:MW_Codeword_LEE:0.0025892257690429688 sec.]
[LEEbkz:MW_Codeword_LEE:0.0037267208099365234 sec.]
[LEEbkz:MW_Codeword_LEE:0.0028007030487060547 sec.]
Hamming profile after BKZ: [99, 20, 9, 4, 1, 1, 1, 1, 1, 1, 1, 1, 1, 1, 1, 1, 1, 1, 1, 1, 1, 1, 1, 1, 1, 1, 1, 1, 1, 1, 1, 1, 1, 1, 1, 1, 1, 1, 1, 1, 1, 1, 1, 1, 1, 1, 1, 1, 1, 1, 1, 1, 1, 1, 1, 1, 1, 1, 1, 1, 1, 1, 1, 1, 1, 1, 1, 1, 1, 1, 1, 1, 1, 1, 1, 1, 1, 1, 1, 1, 1, 1, 1, 1, 1, 1, 1, 1, 1, 1, 1, 1, 1, 1, 1, 1, 1, 1, 1, 1, 1, 1, 1, 1, 1, 1, 1, 1, 1, 1, 1, 1, 1, 1, 1, 1, 1, 1, 1, 1, 1, 1, 1, 1, 1, 1, 1, 1]
Lee profile after BKZ: [177, 35, 11, 4, 1, 1, 1, 1, 1, 1, 1, 1, 1, 1, 1, 1, 1, 1, 1, 1, 1, 1, 1, 1, 1, 1, 1, 1, 1, 1, 1, 1, 1, 1, 1, 1, 1, 1, 1, 1, 1, 1, 1, 1, 1, 1, 1, 1, 1, 1, 1, 1, 1, 1, 1, 1, 1, 1, 1, 1, 1, 1, 1, 1, 1, 1, 1, 1, 1, 1, 1, 1, 1, 1, 1, 1, 1, 1, 1, 1, 1, 1, 1, 1, 1, 1, 1, 1, 1, 1, 1, 1, 1, 1, 1, 1, 1, 1, 1, 1, 1, 1, 1, 1, 1, 1, 1, 1, 1, 1, 1, 1, 1, 1, 1, 1, 1, 1, 1, 1, 1, 1, 1, 1, 1, 1, 1, 1]
99<=B_red[0].wtL<=297
B_red[0].wtH=99, B_red[0].wtL=177

Hamming profile: [107, 19, 4, 2, 1, 1, 1, 1, 1, 1, 1, 1, 1, 1, 1, 1, 1, 1, 1, 1, 1, 1, 1, 1, 1, 1, 1, 1, 1, 1, 1, 1, 1, 1, 1, 1, 1, 1, 1, 1, 1, 1, 1, 1, 1, 1, 1, 1, 1, 1, 1, 1, 1, 1, 1, 1, 1, 1, 1, 1, 1, 1, 1, 1, 1, 1, 1, 1, 1, 1, 1, 1, 1, 1, 1, 1, 1, 1, 1, 1, 1, 1, 1, 1, 1, 1, 1, 1, 1, 1, 1, 1, 1, 1, 1, 1, 1, 1, 1, 1, 1, 1, 1, 1, 1, 1, 1, 1, 1, 1, 1, 1, 1, 1, 1, 1, 1, 1, 1, 1, 1, 1, 1, 1, 1, 1, 1, 1]
Lee profile: [217, 44, 5, 2, 1, 1, 1, 1, 1, 1, 1, 1, 1, 1, 1, 1, 1, 1, 1, 1, 1, 1, 1, 1, 1, 1, 1, 1, 1, 1, 1, 1, 1, 1, 1, 1, 1, 1, 1, 1, 1, 1, 1, 1, 1, 1, 1, 1, 1, 1, 1, 1, 1, 1, 1, 1, 1, 1, 1, 1, 1, 1, 1, 1, 1, 1, 1, 1, 1, 1, 1, 1, 1, 1, 1, 1, 1, 1, 1, 1, 1, 1, 1, 1, 1, 1, 1, 1, 1, 1, 1, 1, 1, 1, 1, 1, 1, 1, 1, 1, 1, 1, 1, 1, 1, 1, 1, 1, 1, 1, 1, 1, 1, 1, 1, 1, 1, 1, 1, 1, 1, 1, 1, 1, 1, 1, 1, 1]
107<=B[0].wtL<=321
B[0].wtH=107, B[0].wtL=217

--- LeeBKZ with beta=4, bkz with minimum_lee_wt_codeword (may be non-primitive) ---
[LEEbkz:MW_Codeword_LEE:0.004918336868286133 sec.]
[LEEbkz:MW_Codeword_LEE:0.0033769607543945312 sec.]
[LEEbkz:MW_Codeword_LEE:0.0048639774322509766 sec.]
[LEEbkz:MW_Codeword_LEE:0.0031511783599853516 sec.]
[LEEbkz:MW_Codeword_LEE:0.0027108192443847656 sec.]
[LEEbkz:MW_Codeword_LEE:0.004885435104370117 sec.]
[LEEbkz:MW_Codeword_LEE:0.0035860538482666016 sec.]
[LEEbkz:MW_Codeword_LEE:0.005175590515136719 sec.]
[LEEbkz:MW_Codeword_LEE:0.003379344940185547 sec.]
[LEEbkz:MW_Codeword_LEE:0.002900362014770508 sec.]
[LEEbkz:MW_Codeword_LEE:0.0050506591796875 sec.]
[LEEbkz:MW_Codeword_LEE:0.0034584999084472656 sec.]
[LEEbkz:MW_Codeword_LEE:0.0027518272399902344 sec.]
[LEEbkz:MW_Codeword_LEE:0.002662181854248047 sec.]
[LEEbkz:MW_Codeword_LEE:0.005034208297729492 sec.]
[LEEbkz:MW_Codeword_LEE:0.003154754638671875 sec.]
[LEEbkz:MW_Codeword_LEE:0.00490260124206543 sec.]
[LEEbkz:MW_Codeword_LEE:0.003186464309692383 sec.]
[LEEbkz:MW_Codeword_LEE:0.002795696258544922 sec.]
[LEEbkz:MW_Codeword_LEE:0.005013227462768555 sec.]
[LEEbkz:MW_Codeword_LEE:0.0032448768615722656 sec.]
[LEEbkz:MW_Codeword_LEE:0.002827167510986328 sec.]
[LEEbkz:MW_Codeword_LEE:0.002733945846557617 sec.]
[LEEbkz:MW_Codeword_LEE:0.004951000213623047 sec.]
[LEEbkz:MW_Codeword_LEE:0.003377199172973633 sec.]
[LEEbkz:MW_Codeword_LEE:0.0051882266998291016 sec.]
[LEEbkz:MW_Codeword_LEE:0.003278970718383789 sec.]
[LEEbkz:MW_Codeword_LEE:0.002860546112060547 sec.]
[LEEbkz:MW_Codeword_LEE:0.0049397945404052734 sec.]
[LEEbkz:MW_Codeword_LEE:0.0033097267150878906 sec.]
[LEEbkz:MW_Codeword_LEE:0.002987384796142578 sec.]
[LEEbkz:MW_Codeword_LEE:0.0028047561645507812 sec.]
[LEEbkz:MW_Codeword_LEE:0.005151271820068359 sec.]
[LEEbkz:MW_Codeword_LEE:0.0033380985260009766 sec.]
[LEEbkz:MW_Codeword_LEE:0.0029647350311279297 sec.]
[LEEbkz:MW_Codeword_LEE:0.0029172897338867188 sec.]
[LEEbkz:MW_Codeword_LEE:0.002883434295654297 sec.]
[LEEbkz:MW_Codeword_LEE:0.0034704208374023438 sec.]
[LEEbkz:MW_Codeword_LEE:0.002794027328491211 sec.]
[LEEbkz:MW_Codeword_LEE:0.002693653106689453 sec.]
[LEEbkz:MW_Codeword_LEE:0.002643108367919922 sec.]
Hamming profile after BKZ: [102, 21, 6, 2, 2, 1, 1, 1, 1, 1, 1, 1, 1, 1, 1, 1, 1, 1, 1, 1, 1, 1, 1, 1, 1, 1, 1, 1, 1, 1, 1, 1, 1, 1, 1, 1, 1, 1, 1, 1, 1, 1, 1, 1, 1, 1, 1, 1, 1, 1, 1, 1, 1, 1, 1, 1, 1, 1, 1, 1, 1, 1, 1, 1, 1, 1, 1, 1, 1, 1, 1, 1, 1, 1, 1, 1, 1, 1, 1, 1, 1, 1, 1, 1, 1, 1, 1, 1, 1, 1, 1, 1, 1, 1, 1, 1, 1, 1, 1, 1, 1, 1, 1, 1, 1, 1, 1, 1, 1, 1, 1, 1, 1, 1, 1, 1, 1, 1, 1, 1, 1, 1, 1, 1, 1, 1, 1, 1]
Lee profile after BKZ: [182, 34, 8, 3, 2, 1, 1, 1, 1, 1, 1, 1, 1, 1, 1, 1, 1, 1, 1, 1, 1, 1, 1, 1, 1, 1, 1, 1, 1, 1, 1, 1, 1, 1, 1, 1, 1, 1, 1, 1, 1, 1, 1, 1, 1, 1, 1, 1, 1, 1, 1, 1, 1, 1, 1, 1, 1, 1, 1, 1, 1, 1, 1, 1, 1, 1, 1, 1, 1, 1, 1, 1, 1, 1, 1, 1, 1, 1, 1, 1, 1, 1, 1, 1, 1, 1, 1, 1, 1, 1, 1, 1, 1, 1, 1, 1, 1, 1, 1, 1, 1, 1, 1, 1, 1, 1, 1, 1, 1, 1, 1, 1, 1, 1, 1, 1, 1, 1, 1, 1, 1, 1, 1, 1, 1, 1, 1, 1]
102<=B_red[0].wtL<=306
B_red[0].wtH=102, B_red[0].wtL=182

Hamming profile: [109, 17, 5, 1, 1, 1, 1, 1, 1, 1, 1, 1, 1, 1, 1, 1, 1, 1, 1, 1, 1, 1, 1, 1, 1, 1, 1, 1, 1, 1, 1, 1, 1, 1, 1, 1, 1, 1, 1, 1, 1, 1, 1, 1, 1, 1, 1, 1, 1, 1, 1, 1, 1, 1, 1, 1, 1, 1, 1, 1, 1, 1, 1, 1, 1, 1, 1, 1, 1, 1, 1, 1, 1, 1, 1, 1, 1, 1, 1, 1, 1, 1, 1, 1, 1, 1, 1, 1, 1, 1, 1, 1, 1, 1, 1, 1, 1, 1, 1, 1, 1, 1, 1, 1, 1, 1, 1, 1, 1, 1, 1, 1, 1, 1, 1, 1, 1, 1, 1, 1, 1, 1, 1, 1, 1, 1, 1, 1]
Lee profile: [224, 32, 8, 1, 1, 1, 1, 1, 1, 1, 1, 1, 1, 1, 1, 1, 1, 1, 1, 1, 1, 1, 1, 1, 1, 1, 1, 1, 1, 1, 1, 1, 1, 1, 1, 1, 1, 1, 1, 1, 1, 1, 1, 1, 1, 1, 1, 1, 1, 1, 1, 1, 1, 1, 1, 1, 1, 1, 1, 1, 1, 1, 1, 1, 1, 1, 1, 1, 1, 1, 1, 1, 1, 1, 1, 1, 1, 1, 1, 1, 1, 1, 1, 1, 1, 1, 1, 1, 1, 1, 1, 1, 1, 1, 1, 1, 1, 1, 1, 1, 1, 1, 1, 1, 1, 1, 1, 1, 1, 1, 1, 1, 1, 1, 1, 1, 1, 1, 1, 1, 1, 1, 1, 1, 1, 1, 1, 1]
109<=B[0].wtL<=327
B[0].wtH=109, B[0].wtL=224

--- LeeBKZ with beta=4, bkz with minimum_lee_wt_codeword (may be non-primitive) ---
[LEEbkz:MW_Codeword_LEE:0.0052111148834228516 sec.]
[LEEbkz:MW_Codeword_LEE:0.0032525062561035156 sec.]
[LEEbkz:MW_Codeword_LEE:0.0051419734954833984 sec.]
[LEEbkz:MW_Codeword_LEE:0.0033767223358154297 sec.]
[LEEbkz:MW_Codeword_LEE:0.004929542541503906 sec.]
[LEEbkz:MW_Codeword_LEE:0.0032978057861328125 sec.]
[LEEbkz:MW_Codeword_LEE:0.0029592514038085938 sec.]
[LEEbkz:MW_Codeword_LEE:0.0051577091217041016 sec.]
[LEEbkz:MW_Codeword_LEE:0.0033402442932128906 sec.]
[LEEbkz:MW_Codeword_LEE:0.002894163131713867 sec.]
[LEEbkz:MW_Codeword_LEE:0.0027179718017578125 sec.]
[LEEbkz:MW_Codeword_LEE:0.004876375198364258 sec.]
[LEEbkz:MW_Codeword_LEE:0.003467082977294922 sec.]
[LEEbkz:MW_Codeword_LEE:0.002835988998413086 sec.]
[LEEbkz:MW_Codeword_LEE:0.0027039051055908203 sec.]
[LEEbkz:MW_Codeword_LEE:0.0026159286499023438 sec.]
[LEEbkz:MW_Codeword_LEE:0.003322601318359375 sec.]
[LEEbkz:MW_Codeword_LEE:0.003025531768798828 sec.]
[LEEbkz:MW_Codeword_LEE:0.002747058868408203 sec.]
[LEEbkz:MW_Codeword_LEE:0.0028231143951416016 sec.]
[LEEbkz:MW_Codeword_LEE:0.0029561519622802734 sec.]
[LEEbkz:MW_Codeword_LEE:0.002803802490234375 sec.]
[LEEbkz:MW_Codeword_LEE:0.002803802490234375 sec.]
[LEEbkz:MW_Codeword_LEE:0.002513885498046875 sec.]
[LEEbkz:MW_Codeword_LEE:0.0030291080474853516 sec.]
[LEEbkz:MW_Codeword_LEE:0.003073453903198242 sec.]
[LEEbkz:MW_Codeword_LEE:0.002992868423461914 sec.]
[LEEbkz:MW_Codeword_LEE:0.002807140350341797 sec.]
Hamming profile after BKZ: [98, 23, 6, 4, 1, 2, 1, 1, 1, 1, 1, 1, 1, 1, 1, 1, 1, 1, 1, 1, 1, 1, 1, 1, 1, 1, 1, 1, 1, 1, 1, 1, 1, 1, 1, 1, 1, 1, 1, 1, 1, 1, 1, 1, 1, 1, 1, 1, 1, 1, 1, 1, 1, 1, 1, 1, 1, 1, 1, 1, 1, 1, 1, 1, 1, 1, 1, 1, 1, 1, 1, 1, 1, 1, 1, 1, 1, 1, 1, 1, 1, 1, 1, 1, 1, 1, 1, 1, 1, 1, 1, 1, 1, 1, 1, 1, 1, 1, 1, 1, 1, 1, 1, 1, 1, 1, 1, 1, 1, 1, 1, 1, 1, 1, 1, 1, 1, 1, 1, 1, 1, 1, 1, 1, 1, 1, 1, 1]
Lee profile after BKZ: [181, 41, 10, 5, 1, 2, 1, 1, 1, 1, 1, 1, 1, 1, 1, 1, 1, 1, 1, 1, 1, 1, 1, 1, 1, 1, 1, 1, 1, 1, 1, 1, 1, 1, 1, 1, 1, 1, 1, 1, 1, 1, 1, 1, 1, 1, 1, 1, 1, 1, 1, 1, 1, 1, 1, 1, 1, 1, 1, 1, 1, 1, 1, 1, 1, 1, 1, 1, 1, 1, 1, 1, 1, 1, 1, 1, 1, 1, 1, 1, 1, 1, 1, 1, 1, 1, 1, 1, 1, 1, 1, 1, 1, 1, 1, 1, 1, 1, 1, 1, 1, 1, 1, 1, 1, 1, 1, 1, 1, 1, 1, 1, 1, 1, 1, 1, 1, 1, 1, 1, 1, 1, 1, 1, 1, 1, 1, 1]
98<=B_red[0].wtL<=294
B_red[0].wtH=98, B_red[0].wtL=181

Hamming profile: [114, 14, 3, 1, 1, 1, 1, 1, 1, 1, 1, 1, 1, 1, 1, 1, 1, 1, 1, 1, 1, 1, 1, 1, 1, 1, 1, 1, 1, 1, 1, 1, 1, 1, 1, 1, 1, 1, 1, 1, 1, 1, 1, 1, 1, 1, 1, 1, 1, 1, 1, 1, 1, 1, 1, 1, 1, 1, 1, 1, 1, 1, 1, 1, 1, 1, 1, 1, 1, 1, 1, 1, 1, 1, 1, 1, 1, 1, 1, 1, 1, 1, 1, 1, 1, 1, 1, 1, 1, 1, 1, 1, 1, 1, 1, 1, 1, 1, 1, 1, 1, 1, 1, 1, 1, 1, 1, 1, 1, 1, 1, 1, 1, 1, 1, 1, 1, 1, 1, 1, 1, 1, 1, 1, 1, 1, 1, 1]
Lee profile: [233, 30, 5, 1, 1, 1, 1, 1, 1, 1, 1, 1, 1, 1, 1, 1, 1, 1, 1, 1, 1, 1, 1, 1, 1, 1, 1, 1, 1, 1, 1, 1, 1, 1, 1, 1, 1, 1, 1, 1, 1, 1, 1, 1, 1, 1, 1, 1, 1, 1, 1, 1, 1, 1, 1, 1, 1, 1, 1, 1, 1, 1, 1, 1, 1, 1, 1, 1, 1, 1, 1, 1, 1, 1, 1, 1, 1, 1, 1, 1, 1, 1, 1, 1, 1, 1, 1, 1, 1, 1, 1, 1, 1, 1, 1, 1, 1, 1, 1, 1, 1, 1, 1, 1, 1, 1, 1, 1, 1, 1, 1, 1, 1, 1, 1, 1, 1, 1, 1, 1, 1, 1, 1, 1, 1, 1, 1, 1]
114<=B[0].wtL<=342
B[0].wtH=114, B[0].wtL=233

--- LeeBKZ with beta=4, bkz with minimum_lee_wt_codeword (may be non-primitive) ---
[LEEbkz:MW_Codeword_LEE:0.005156755447387695 sec.]
[LEEbkz:MW_Codeword_LEE:0.003500699996948242 sec.]
[LEEbkz:MW_Codeword_LEE:0.004978656768798828 sec.]
[LEEbkz:MW_Codeword_LEE:0.003370523452758789 sec.]
[LEEbkz:MW_Codeword_LEE:0.004979848861694336 sec.]
[LEEbkz:MW_Codeword_LEE:0.0035228729248046875 sec.]
[LEEbkz:MW_Codeword_LEE:0.002955198287963867 sec.]
[LEEbkz:MW_Codeword_LEE:0.004982709884643555 sec.]
[LEEbkz:MW_Codeword_LEE:0.003392934799194336 sec.]
[LEEbkz:MW_Codeword_LEE:0.004914522171020508 sec.]
[LEEbkz:MW_Codeword_LEE:0.0032501220703125 sec.]
[LEEbkz:MW_Codeword_LEE:0.0028548240661621094 sec.]
[LEEbkz:MW_Codeword_LEE:0.004990816116333008 sec.]
[LEEbkz:MW_Codeword_LEE:0.0033528804779052734 sec.]
[LEEbkz:MW_Codeword_LEE:0.0028831958770751953 sec.]
[LEEbkz:MW_Codeword_LEE:0.002684354782104492 sec.]
[LEEbkz:MW_Codeword_LEE:0.00484919548034668 sec.]
[LEEbkz:MW_Codeword_LEE:0.003191232681274414 sec.]
[LEEbkz:MW_Codeword_LEE:0.005011081695556641 sec.]
[LEEbkz:MW_Codeword_LEE:0.0031909942626953125 sec.]
[LEEbkz:MW_Codeword_LEE:0.002928018569946289 sec.]
[LEEbkz:MW_Codeword_LEE:0.0026748180389404297 sec.]
[LEEbkz:MW_Codeword_LEE:0.0049097537994384766 sec.]
[LEEbkz:MW_Codeword_LEE:0.0037505626678466797 sec.]
[LEEbkz:MW_Codeword_LEE:0.0028142929077148438 sec.]
[LEEbkz:MW_Codeword_LEE:0.002775907516479492 sec.]
[LEEbkz:MW_Codeword_LEE:0.0029609203338623047 sec.]
[LEEbkz:MW_Codeword_LEE:0.0037250518798828125 sec.]
[LEEbkz:MW_Codeword_LEE:0.0030622482299804688 sec.]
[LEEbkz:MW_Codeword_LEE:0.0027871131896972656 sec.]
[LEEbkz:MW_Codeword_LEE:0.0029103755950927734 sec.]
[LEEbkz:MW_Codeword_LEE:0.002475738525390625 sec.]
[LEEbkz:MW_Codeword_LEE:0.0030426979064941406 sec.]
[LEEbkz:MW_Codeword_LEE:0.0027763843536376953 sec.]
[LEEbkz:MW_Codeword_LEE:0.0027124881744384766 sec.]
Hamming profile after BKZ: [99, 25, 3, 3, 3, 1, 1, 1, 1, 1, 1, 1, 1, 1, 1, 1, 1, 1, 1, 1, 1, 1, 1, 1, 1, 1, 1, 1, 1, 1, 1, 1, 1, 1, 1, 1, 1, 1, 1, 1, 1, 1, 1, 1, 1, 1, 1, 1, 1, 1, 1, 1, 1, 1, 1, 1, 1, 1, 1, 1, 1, 1, 1, 1, 1, 1, 1, 1, 1, 1, 1, 1, 1, 1, 1, 1, 1, 1, 1, 1, 1, 1, 1, 1, 1, 1, 1, 1, 1, 1, 1, 1, 1, 1, 1, 1, 1, 1, 1, 1, 1, 1, 1, 1, 1, 1, 1, 1, 1, 1, 1, 1, 1, 1, 1, 1, 1, 1, 1, 1, 1, 1, 1, 1, 1, 1, 1, 1]
Lee profile after BKZ: [180, 36, 5, 4, 3, 1, 1, 1, 1, 1, 1, 1, 1, 1, 1, 1, 1, 1, 1, 1, 1, 1, 1, 1, 1, 1, 1, 1, 1, 1, 1, 1, 1, 1, 1, 1, 1, 1, 1, 1, 1, 1, 1, 1, 1, 1, 1, 1, 1, 1, 1, 1, 1, 1, 1, 1, 1, 1, 1, 1, 1, 1, 1, 1, 1, 1, 1, 1, 1, 1, 1, 1, 1, 1, 1, 1, 1, 1, 1, 1, 1, 1, 1, 1, 1, 1, 1, 1, 1, 1, 1, 1, 1, 1, 1, 1, 1, 1, 1, 1, 1, 1, 1, 1, 1, 1, 1, 1, 1, 1, 1, 1, 1, 1, 1, 1, 1, 1, 1, 1, 1, 1, 1, 1, 1, 1, 1, 1]
99<=B_red[0].wtL<=297
B_red[0].wtH=99, B_red[0].wtL=180

Hamming profile: [114, 16, 1, 1, 1, 1, 1, 1, 1, 1, 1, 1, 1, 1, 1, 1, 1, 1, 1, 1, 1, 1, 1, 1, 1, 1, 1, 1, 1, 1, 1, 1, 1, 1, 1, 1, 1, 1, 1, 1, 1, 1, 1, 1, 1, 1, 1, 1, 1, 1, 1, 1, 1, 1, 1, 1, 1, 1, 1, 1, 1, 1, 1, 1, 1, 1, 1, 1, 1, 1, 1, 1, 1, 1, 1, 1, 1, 1, 1, 1, 1, 1, 1, 1, 1, 1, 1, 1, 1, 1, 1, 1, 1, 1, 1, 1, 1, 1, 1, 1, 1, 1, 1, 1, 1, 1, 1, 1, 1, 1, 1, 1, 1, 1, 1, 1, 1, 1, 1, 1, 1, 1, 1, 1, 1, 1, 1, 1]
Lee profile: [221, 26, 1, 1, 1, 1, 1, 1, 1, 1, 1, 1, 1, 1, 1, 1, 1, 1, 1, 1, 1, 1, 1, 1, 1, 1, 1, 1, 1, 1, 1, 1, 1, 1, 1, 1, 1, 1, 1, 1, 1, 1, 1, 1, 1, 1, 1, 1, 1, 1, 1, 1, 1, 1, 1, 1, 1, 1, 1, 1, 1, 1, 1, 1, 1, 1, 1, 1, 1, 1, 1, 1, 1, 1, 1, 1, 1, 1, 1, 1, 1, 1, 1, 1, 1, 1, 1, 1, 1, 1, 1, 1, 1, 1, 1, 1, 1, 1, 1, 1, 1, 1, 1, 1, 1, 1, 1, 1, 1, 1, 1, 1, 1, 1, 1, 1, 1, 1, 1, 1, 1, 1, 1, 1, 1, 1, 1, 1]
114<=B[0].wtL<=342
B[0].wtH=114, B[0].wtL=221

--- LeeBKZ with beta=4, bkz with minimum_lee_wt_codeword (may be non-primitive) ---
[LEEbkz:MW_Codeword_LEE:0.00513768196105957 sec.]
[LEEbkz:MW_Codeword_LEE:0.0034050941467285156 sec.]
[LEEbkz:MW_Codeword_LEE:0.005166530609130859 sec.]
[LEEbkz:MW_Codeword_LEE:0.0032334327697753906 sec.]
[LEEbkz:MW_Codeword_LEE:0.002817392349243164 sec.]
[LEEbkz:MW_Codeword_LEE:0.0052182674407958984 sec.]
[LEEbkz:MW_Codeword_LEE:0.0033159255981445312 sec.]
[LEEbkz:MW_Codeword_LEE:0.005280971527099609 sec.]
[LEEbkz:MW_Codeword_LEE:0.0031409263610839844 sec.]
[LEEbkz:MW_Codeword_LEE:0.003025531768798828 sec.]
[LEEbkz:MW_Codeword_LEE:0.0049762725830078125 sec.]
[LEEbkz:MW_Codeword_LEE:0.0034110546112060547 sec.]
[LEEbkz:MW_Codeword_LEE:0.0029816627502441406 sec.]
[LEEbkz:MW_Codeword_LEE:0.0031065940856933594 sec.]
[LEEbkz:MW_Codeword_LEE:0.0049664974212646484 sec.]
[LEEbkz:MW_Codeword_LEE:0.003317117691040039 sec.]
[LEEbkz:MW_Codeword_LEE:0.00284576416015625 sec.]
[LEEbkz:MW_Codeword_LEE:0.002709627151489258 sec.]
[LEEbkz:MW_Codeword_LEE:0.0026998519897460938 sec.]
[LEEbkz:MW_Codeword_LEE:0.003324747085571289 sec.]
[LEEbkz:MW_Codeword_LEE:0.0029439926147460938 sec.]
[LEEbkz:MW_Codeword_LEE:0.0028755664825439453 sec.]
[LEEbkz:MW_Codeword_LEE:0.002947568893432617 sec.]
[LEEbkz:MW_Codeword_LEE:0.0029745101928710938 sec.]
[LEEbkz:MW_Codeword_LEE:0.003058195114135742 sec.]
Hamming profile after BKZ: [105, 19, 5, 3, 1, 1, 1, 1, 1, 1, 1, 1, 1, 1, 1, 1, 1, 1, 1, 1, 1, 1, 1, 1, 1, 1, 1, 1, 1, 1, 1, 1, 1, 1, 1, 1, 1, 1, 1, 1, 1, 1, 1, 1, 1, 1, 1, 1, 1, 1, 1, 1, 1, 1, 1, 1, 1, 1, 1, 1, 1, 1, 1, 1, 1, 1, 1, 1, 1, 1, 1, 1, 1, 1, 1, 1, 1, 1, 1, 1, 1, 1, 1, 1, 1, 1, 1, 1, 1, 1, 1, 1, 1, 1, 1, 1, 1, 1, 1, 1, 1, 1, 1, 1, 1, 1, 1, 1, 1, 1, 1, 1, 1, 1, 1, 1, 1, 1, 1, 1, 1, 1, 1, 1, 1, 1, 1, 1]
Lee profile after BKZ: [182, 31, 5, 3, 1, 1, 1, 1, 1, 1, 1, 1, 1, 1, 1, 1, 1, 1, 1, 1, 1, 1, 1, 1, 1, 1, 1, 1, 1, 1, 1, 1, 1, 1, 1, 1, 1, 1, 1, 1, 1, 1, 1, 1, 1, 1, 1, 1, 1, 1, 1, 1, 1, 1, 1, 1, 1, 1, 1, 1, 1, 1, 1, 1, 1, 1, 1, 1, 1, 1, 1, 1, 1, 1, 1, 1, 1, 1, 1, 1, 1, 1, 1, 1, 1, 1, 1, 1, 1, 1, 1, 1, 1, 1, 1, 1, 1, 1, 1, 1, 1, 1, 1, 1, 1, 1, 1, 1, 1, 1, 1, 1, 1, 1, 1, 1, 1, 1, 1, 1, 1, 1, 1, 1, 1, 1, 1, 1]
105<=B_red[0].wtL<=315
B_red[0].wtH=105, B_red[0].wtL=182

Hamming profile: [112, 18, 1, 1, 1, 1, 1, 1, 1, 1, 1, 1, 1, 1, 1, 1, 1, 1, 1, 1, 1, 1, 1, 1, 1, 1, 1, 1, 1, 1, 1, 1, 1, 1, 1, 1, 1, 1, 1, 1, 1, 1, 1, 1, 1, 1, 1, 1, 1, 1, 1, 1, 1, 1, 1, 1, 1, 1, 1, 1, 1, 1, 1, 1, 1, 1, 1, 1, 1, 1, 1, 1, 1, 1, 1, 1, 1, 1, 1, 1, 1, 1, 1, 1, 1, 1, 1, 1, 1, 1, 1, 1, 1, 1, 1, 1, 1, 1, 1, 1, 1, 1, 1, 1, 1, 1, 1, 1, 1, 1, 1, 1, 1, 1, 1, 1, 1, 1, 1, 1, 1, 1, 1, 1, 1, 1, 1, 1]
Lee profile: [228, 35, 1, 1, 1, 1, 1, 1, 1, 1, 1, 1, 1, 1, 1, 1, 1, 1, 1, 1, 1, 1, 1, 1, 1, 1, 1, 1, 1, 1, 1, 1, 1, 1, 1, 1, 1, 1, 1, 1, 1, 1, 1, 1, 1, 1, 1, 1, 1, 1, 1, 1, 1, 1, 1, 1, 1, 1, 1, 1, 1, 1, 1, 1, 1, 1, 1, 1, 1, 1, 1, 1, 1, 1, 1, 1, 1, 1, 1, 1, 1, 1, 1, 1, 1, 1, 1, 1, 1, 1, 1, 1, 1, 1, 1, 1, 1, 1, 1, 1, 1, 1, 1, 1, 1, 1, 1, 1, 1, 1, 1, 1, 1, 1, 1, 1, 1, 1, 1, 1, 1, 1, 1, 1, 1, 1, 1, 1]
112<=B[0].wtL<=336
B[0].wtH=112, B[0].wtL=228

--- LeeBKZ with beta=4, bkz with minimum_lee_wt_codeword (may be non-primitive) ---
[LEEbkz:MW_Codeword_LEE:0.005021333694458008 sec.]
[LEEbkz:MW_Codeword_LEE:0.0032110214233398438 sec.]
[LEEbkz:MW_Codeword_LEE:0.005105733871459961 sec.]
[LEEbkz:MW_Codeword_LEE:0.003548860549926758 sec.]
[LEEbkz:MW_Codeword_LEE:0.0028765201568603516 sec.]
[LEEbkz:MW_Codeword_LEE:0.0050394535064697266 sec.]
[LEEbkz:MW_Codeword_LEE:0.0034165382385253906 sec.]
[LEEbkz:MW_Codeword_LEE:0.002936124801635742 sec.]
[LEEbkz:MW_Codeword_LEE:0.0028905868530273438 sec.]
[LEEbkz:MW_Codeword_LEE:0.007843732833862305 sec.]
[LEEbkz:MW_Codeword_LEE:0.005121469497680664 sec.]
[LEEbkz:MW_Codeword_LEE:0.0031588077545166016 sec.]
[LEEbkz:MW_Codeword_LEE:0.0030460357666015625 sec.]
[LEEbkz:MW_Codeword_LEE:0.0029861927032470703 sec.]
[LEEbkz:MW_Codeword_LEE:0.003307819366455078 sec.]
[LEEbkz:MW_Codeword_LEE:0.004993438720703125 sec.]
[LEEbkz:MW_Codeword_LEE:0.002923727035522461 sec.]
[LEEbkz:MW_Codeword_LEE:0.002775907516479492 sec.]
[LEEbkz:MW_Codeword_LEE:0.002533435821533203 sec.]
[LEEbkz:MW_Codeword_LEE:0.0030083656311035156 sec.]
[LEEbkz:MW_Codeword_LEE:0.0029184818267822266 sec.]
[LEEbkz:MW_Codeword_LEE:0.0027382373809814453 sec.]
Hamming profile after BKZ: [104, 20, 3, 4, 2, 1, 1, 1, 1, 1, 1, 1, 1, 1, 1, 1, 1, 1, 1, 1, 1, 1, 1, 1, 1, 1, 1, 1, 1, 1, 1, 1, 1, 1, 1, 1, 1, 1, 1, 1, 1, 1, 1, 1, 1, 1, 1, 1, 1, 1, 1, 1, 1, 1, 1, 1, 1, 1, 1, 1, 1, 1, 1, 1, 1, 1, 1, 1, 1, 1, 1, 1, 1, 1, 1, 1, 1, 1, 1, 1, 1, 1, 1, 1, 1, 1, 1, 1, 1, 1, 1, 1, 1, 1, 1, 1, 1, 1, 1, 1, 1, 1, 1, 1, 1, 1, 1, 1, 1, 1, 1, 1, 1, 1, 1, 1, 1, 1, 1, 1, 1, 1, 1, 1, 1, 1, 1, 1]
Lee profile after BKZ: [185, 31, 4, 4, 2, 1, 1, 1, 1, 1, 1, 1, 1, 1, 1, 1, 1, 1, 1, 1, 1, 1, 1, 1, 1, 1, 1, 1, 1, 1, 1, 1, 1, 1, 1, 1, 1, 1, 1, 1, 1, 1, 1, 1, 1, 1, 1, 1, 1, 1, 1, 1, 1, 1, 1, 1, 1, 1, 1, 1, 1, 1, 1, 1, 1, 1, 1, 1, 1, 1, 1, 1, 1, 1, 1, 1, 1, 1, 1, 1, 1, 1, 1, 1, 1, 1, 1, 1, 1, 1, 1, 1, 1, 1, 1, 1, 1, 1, 1, 1, 1, 1, 1, 1, 1, 1, 1, 1, 1, 1, 1, 1, 1, 1, 1, 1, 1, 1, 1, 1, 1, 1, 1, 1, 1, 1, 1, 1]
104<=B_red[0].wtL<=312
B_red[0].wtH=104, B_red[0].wtL=185

Hamming profile: [117, 10, 4, 1, 1, 1, 1, 1, 1, 1, 1, 1, 1, 1, 1, 1, 1, 1, 1, 1, 1, 1, 1, 1, 1, 1, 1, 1, 1, 1, 1, 1, 1, 1, 1, 1, 1, 1, 1, 1, 1, 1, 1, 1, 1, 1, 1, 1, 1, 1, 1, 1, 1, 1, 1, 1, 1, 1, 1, 1, 1, 1, 1, 1, 1, 1, 1, 1, 1, 1, 1, 1, 1, 1, 1, 1, 1, 1, 1, 1, 1, 1, 1, 1, 1, 1, 1, 1, 1, 1, 1, 1, 1, 1, 1, 1, 1, 1, 1, 1, 1, 1, 1, 1, 1, 1, 1, 1, 1, 1, 1, 1, 1, 1, 1, 1, 1, 1, 1, 1, 1, 1, 1, 1, 1, 1, 1, 1]
Lee profile: [249, 21, 10, 1, 1, 1, 1, 1, 1, 1, 1, 1, 1, 1, 1, 1, 1, 1, 1, 1, 1, 1, 1, 1, 1, 1, 1, 1, 1, 1, 1, 1, 1, 1, 1, 1, 1, 1, 1, 1, 1, 1, 1, 1, 1, 1, 1, 1, 1, 1, 1, 1, 1, 1, 1, 1, 1, 1, 1, 1, 1, 1, 1, 1, 1, 1, 1, 1, 1, 1, 1, 1, 1, 1, 1, 1, 1, 1, 1, 1, 1, 1, 1, 1, 1, 1, 1, 1, 1, 1, 1, 1, 1, 1, 1, 1, 1, 1, 1, 1, 1, 1, 1, 1, 1, 1, 1, 1, 1, 1, 1, 1, 1, 1, 1, 1, 1, 1, 1, 1, 1, 1, 1, 1, 1, 1, 1, 1]
117<=B[0].wtL<=351
B[0].wtH=117, B[0].wtL=249

--- LeeBKZ with beta=4, bkz with minimum_lee_wt_codeword (may be non-primitive) ---
[LEEbkz:MW_Codeword_LEE:0.0052983760833740234 sec.]
[LEEbkz:MW_Codeword_LEE:0.003470897674560547 sec.]
[LEEbkz:MW_Codeword_LEE:0.005090951919555664 sec.]
[LEEbkz:MW_Codeword_LEE:0.003963470458984375 sec.]
[LEEbkz:MW_Codeword_LEE:0.002941608428955078 sec.]
[LEEbkz:MW_Codeword_LEE:0.005307435989379883 sec.]
[LEEbkz:MW_Codeword_LEE:0.004647016525268555 sec.]
[LEEbkz:MW_Codeword_LEE:0.0066373348236083984 sec.]
[LEEbkz:MW_Codeword_LEE:0.003450632095336914 sec.]
[LEEbkz:MW_Codeword_LEE:0.0029599666595458984 sec.]
[LEEbkz:MW_Codeword_LEE:0.006765842437744141 sec.]
[LEEbkz:MW_Codeword_LEE:0.003379344940185547 sec.]
[LEEbkz:MW_Codeword_LEE:0.004048347473144531 sec.]
[LEEbkz:MW_Codeword_LEE:0.0028617382049560547 sec.]
[LEEbkz:MW_Codeword_LEE:0.005316019058227539 sec.]
[LEEbkz:MW_Codeword_LEE:0.0033311843872070312 sec.]
[LEEbkz:MW_Codeword_LEE:0.0031354427337646484 sec.]
[LEEbkz:MW_Codeword_LEE:0.0028340816497802734 sec.]
[LEEbkz:MW_Codeword_LEE:0.002779722213745117 sec.]
[LEEbkz:MW_Codeword_LEE:0.003453493118286133 sec.]
[LEEbkz:MW_Codeword_LEE:0.0032224655151367188 sec.]
[LEEbkz:MW_Codeword_LEE:0.0029134750366210938 sec.]
[LEEbkz:MW_Codeword_LEE:0.002902984619140625 sec.]
[LEEbkz:MW_Codeword_LEE:0.002598285675048828 sec.]
[LEEbkz:MW_Codeword_LEE:0.003188610076904297 sec.]
[LEEbkz:MW_Codeword_LEE:0.0028848648071289062 sec.]
[LEEbkz:MW_Codeword_LEE:0.002828836441040039 sec.]
Hamming profile after BKZ: [104, 17, 7, 3, 2, 1, 1, 1, 1, 1, 1, 1, 1, 1, 1, 1, 1, 1, 1, 1, 1, 1, 1, 1, 1, 1, 1, 1, 1, 1, 1, 1, 1, 1, 1, 1, 1, 1, 1, 1, 1, 1, 1, 1, 1, 1, 1, 1, 1, 1, 1, 1, 1, 1, 1, 1, 1, 1, 1, 1, 1, 1, 1, 1, 1, 1, 1, 1, 1, 1, 1, 1, 1, 1, 1, 1, 1, 1, 1, 1, 1, 1, 1, 1, 1, 1, 1, 1, 1, 1, 1, 1, 1, 1, 1, 1, 1, 1, 1, 1, 1, 1, 1, 1, 1, 1, 1, 1, 1, 1, 1, 1, 1, 1, 1, 1, 1, 1, 1, 1, 1, 1, 1, 1, 1, 1, 1, 1]
Lee profile after BKZ: [181, 26, 10, 4, 2, 1, 1, 1, 1, 1, 1, 1, 1, 1, 1, 1, 1, 1, 1, 1, 1, 1, 1, 1, 1, 1, 1, 1, 1, 1, 1, 1, 1, 1, 1, 1, 1, 1, 1, 1, 1, 1, 1, 1, 1, 1, 1, 1, 1, 1, 1, 1, 1, 1, 1, 1, 1, 1, 1, 1, 1, 1, 1, 1, 1, 1, 1, 1, 1, 1, 1, 1, 1, 1, 1, 1, 1, 1, 1, 1, 1, 1, 1, 1, 1, 1, 1, 1, 1, 1, 1, 1, 1, 1, 1, 1, 1, 1, 1, 1, 1, 1, 1, 1, 1, 1, 1, 1, 1, 1, 1, 1, 1, 1, 1, 1, 1, 1, 1, 1, 1, 1, 1, 1, 1, 1, 1, 1]
104<=B_red[0].wtL<=312
B_red[0].wtH=104, B_red[0].wtL=181


****************************************************
******** STATISTICS OVER N=10 samples ********
****************************************************
Reduced 10 matrices of size 128x256 over F7
Proper basis wtH[0]=111.9 wtL[0]=227.8
Reduced basis wtH[0]=102.8 wtL[0]=182.6
Reduced basis avg. k1=4.6
Avg.time=1.3259457111358643
Avg.Mw_codeword.calls=27.6
