RANDOM_SEED=3

Hamming profile: [58, 8, 1, 1, 1, 1, 1, 1, 1, 1, 1, 1, 1, 1, 1, 1, 1, 1, 1, 1, 1, 1, 1, 1, 1, 1, 1, 1, 1, 1, 1, 1, 1, 1, 1, 1, 1, 1, 1, 1, 1, 1, 1, 1, 1, 1, 1, 1, 1, 1, 1, 1, 1, 1, 1, 1, 1, 1, 1, 1, 1, 1, 1, 1]
Lee profile: [122, 16, 1, 1, 1, 1, 1, 1, 1, 1, 1, 1, 1, 1, 1, 1, 1, 1, 1, 1, 1, 1, 1, 1, 1, 1, 1, 1, 1, 1, 1, 1, 1, 1, 1, 1, 1, 1, 1, 1, 1, 1, 1, 1, 1, 1, 1, 1, 1, 1, 1, 1, 1, 1, 1, 1, 1, 1, 1, 1, 1, 1, 1, 1]
58<=B[0].wtL<=174
B[0].wtH=58, B[0].wtL=122

--- LeeBKZ with beta=4, bkz with minimum_lee_wt_codeword (may be non-primitive) ---
[LEEbkz:MW_Codeword_LEE:0.007225513458251953 sec.]
[LEEbkz:MW_Codeword_LEE:0.0019576549530029297 sec.]
[LEEbkz:MW_Codeword_LEE:0.0025522708892822266 sec.]
[LEEbkz:MW_Codeword_LEE:0.0017933845520019531 sec.]
[LEEbkz:MW_Codeword_LEE:0.0017113685607910156 sec.]
[LEEbkz:MW_Codeword_LEE:0.003114938735961914 sec.]
[LEEbkz:MW_Codeword_LEE:0.0019009113311767578 sec.]
[LEEbkz:MW_Codeword_LEE:0.0016322135925292969 sec.]
[LEEbkz:MW_Codeword_LEE:0.0013599395751953125 sec.]
[LEEbkz:MW_Codeword_LEE:0.0028617382049560547 sec.]
[LEEbkz:MW_Codeword_LEE:0.0021026134490966797 sec.]
[LEEbkz:MW_Codeword_LEE:0.002927064895629883 sec.]
[LEEbkz:MW_Codeword_LEE:0.0018343925476074219 sec.]
[LEEbkz:MW_Codeword_LEE:0.0017001628875732422 sec.]
[LEEbkz:MW_Codeword_LEE:0.003056049346923828 sec.]
[LEEbkz:MW_Codeword_LEE:0.0018165111541748047 sec.]
[LEEbkz:MW_Codeword_LEE:0.0015919208526611328 sec.]
[LEEbkz:MW_Codeword_LEE:0.0015075206756591797 sec.]
[LEEbkz:MW_Codeword_LEE:0.0027480125427246094 sec.]
[LEEbkz:MW_Codeword_LEE:0.0018515586853027344 sec.]
[LEEbkz:MW_Codeword_LEE:0.001573324203491211 sec.]
[LEEbkz:MW_Codeword_LEE:0.0017042160034179688 sec.]
[LEEbkz:MW_Codeword_LEE:0.0013456344604492188 sec.]
[LEEbkz:MW_Codeword_LEE:0.002033710479736328 sec.]
[LEEbkz:MW_Codeword_LEE:0.001668691635131836 sec.]
[LEEbkz:MW_Codeword_LEE:0.0015964508056640625 sec.]
[LEEbkz:MW_Codeword_LEE:0.0014641284942626953 sec.]
[LEEbkz:MW_Codeword_LEE:0.001764535903930664 sec.]
[LEEbkz:MW_Codeword_LEE:0.001596689224243164 sec.]
Hamming profile after BKZ: [50, 11, 5, 2, 1, 1, 1, 1, 1, 1, 1, 1, 1, 1, 1, 1, 1, 1, 1, 1, 1, 1, 1, 1, 1, 1, 1, 1, 1, 1, 1, 1, 1, 1, 1, 1, 1, 1, 1, 1, 1, 1, 1, 1, 1, 1, 1, 1, 1, 1, 1, 1, 1, 1, 1, 1, 1, 1, 1, 1, 1, 1, 1, 1]
Lee profile after BKZ: [87, 20, 6, 2, 1, 1, 1, 1, 1, 1, 1, 1, 1, 1, 1, 1, 1, 1, 1, 1, 1, 1, 1, 1, 1, 1, 1, 1, 1, 1, 1, 1, 1, 1, 1, 1, 1, 1, 1, 1, 1, 1, 1, 1, 1, 1, 1, 1, 1, 1, 1, 1, 1, 1, 1, 1, 1, 1, 1, 1, 1, 1, 1, 1]
50<=B_red[0].wtL<=150
B_red[0].wtH=50, B_red[0].wtL=87

Hamming profile: [53, 12, 2, 1, 1, 1, 1, 1, 1, 1, 1, 1, 1, 1, 1, 1, 1, 1, 1, 1, 1, 1, 1, 1, 1, 1, 1, 1, 1, 1, 1, 1, 1, 1, 1, 1, 1, 1, 1, 1, 1, 1, 1, 1, 1, 1, 1, 1, 1, 1, 1, 1, 1, 1, 1, 1, 1, 1, 1, 1, 1, 1, 1, 1]
Lee profile: [97, 21, 3, 1, 1, 1, 1, 1, 1, 1, 1, 1, 1, 1, 1, 1, 1, 1, 1, 1, 1, 1, 1, 1, 1, 1, 1, 1, 1, 1, 1, 1, 1, 1, 1, 1, 1, 1, 1, 1, 1, 1, 1, 1, 1, 1, 1, 1, 1, 1, 1, 1, 1, 1, 1, 1, 1, 1, 1, 1, 1, 1, 1, 1]
53<=B[0].wtL<=159
B[0].wtH=53, B[0].wtL=97

--- LeeBKZ with beta=4, bkz with minimum_lee_wt_codeword (may be non-primitive) ---
[LEEbkz:MW_Codeword_LEE:0.0027942657470703125 sec.]
[LEEbkz:MW_Codeword_LEE:0.0019345283508300781 sec.]
[LEEbkz:MW_Codeword_LEE:0.0027413368225097656 sec.]
[LEEbkz:MW_Codeword_LEE:0.0018384456634521484 sec.]
[LEEbkz:MW_Codeword_LEE:0.0016825199127197266 sec.]
[LEEbkz:MW_Codeword_LEE:0.0027701854705810547 sec.]
[LEEbkz:MW_Codeword_LEE:0.001890420913696289 sec.]
[LEEbkz:MW_Codeword_LEE:0.0016307830810546875 sec.]
[LEEbkz:MW_Codeword_LEE:0.0017402172088623047 sec.]
[LEEbkz:MW_Codeword_LEE:0.0027441978454589844 sec.]
[LEEbkz:MW_Codeword_LEE:0.0018074512481689453 sec.]
[LEEbkz:MW_Codeword_LEE:0.0017385482788085938 sec.]
[LEEbkz:MW_Codeword_LEE:0.0015103816986083984 sec.]
Hamming profile after BKZ: [49, 13, 4, 2, 1, 1, 1, 1, 1, 1, 1, 1, 1, 1, 1, 1, 1, 1, 1, 1, 1, 1, 1, 1, 1, 1, 1, 1, 1, 1, 1, 1, 1, 1, 1, 1, 1, 1, 1, 1, 1, 1, 1, 1, 1, 1, 1, 1, 1, 1, 1, 1, 1, 1, 1, 1, 1, 1, 1, 1, 1, 1, 1, 1]
Lee profile after BKZ: [85, 20, 4, 2, 1, 1, 1, 1, 1, 1, 1, 1, 1, 1, 1, 1, 1, 1, 1, 1, 1, 1, 1, 1, 1, 1, 1, 1, 1, 1, 1, 1, 1, 1, 1, 1, 1, 1, 1, 1, 1, 1, 1, 1, 1, 1, 1, 1, 1, 1, 1, 1, 1, 1, 1, 1, 1, 1, 1, 1, 1, 1, 1, 1]
49<=B_red[0].wtL<=147
B_red[0].wtH=49, B_red[0].wtL=85

Hamming profile: [60, 6, 1, 1, 1, 1, 1, 1, 1, 1, 1, 1, 1, 1, 1, 1, 1, 1, 1, 1, 1, 1, 1, 1, 1, 1, 1, 1, 1, 1, 1, 1, 1, 1, 1, 1, 1, 1, 1, 1, 1, 1, 1, 1, 1, 1, 1, 1, 1, 1, 1, 1, 1, 1, 1, 1, 1, 1, 1, 1, 1, 1, 1, 1]
Lee profile: [126, 11, 1, 1, 1, 1, 1, 1, 1, 1, 1, 1, 1, 1, 1, 1, 1, 1, 1, 1, 1, 1, 1, 1, 1, 1, 1, 1, 1, 1, 1, 1, 1, 1, 1, 1, 1, 1, 1, 1, 1, 1, 1, 1, 1, 1, 1, 1, 1, 1, 1, 1, 1, 1, 1, 1, 1, 1, 1, 1, 1, 1, 1, 1]
60<=B[0].wtL<=180
B[0].wtH=60, B[0].wtL=126

--- LeeBKZ with beta=4, bkz with minimum_lee_wt_codeword (may be non-primitive) ---
[LEEbkz:MW_Codeword_LEE:0.0027310848236083984 sec.]
[LEEbkz:MW_Codeword_LEE:0.0019097328186035156 sec.]
[LEEbkz:MW_Codeword_LEE:0.0027418136596679688 sec.]
[LEEbkz:MW_Codeword_LEE:0.0017120838165283203 sec.]
[LEEbkz:MW_Codeword_LEE:0.0015459060668945312 sec.]
[LEEbkz:MW_Codeword_LEE:0.002728700637817383 sec.]
[LEEbkz:MW_Codeword_LEE:0.0017540454864501953 sec.]
[LEEbkz:MW_Codeword_LEE:0.0015742778778076172 sec.]
[LEEbkz:MW_Codeword_LEE:0.0015175342559814453 sec.]
[LEEbkz:MW_Codeword_LEE:0.002700328826904297 sec.]
[LEEbkz:MW_Codeword_LEE:0.001825094223022461 sec.]
[LEEbkz:MW_Codeword_LEE:0.0015163421630859375 sec.]
[LEEbkz:MW_Codeword_LEE:0.0014772415161132812 sec.]
[LEEbkz:MW_Codeword_LEE:0.0012989044189453125 sec.]
[LEEbkz:MW_Codeword_LEE:0.0017552375793457031 sec.]
[LEEbkz:MW_Codeword_LEE:0.0015382766723632812 sec.]
[LEEbkz:MW_Codeword_LEE:0.0014755725860595703 sec.]
Hamming profile after BKZ: [55, 9, 2, 2, 1, 1, 1, 1, 1, 1, 1, 1, 1, 1, 1, 1, 1, 1, 1, 1, 1, 1, 1, 1, 1, 1, 1, 1, 1, 1, 1, 1, 1, 1, 1, 1, 1, 1, 1, 1, 1, 1, 1, 1, 1, 1, 1, 1, 1, 1, 1, 1, 1, 1, 1, 1, 1, 1, 1, 1, 1, 1, 1, 1]
Lee profile after BKZ: [83, 13, 3, 2, 1, 1, 1, 1, 1, 1, 1, 1, 1, 1, 1, 1, 1, 1, 1, 1, 1, 1, 1, 1, 1, 1, 1, 1, 1, 1, 1, 1, 1, 1, 1, 1, 1, 1, 1, 1, 1, 1, 1, 1, 1, 1, 1, 1, 1, 1, 1, 1, 1, 1, 1, 1, 1, 1, 1, 1, 1, 1, 1, 1]
55<=B_red[0].wtL<=165
B_red[0].wtH=55, B_red[0].wtL=83

Hamming profile: [54, 10, 3, 1, 1, 1, 1, 1, 1, 1, 1, 1, 1, 1, 1, 1, 1, 1, 1, 1, 1, 1, 1, 1, 1, 1, 1, 1, 1, 1, 1, 1, 1, 1, 1, 1, 1, 1, 1, 1, 1, 1, 1, 1, 1, 1, 1, 1, 1, 1, 1, 1, 1, 1, 1, 1, 1, 1, 1, 1, 1, 1, 1, 1]
Lee profile: [98, 18, 6, 1, 1, 1, 1, 1, 1, 1, 1, 1, 1, 1, 1, 1, 1, 1, 1, 1, 1, 1, 1, 1, 1, 1, 1, 1, 1, 1, 1, 1, 1, 1, 1, 1, 1, 1, 1, 1, 1, 1, 1, 1, 1, 1, 1, 1, 1, 1, 1, 1, 1, 1, 1, 1, 1, 1, 1, 1, 1, 1, 1, 1]
54<=B[0].wtL<=162
B[0].wtH=54, B[0].wtL=98

--- LeeBKZ with beta=4, bkz with minimum_lee_wt_codeword (may be non-primitive) ---
[LEEbkz:MW_Codeword_LEE:0.0028138160705566406 sec.]
[LEEbkz:MW_Codeword_LEE:0.0021054744720458984 sec.]
[LEEbkz:MW_Codeword_LEE:0.002910137176513672 sec.]
[LEEbkz:MW_Codeword_LEE:0.001857757568359375 sec.]
[LEEbkz:MW_Codeword_LEE:0.0016133785247802734 sec.]
[LEEbkz:MW_Codeword_LEE:0.002788066864013672 sec.]
[LEEbkz:MW_Codeword_LEE:0.0019922256469726562 sec.]
[LEEbkz:MW_Codeword_LEE:0.0016071796417236328 sec.]
[LEEbkz:MW_Codeword_LEE:0.0015921592712402344 sec.]
[LEEbkz:MW_Codeword_LEE:0.0027327537536621094 sec.]
[LEEbkz:MW_Codeword_LEE:0.0018587112426757812 sec.]
[LEEbkz:MW_Codeword_LEE:0.0015473365783691406 sec.]
[LEEbkz:MW_Codeword_LEE:0.0015110969543457031 sec.]
[LEEbkz:MW_Codeword_LEE:0.001329660415649414 sec.]
[LEEbkz:MW_Codeword_LEE:0.0019004344940185547 sec.]
[LEEbkz:MW_Codeword_LEE:0.0017850399017333984 sec.]
[LEEbkz:MW_Codeword_LEE:0.0017244815826416016 sec.]
[LEEbkz:MW_Codeword_LEE:0.0014634132385253906 sec.]
[LEEbkz:MW_Codeword_LEE:0.0016810894012451172 sec.]
[LEEbkz:MW_Codeword_LEE:0.0017659664154052734 sec.]
Hamming profile after BKZ: [49, 15, 2, 2, 1, 1, 1, 1, 1, 1, 1, 1, 1, 1, 1, 1, 1, 1, 1, 1, 1, 1, 1, 1, 1, 1, 1, 1, 1, 1, 1, 1, 1, 1, 1, 1, 1, 1, 1, 1, 1, 1, 1, 1, 1, 1, 1, 1, 1, 1, 1, 1, 1, 1, 1, 1, 1, 1, 1, 1, 1, 1, 1, 1]
Lee profile after BKZ: [88, 19, 2, 2, 1, 1, 1, 1, 1, 1, 1, 1, 1, 1, 1, 1, 1, 1, 1, 1, 1, 1, 1, 1, 1, 1, 1, 1, 1, 1, 1, 1, 1, 1, 1, 1, 1, 1, 1, 1, 1, 1, 1, 1, 1, 1, 1, 1, 1, 1, 1, 1, 1, 1, 1, 1, 1, 1, 1, 1, 1, 1, 1, 1]
49<=B_red[0].wtL<=147
B_red[0].wtH=49, B_red[0].wtL=88

Hamming profile: [46, 16, 4, 2, 1, 1, 1, 1, 1, 1, 1, 1, 1, 1, 1, 1, 1, 1, 1, 1, 1, 1, 1, 1, 1, 1, 1, 1, 1, 1, 1, 1, 1, 1, 1, 1, 1, 1, 1, 1, 1, 1, 1, 1, 1, 1, 1, 1, 1, 1, 1, 1, 1, 1, 1, 1, 1, 1, 1, 1, 1, 1, 1, 1]
Lee profile: [102, 33, 9, 2, 1, 1, 1, 1, 1, 1, 1, 1, 1, 1, 1, 1, 1, 1, 1, 1, 1, 1, 1, 1, 1, 1, 1, 1, 1, 1, 1, 1, 1, 1, 1, 1, 1, 1, 1, 1, 1, 1, 1, 1, 1, 1, 1, 1, 1, 1, 1, 1, 1, 1, 1, 1, 1, 1, 1, 1, 1, 1, 1, 1]
46<=B[0].wtL<=138
B[0].wtH=46, B[0].wtL=102

--- LeeBKZ with beta=4, bkz with minimum_lee_wt_codeword (may be non-primitive) ---
[LEEbkz:MW_Codeword_LEE:0.0048809051513671875 sec.]
[LEEbkz:MW_Codeword_LEE:0.002166748046875 sec.]
[LEEbkz:MW_Codeword_LEE:0.002706766128540039 sec.]
[LEEbkz:MW_Codeword_LEE:0.0018863677978515625 sec.]
[LEEbkz:MW_Codeword_LEE:0.0018157958984375 sec.]
[LEEbkz:MW_Codeword_LEE:0.0027697086334228516 sec.]
[LEEbkz:MW_Codeword_LEE:0.002012491226196289 sec.]
[LEEbkz:MW_Codeword_LEE:0.0016105175018310547 sec.]
[LEEbkz:MW_Codeword_LEE:0.0013265609741210938 sec.]
[LEEbkz:MW_Codeword_LEE:0.002907276153564453 sec.]
[LEEbkz:MW_Codeword_LEE:0.0018754005432128906 sec.]
[LEEbkz:MW_Codeword_LEE:0.001627206802368164 sec.]
[LEEbkz:MW_Codeword_LEE:0.0014393329620361328 sec.]
[LEEbkz:MW_Codeword_LEE:0.0020554065704345703 sec.]
[LEEbkz:MW_Codeword_LEE:0.002747774124145508 sec.]
[LEEbkz:MW_Codeword_LEE:0.0018782615661621094 sec.]
[LEEbkz:MW_Codeword_LEE:0.0015566349029541016 sec.]
[LEEbkz:MW_Codeword_LEE:0.0029397010803222656 sec.]
[LEEbkz:MW_Codeword_LEE:0.0019459724426269531 sec.]
[LEEbkz:MW_Codeword_LEE:0.0016384124755859375 sec.]
[LEEbkz:MW_Codeword_LEE:0.0015666484832763672 sec.]
[LEEbkz:MW_Codeword_LEE:0.0027649402618408203 sec.]
[LEEbkz:MW_Codeword_LEE:0.0018711090087890625 sec.]
[LEEbkz:MW_Codeword_LEE:0.001543283462524414 sec.]
[LEEbkz:MW_Codeword_LEE:0.0017230510711669922 sec.]
[LEEbkz:MW_Codeword_LEE:0.0013034343719482422 sec.]
[LEEbkz:MW_Codeword_LEE:0.0020220279693603516 sec.]
[LEEbkz:MW_Codeword_LEE:0.0018613338470458984 sec.]
[LEEbkz:MW_Codeword_LEE:0.0015943050384521484 sec.]
Hamming profile after BKZ: [46, 16, 4, 2, 1, 1, 1, 1, 1, 1, 1, 1, 1, 1, 1, 1, 1, 1, 1, 1, 1, 1, 1, 1, 1, 1, 1, 1, 1, 1, 1, 1, 1, 1, 1, 1, 1, 1, 1, 1, 1, 1, 1, 1, 1, 1, 1, 1, 1, 1, 1, 1, 1, 1, 1, 1, 1, 1, 1, 1, 1, 1, 1, 1]
Lee profile after BKZ: [82, 24, 4, 2, 1, 1, 1, 1, 1, 1, 1, 1, 1, 1, 1, 1, 1, 1, 1, 1, 1, 1, 1, 1, 1, 1, 1, 1, 1, 1, 1, 1, 1, 1, 1, 1, 1, 1, 1, 1, 1, 1, 1, 1, 1, 1, 1, 1, 1, 1, 1, 1, 1, 1, 1, 1, 1, 1, 1, 1, 1, 1, 1, 1]
46<=B_red[0].wtL<=138
B_red[0].wtH=46, B_red[0].wtL=82

Hamming profile: [58, 8, 1, 1, 1, 1, 1, 1, 1, 1, 1, 1, 1, 1, 1, 1, 1, 1, 1, 1, 1, 1, 1, 1, 1, 1, 1, 1, 1, 1, 1, 1, 1, 1, 1, 1, 1, 1, 1, 1, 1, 1, 1, 1, 1, 1, 1, 1, 1, 1, 1, 1, 1, 1, 1, 1, 1, 1, 1, 1, 1, 1, 1, 1]
Lee profile: [109, 16, 1, 1, 1, 1, 1, 1, 1, 1, 1, 1, 1, 1, 1, 1, 1, 1, 1, 1, 1, 1, 1, 1, 1, 1, 1, 1, 1, 1, 1, 1, 1, 1, 1, 1, 1, 1, 1, 1, 1, 1, 1, 1, 1, 1, 1, 1, 1, 1, 1, 1, 1, 1, 1, 1, 1, 1, 1, 1, 1, 1, 1, 1]
58<=B[0].wtL<=174
B[0].wtH=58, B[0].wtL=109

--- LeeBKZ with beta=4, bkz with minimum_lee_wt_codeword (may be non-primitive) ---
[LEEbkz:MW_Codeword_LEE:0.002843618392944336 sec.]
[LEEbkz:MW_Codeword_LEE:0.0020904541015625 sec.]
[LEEbkz:MW_Codeword_LEE:0.002764463424682617 sec.]
[LEEbkz:MW_Codeword_LEE:0.0018808841705322266 sec.]
[LEEbkz:MW_Codeword_LEE:0.001734018325805664 sec.]
[LEEbkz:MW_Codeword_LEE:0.0029642581939697266 sec.]
[LEEbkz:MW_Codeword_LEE:0.001810312271118164 sec.]
[LEEbkz:MW_Codeword_LEE:0.0015718936920166016 sec.]
[LEEbkz:MW_Codeword_LEE:0.001508474349975586 sec.]
[LEEbkz:MW_Codeword_LEE:0.002743959426879883 sec.]
[LEEbkz:MW_Codeword_LEE:0.002116680145263672 sec.]
[LEEbkz:MW_Codeword_LEE:0.002771615982055664 sec.]
[LEEbkz:MW_Codeword_LEE:0.001870870590209961 sec.]
[LEEbkz:MW_Codeword_LEE:0.001592397689819336 sec.]
[LEEbkz:MW_Codeword_LEE:0.0027971267700195312 sec.]
[LEEbkz:MW_Codeword_LEE:0.0021266937255859375 sec.]
[LEEbkz:MW_Codeword_LEE:0.0016055107116699219 sec.]
[LEEbkz:MW_Codeword_LEE:0.0013518333435058594 sec.]
[LEEbkz:MW_Codeword_LEE:0.002934694290161133 sec.]
[LEEbkz:MW_Codeword_LEE:0.0020034313201904297 sec.]
[LEEbkz:MW_Codeword_LEE:0.0027718544006347656 sec.]
[LEEbkz:MW_Codeword_LEE:0.001905679702758789 sec.]
[LEEbkz:MW_Codeword_LEE:0.0015883445739746094 sec.]
[LEEbkz:MW_Codeword_LEE:0.0028219223022460938 sec.]
[LEEbkz:MW_Codeword_LEE:0.002023935317993164 sec.]
[LEEbkz:MW_Codeword_LEE:0.002814054489135742 sec.]
[LEEbkz:MW_Codeword_LEE:0.001990795135498047 sec.]
[LEEbkz:MW_Codeword_LEE:0.001699686050415039 sec.]
[LEEbkz:MW_Codeword_LEE:0.0028204917907714844 sec.]
[LEEbkz:MW_Codeword_LEE:0.001977682113647461 sec.]
[LEEbkz:MW_Codeword_LEE:0.0016467571258544922 sec.]
[LEEbkz:MW_Codeword_LEE:0.0015919208526611328 sec.]
[LEEbkz:MW_Codeword_LEE:0.002946138381958008 sec.]
[LEEbkz:MW_Codeword_LEE:0.0018982887268066406 sec.]
[LEEbkz:MW_Codeword_LEE:0.002965211868286133 sec.]
[LEEbkz:MW_Codeword_LEE:0.001932382583618164 sec.]
[LEEbkz:MW_Codeword_LEE:0.0015909671783447266 sec.]
[LEEbkz:MW_Codeword_LEE:0.0027234554290771484 sec.]
[LEEbkz:MW_Codeword_LEE:0.0018973350524902344 sec.]
[LEEbkz:MW_Codeword_LEE:0.0016105175018310547 sec.]
[LEEbkz:MW_Codeword_LEE:0.0015101432800292969 sec.]
[LEEbkz:MW_Codeword_LEE:0.0027472972869873047 sec.]
[LEEbkz:MW_Codeword_LEE:0.0019049644470214844 sec.]
[LEEbkz:MW_Codeword_LEE:0.002745389938354492 sec.]
[LEEbkz:MW_Codeword_LEE:0.001920461654663086 sec.]
[LEEbkz:MW_Codeword_LEE:0.0015726089477539062 sec.]
[LEEbkz:MW_Codeword_LEE:0.0028100013732910156 sec.]
[LEEbkz:MW_Codeword_LEE:0.0020585060119628906 sec.]
[LEEbkz:MW_Codeword_LEE:0.0017485618591308594 sec.]
[LEEbkz:MW_Codeword_LEE:0.0016734600067138672 sec.]
[LEEbkz:MW_Codeword_LEE:0.002785205841064453 sec.]
[LEEbkz:MW_Codeword_LEE:0.0019378662109375 sec.]
[LEEbkz:MW_Codeword_LEE:0.0028929710388183594 sec.]
[LEEbkz:MW_Codeword_LEE:0.0018241405487060547 sec.]
[LEEbkz:MW_Codeword_LEE:0.0015883445739746094 sec.]
[LEEbkz:MW_Codeword_LEE:0.002696990966796875 sec.]
[LEEbkz:MW_Codeword_LEE:0.0018310546875 sec.]
[LEEbkz:MW_Codeword_LEE:0.0016040802001953125 sec.]
[LEEbkz:MW_Codeword_LEE:0.001680612564086914 sec.]
[LEEbkz:MW_Codeword_LEE:0.0020380020141601562 sec.]
[LEEbkz:MW_Codeword_LEE:0.0016379356384277344 sec.]
[LEEbkz:MW_Codeword_LEE:0.0018579959869384766 sec.]
[LEEbkz:MW_Codeword_LEE:0.0017609596252441406 sec.]
[LEEbkz:MW_Codeword_LEE:0.0028066635131835938 sec.]
[LEEbkz:MW_Codeword_LEE:0.0018322467803955078 sec.]
[LEEbkz:MW_Codeword_LEE:0.0015931129455566406 sec.]
[LEEbkz:MW_Codeword_LEE:0.0015170574188232422 sec.]
[LEEbkz:MW_Codeword_LEE:0.0028083324432373047 sec.]
[LEEbkz:MW_Codeword_LEE:0.001959562301635742 sec.]
[LEEbkz:MW_Codeword_LEE:0.0019097328186035156 sec.]
[LEEbkz:MW_Codeword_LEE:0.0016865730285644531 sec.]
[LEEbkz:MW_Codeword_LEE:0.0013585090637207031 sec.]
[LEEbkz:MW_Codeword_LEE:0.0021791458129882812 sec.]
[LEEbkz:MW_Codeword_LEE:0.0017888545989990234 sec.]
[LEEbkz:MW_Codeword_LEE:0.001667022705078125 sec.]
[LEEbkz:MW_Codeword_LEE:0.0014264583587646484 sec.]
[LEEbkz:MW_Codeword_LEE:0.0017931461334228516 sec.]
[LEEbkz:MW_Codeword_LEE:0.0016510486602783203 sec.]
[LEEbkz:MW_Codeword_LEE:0.0014383792877197266 sec.]
[LEEbkz:MW_Codeword_LEE:0.0016331672668457031 sec.]
Hamming profile after BKZ: [51, 10, 5, 2, 1, 1, 1, 1, 1, 1, 1, 1, 1, 1, 1, 1, 1, 1, 1, 1, 1, 1, 1, 1, 1, 1, 1, 1, 1, 1, 1, 1, 1, 1, 1, 1, 1, 1, 1, 1, 1, 1, 1, 1, 1, 1, 1, 1, 1, 1, 1, 1, 1, 1, 1, 1, 1, 1, 1, 1, 1, 1, 1, 1]
Lee profile after BKZ: [82, 15, 6, 2, 1, 1, 1, 1, 1, 1, 1, 1, 1, 1, 1, 1, 1, 1, 1, 1, 1, 1, 1, 1, 1, 1, 1, 1, 1, 1, 1, 1, 1, 1, 1, 1, 1, 1, 1, 1, 1, 1, 1, 1, 1, 1, 1, 1, 1, 1, 1, 1, 1, 1, 1, 1, 1, 1, 1, 1, 1, 1, 1, 1]
51<=B_red[0].wtL<=153
B_red[0].wtH=51, B_red[0].wtL=82

Hamming profile: [53, 11, 2, 2, 1, 1, 1, 1, 1, 1, 1, 1, 1, 1, 1, 1, 1, 1, 1, 1, 1, 1, 1, 1, 1, 1, 1, 1, 1, 1, 1, 1, 1, 1, 1, 1, 1, 1, 1, 1, 1, 1, 1, 1, 1, 1, 1, 1, 1, 1, 1, 1, 1, 1, 1, 1, 1, 1, 1, 1, 1, 1, 1, 1]
Lee profile: [102, 15, 2, 3, 1, 1, 1, 1, 1, 1, 1, 1, 1, 1, 1, 1, 1, 1, 1, 1, 1, 1, 1, 1, 1, 1, 1, 1, 1, 1, 1, 1, 1, 1, 1, 1, 1, 1, 1, 1, 1, 1, 1, 1, 1, 1, 1, 1, 1, 1, 1, 1, 1, 1, 1, 1, 1, 1, 1, 1, 1, 1, 1, 1]
53<=B[0].wtL<=159
B[0].wtH=53, B[0].wtL=102

--- LeeBKZ with beta=4, bkz with minimum_lee_wt_codeword (may be non-primitive) ---
[LEEbkz:MW_Codeword_LEE:0.0029451847076416016 sec.]
[LEEbkz:MW_Codeword_LEE:0.0018701553344726562 sec.]
[LEEbkz:MW_Codeword_LEE:0.0027341842651367188 sec.]
[LEEbkz:MW_Codeword_LEE:0.0018014907836914062 sec.]
[LEEbkz:MW_Codeword_LEE:0.0015735626220703125 sec.]
[LEEbkz:MW_Codeword_LEE:0.0026133060455322266 sec.]
[LEEbkz:MW_Codeword_LEE:0.0017783641815185547 sec.]
[LEEbkz:MW_Codeword_LEE:0.002715587615966797 sec.]
[LEEbkz:MW_Codeword_LEE:0.001813650131225586 sec.]
[LEEbkz:MW_Codeword_LEE:0.0015931129455566406 sec.]
[LEEbkz:MW_Codeword_LEE:0.0027573108673095703 sec.]
[LEEbkz:MW_Codeword_LEE:0.002140045166015625 sec.]
[LEEbkz:MW_Codeword_LEE:0.0026702880859375 sec.]
[LEEbkz:MW_Codeword_LEE:0.0018415451049804688 sec.]
[LEEbkz:MW_Codeword_LEE:0.0016970634460449219 sec.]
[LEEbkz:MW_Codeword_LEE:0.0026628971099853516 sec.]
[LEEbkz:MW_Codeword_LEE:0.0019567012786865234 sec.]
[LEEbkz:MW_Codeword_LEE:0.0015726089477539062 sec.]
[LEEbkz:MW_Codeword_LEE:0.001524209976196289 sec.]
[LEEbkz:MW_Codeword_LEE:0.0029268264770507812 sec.]
[LEEbkz:MW_Codeword_LEE:0.0019485950469970703 sec.]
[LEEbkz:MW_Codeword_LEE:0.0016756057739257812 sec.]
[LEEbkz:MW_Codeword_LEE:0.0016243457794189453 sec.]
[LEEbkz:MW_Codeword_LEE:0.0015261173248291016 sec.]
[LEEbkz:MW_Codeword_LEE:0.001960277557373047 sec.]
[LEEbkz:MW_Codeword_LEE:0.0016870498657226562 sec.]
[LEEbkz:MW_Codeword_LEE:0.001764059066772461 sec.]
[LEEbkz:MW_Codeword_LEE:0.0017061233520507812 sec.]
[LEEbkz:MW_Codeword_LEE:0.0017535686492919922 sec.]
[LEEbkz:MW_Codeword_LEE:0.0017895698547363281 sec.]
[LEEbkz:MW_Codeword_LEE:0.0016591548919677734 sec.]
Hamming profile after BKZ: [45, 14, 5, 3, 1, 2, 1, 1, 1, 1, 1, 1, 1, 1, 1, 1, 1, 1, 1, 1, 1, 1, 1, 1, 1, 1, 1, 1, 1, 1, 1, 1, 1, 1, 1, 1, 1, 1, 1, 1, 1, 1, 1, 1, 1, 1, 1, 1, 1, 1, 1, 1, 1, 1, 1, 1, 1, 1, 1, 1, 1, 1, 1, 1]
Lee profile after BKZ: [79, 23, 8, 4, 1, 2, 1, 1, 1, 1, 1, 1, 1, 1, 1, 1, 1, 1, 1, 1, 1, 1, 1, 1, 1, 1, 1, 1, 1, 1, 1, 1, 1, 1, 1, 1, 1, 1, 1, 1, 1, 1, 1, 1, 1, 1, 1, 1, 1, 1, 1, 1, 1, 1, 1, 1, 1, 1, 1, 1, 1, 1, 1, 1]
45<=B_red[0].wtL<=135
B_red[0].wtH=45, B_red[0].wtL=79

Hamming profile: [53, 11, 2, 2, 1, 1, 1, 1, 1, 1, 1, 1, 1, 1, 1, 1, 1, 1, 1, 1, 1, 1, 1, 1, 1, 1, 1, 1, 1, 1, 1, 1, 1, 1, 1, 1, 1, 1, 1, 1, 1, 1, 1, 1, 1, 1, 1, 1, 1, 1, 1, 1, 1, 1, 1, 1, 1, 1, 1, 1, 1, 1, 1, 1]
Lee profile: [108, 26, 4, 4, 1, 1, 1, 1, 1, 1, 1, 1, 1, 1, 1, 1, 1, 1, 1, 1, 1, 1, 1, 1, 1, 1, 1, 1, 1, 1, 1, 1, 1, 1, 1, 1, 1, 1, 1, 1, 1, 1, 1, 1, 1, 1, 1, 1, 1, 1, 1, 1, 1, 1, 1, 1, 1, 1, 1, 1, 1, 1, 1, 1]
53<=B[0].wtL<=159
B[0].wtH=53, B[0].wtL=108

--- LeeBKZ with beta=4, bkz with minimum_lee_wt_codeword (may be non-primitive) ---
[LEEbkz:MW_Codeword_LEE:0.002885103225708008 sec.]
[LEEbkz:MW_Codeword_LEE:0.002012491226196289 sec.]
[LEEbkz:MW_Codeword_LEE:0.00274658203125 sec.]
[LEEbkz:MW_Codeword_LEE:0.0019240379333496094 sec.]
[LEEbkz:MW_Codeword_LEE:0.0016434192657470703 sec.]
[LEEbkz:MW_Codeword_LEE:0.0030422210693359375 sec.]
[LEEbkz:MW_Codeword_LEE:0.0019807815551757812 sec.]
[LEEbkz:MW_Codeword_LEE:0.0017299652099609375 sec.]
[LEEbkz:MW_Codeword_LEE:0.0016131401062011719 sec.]
[LEEbkz:MW_Codeword_LEE:0.002754688262939453 sec.]
[LEEbkz:MW_Codeword_LEE:0.0018687248229980469 sec.]
[LEEbkz:MW_Codeword_LEE:0.0015850067138671875 sec.]
[LEEbkz:MW_Codeword_LEE:0.001651763916015625 sec.]
[LEEbkz:MW_Codeword_LEE:0.0013878345489501953 sec.]
[LEEbkz:MW_Codeword_LEE:0.0017294883728027344 sec.]
[LEEbkz:MW_Codeword_LEE:0.001703500747680664 sec.]
Hamming profile after BKZ: [48, 12, 6, 2, 1, 1, 1, 1, 1, 1, 1, 1, 1, 1, 1, 1, 1, 1, 1, 1, 1, 1, 1, 1, 1, 1, 1, 1, 1, 1, 1, 1, 1, 1, 1, 1, 1, 1, 1, 1, 1, 1, 1, 1, 1, 1, 1, 1, 1, 1, 1, 1, 1, 1, 1, 1, 1, 1, 1, 1, 1, 1, 1, 1]
Lee profile after BKZ: [89, 20, 8, 2, 1, 1, 1, 1, 1, 1, 1, 1, 1, 1, 1, 1, 1, 1, 1, 1, 1, 1, 1, 1, 1, 1, 1, 1, 1, 1, 1, 1, 1, 1, 1, 1, 1, 1, 1, 1, 1, 1, 1, 1, 1, 1, 1, 1, 1, 1, 1, 1, 1, 1, 1, 1, 1, 1, 1, 1, 1, 1, 1, 1]
48<=B_red[0].wtL<=144
B_red[0].wtH=48, B_red[0].wtL=89

Hamming profile: [59, 7, 1, 1, 1, 1, 1, 1, 1, 1, 1, 1, 1, 1, 1, 1, 1, 1, 1, 1, 1, 1, 1, 1, 1, 1, 1, 1, 1, 1, 1, 1, 1, 1, 1, 1, 1, 1, 1, 1, 1, 1, 1, 1, 1, 1, 1, 1, 1, 1, 1, 1, 1, 1, 1, 1, 1, 1, 1, 1, 1, 1, 1, 1]
Lee profile: [122, 12, 1, 1, 1, 1, 1, 1, 1, 1, 1, 1, 1, 1, 1, 1, 1, 1, 1, 1, 1, 1, 1, 1, 1, 1, 1, 1, 1, 1, 1, 1, 1, 1, 1, 1, 1, 1, 1, 1, 1, 1, 1, 1, 1, 1, 1, 1, 1, 1, 1, 1, 1, 1, 1, 1, 1, 1, 1, 1, 1, 1, 1, 1]
59<=B[0].wtL<=177
B[0].wtH=59, B[0].wtL=122

--- LeeBKZ with beta=4, bkz with minimum_lee_wt_codeword (may be non-primitive) ---
[LEEbkz:MW_Codeword_LEE:0.002782583236694336 sec.]
[LEEbkz:MW_Codeword_LEE:0.0018923282623291016 sec.]
[LEEbkz:MW_Codeword_LEE:0.0038454532623291016 sec.]
[LEEbkz:MW_Codeword_LEE:0.0019795894622802734 sec.]
[LEEbkz:MW_Codeword_LEE:0.001567840576171875 sec.]
[LEEbkz:MW_Codeword_LEE:0.002689838409423828 sec.]
[LEEbkz:MW_Codeword_LEE:0.001836538314819336 sec.]
[LEEbkz:MW_Codeword_LEE:0.002719402313232422 sec.]
[LEEbkz:MW_Codeword_LEE:0.0017175674438476562 sec.]
[LEEbkz:MW_Codeword_LEE:0.0014863014221191406 sec.]
[LEEbkz:MW_Codeword_LEE:0.0028336048126220703 sec.]
[LEEbkz:MW_Codeword_LEE:0.001726388931274414 sec.]
[LEEbkz:MW_Codeword_LEE:0.0029196739196777344 sec.]
[LEEbkz:MW_Codeword_LEE:0.0017528533935546875 sec.]
[LEEbkz:MW_Codeword_LEE:0.0015215873718261719 sec.]
[LEEbkz:MW_Codeword_LEE:0.0029485225677490234 sec.]
[LEEbkz:MW_Codeword_LEE:0.0018317699432373047 sec.]
[LEEbkz:MW_Codeword_LEE:0.0016674995422363281 sec.]
[LEEbkz:MW_Codeword_LEE:0.001596212387084961 sec.]
[LEEbkz:MW_Codeword_LEE:0.0027413368225097656 sec.]
[LEEbkz:MW_Codeword_LEE:0.0018322467803955078 sec.]
[LEEbkz:MW_Codeword_LEE:0.002844572067260742 sec.]
[LEEbkz:MW_Codeword_LEE:0.0021545886993408203 sec.]
[LEEbkz:MW_Codeword_LEE:0.002825021743774414 sec.]
[LEEbkz:MW_Codeword_LEE:0.0019311904907226562 sec.]
[LEEbkz:MW_Codeword_LEE:0.0017271041870117188 sec.]
[LEEbkz:MW_Codeword_LEE:0.002807140350341797 sec.]
[LEEbkz:MW_Codeword_LEE:0.0018875598907470703 sec.]
[LEEbkz:MW_Codeword_LEE:0.0016789436340332031 sec.]
[LEEbkz:MW_Codeword_LEE:0.0016314983367919922 sec.]
[LEEbkz:MW_Codeword_LEE:0.003075838088989258 sec.]
[LEEbkz:MW_Codeword_LEE:0.0018954277038574219 sec.]
[LEEbkz:MW_Codeword_LEE:0.0016796588897705078 sec.]
[LEEbkz:MW_Codeword_LEE:0.001577615737915039 sec.]
[LEEbkz:MW_Codeword_LEE:0.001775503158569336 sec.]
[LEEbkz:MW_Codeword_LEE:0.0020160675048828125 sec.]
[LEEbkz:MW_Codeword_LEE:0.001733541488647461 sec.]
[LEEbkz:MW_Codeword_LEE:0.0017650127410888672 sec.]
[LEEbkz:MW_Codeword_LEE:0.0015735626220703125 sec.]
[LEEbkz:MW_Codeword_LEE:0.0013306140899658203 sec.]
[LEEbkz:MW_Codeword_LEE:0.002022981643676758 sec.]
[LEEbkz:MW_Codeword_LEE:0.0016973018646240234 sec.]
[LEEbkz:MW_Codeword_LEE:0.0015528202056884766 sec.]
Hamming profile after BKZ: [49, 10, 5, 2, 3, 1, 1, 1, 1, 1, 1, 1, 1, 1, 1, 1, 1, 1, 1, 1, 1, 1, 1, 1, 1, 1, 1, 1, 1, 1, 1, 1, 1, 1, 1, 1, 1, 1, 1, 1, 1, 1, 1, 1, 1, 1, 1, 1, 1, 1, 1, 1, 1, 1, 1, 1, 1, 1, 1, 1, 1, 1, 1, 1]
Lee profile after BKZ: [86, 17, 8, 2, 3, 1, 1, 1, 1, 1, 1, 1, 1, 1, 1, 1, 1, 1, 1, 1, 1, 1, 1, 1, 1, 1, 1, 1, 1, 1, 1, 1, 1, 1, 1, 1, 1, 1, 1, 1, 1, 1, 1, 1, 1, 1, 1, 1, 1, 1, 1, 1, 1, 1, 1, 1, 1, 1, 1, 1, 1, 1, 1, 1]
49<=B_red[0].wtL<=147
B_red[0].wtH=49, B_red[0].wtL=86

Hamming profile: [54, 10, 3, 1, 1, 1, 1, 1, 1, 1, 1, 1, 1, 1, 1, 1, 1, 1, 1, 1, 1, 1, 1, 1, 1, 1, 1, 1, 1, 1, 1, 1, 1, 1, 1, 1, 1, 1, 1, 1, 1, 1, 1, 1, 1, 1, 1, 1, 1, 1, 1, 1, 1, 1, 1, 1, 1, 1, 1, 1, 1, 1, 1, 1]
Lee profile: [98, 16, 7, 1, 1, 1, 1, 1, 1, 1, 1, 1, 1, 1, 1, 1, 1, 1, 1, 1, 1, 1, 1, 1, 1, 1, 1, 1, 1, 1, 1, 1, 1, 1, 1, 1, 1, 1, 1, 1, 1, 1, 1, 1, 1, 1, 1, 1, 1, 1, 1, 1, 1, 1, 1, 1, 1, 1, 1, 1, 1, 1, 1, 1]
54<=B[0].wtL<=162
B[0].wtH=54, B[0].wtL=98

--- LeeBKZ with beta=4, bkz with minimum_lee_wt_codeword (may be non-primitive) ---
[LEEbkz:MW_Codeword_LEE:0.005038738250732422 sec.]
[LEEbkz:MW_Codeword_LEE:0.0021240711212158203 sec.]
[LEEbkz:MW_Codeword_LEE:0.0027332305908203125 sec.]
[LEEbkz:MW_Codeword_LEE:0.0018467903137207031 sec.]
[LEEbkz:MW_Codeword_LEE:0.0016069412231445312 sec.]
[LEEbkz:MW_Codeword_LEE:0.0026187896728515625 sec.]
[LEEbkz:MW_Codeword_LEE:0.002069234848022461 sec.]
[LEEbkz:MW_Codeword_LEE:0.002653837203979492 sec.]
[LEEbkz:MW_Codeword_LEE:0.0018055438995361328 sec.]
[LEEbkz:MW_Codeword_LEE:0.0015149116516113281 sec.]
[LEEbkz:MW_Codeword_LEE:0.0026009082794189453 sec.]
[LEEbkz:MW_Codeword_LEE:0.0018014907836914062 sec.]
[LEEbkz:MW_Codeword_LEE:0.0015101432800292969 sec.]
[LEEbkz:MW_Codeword_LEE:0.0014867782592773438 sec.]
[LEEbkz:MW_Codeword_LEE:0.0027158260345458984 sec.]
[LEEbkz:MW_Codeword_LEE:0.0018987655639648438 sec.]
[LEEbkz:MW_Codeword_LEE:0.0015726089477539062 sec.]
[LEEbkz:MW_Codeword_LEE:0.0027441978454589844 sec.]
[LEEbkz:MW_Codeword_LEE:0.0018358230590820312 sec.]
[LEEbkz:MW_Codeword_LEE:0.0015721321105957031 sec.]
[LEEbkz:MW_Codeword_LEE:0.0015451908111572266 sec.]
[LEEbkz:MW_Codeword_LEE:0.003014802932739258 sec.]
[LEEbkz:MW_Codeword_LEE:0.0019295215606689453 sec.]
[LEEbkz:MW_Codeword_LEE:0.0015110969543457031 sec.]
[LEEbkz:MW_Codeword_LEE:0.0014865398406982422 sec.]
[LEEbkz:MW_Codeword_LEE:0.0013821125030517578 sec.]
[LEEbkz:MW_Codeword_LEE:0.0016579627990722656 sec.]
Hamming profile after BKZ: [50, 12, 3, 3, 1, 1, 1, 1, 1, 1, 1, 1, 1, 1, 1, 1, 1, 1, 1, 1, 1, 1, 1, 1, 1, 1, 1, 1, 1, 1, 1, 1, 1, 1, 1, 1, 1, 1, 1, 1, 1, 1, 1, 1, 1, 1, 1, 1, 1, 1, 1, 1, 1, 1, 1, 1, 1, 1, 1, 1, 1, 1, 1, 1]
Lee profile after BKZ: [86, 17, 4, 3, 1, 1, 1, 1, 1, 1, 1, 1, 1, 1, 1, 1, 1, 1, 1, 1, 1, 1, 1, 1, 1, 1, 1, 1, 1, 1, 1, 1, 1, 1, 1, 1, 1, 1, 1, 1, 1, 1, 1, 1, 1, 1, 1, 1, 1, 1, 1, 1, 1, 1, 1, 1, 1, 1, 1, 1, 1, 1, 1, 1]
50<=B_red[0].wtL<=150
B_red[0].wtH=50, B_red[0].wtL=86


****************************************************
******** STATISTICS OVER N=10 samples ********
****************************************************
Reduced 10 matrices of size 64x128 over F7
Proper basis wtH[0]=54.8 wtL[0]=108.4
Reduced basis wtH[0]=49.2 wtL[0]=84.7
Reduced basis avg. k1=4.2
Avg.time=0.45880813598632814
Avg.Mw_codeword.calls=30.5
