RANDOM_SEED=1

Hamming profile: [15, 3, 1, 1, 1, 1, 1, 1, 1, 1, 1, 1, 1, 1, 1, 1]
Lee profile: [30, 6, 1, 1, 1, 1, 1, 1, 1, 1, 1, 1, 1, 1, 1, 1]
15<=B[0].wtL<=45
B[0].wtH=15, B[0].wtL=30

--- LeeBKZ with beta=3, bkz with minimum_lee_wt_codeword (may be non-primitive) ---
[LEEbkz:MW_Codeword_LEE:0.005488157272338867 sec.]
[LEEbkz:MW_Codeword_LEE:0.0010254383087158203 sec.]
[LEEbkz:MW_Codeword_LEE:0.0008823871612548828 sec.]
[LEEbkz:MW_Codeword_LEE:0.0008487701416015625 sec.]
[LEEbkz:MW_Codeword_LEE:0.0009005069732666016 sec.]
[LEEbkz:MW_Codeword_LEE:0.0008676052093505859 sec.]
[LEEbkz:MW_Codeword_LEE:0.0008478164672851562 sec.]
[LEEbkz:MW_Codeword_LEE:0.0007741451263427734 sec.]
[LEEbkz:MW_Codeword_LEE:0.0005667209625244141 sec.]
[LEEbkz:MW_Codeword_LEE:0.0008101463317871094 sec.]
[LEEbkz:MW_Codeword_LEE:0.0007498264312744141 sec.]
Hamming profile after BKZ: [13, 3, 3, 1, 1, 1, 1, 1, 1, 1, 1, 1, 1, 1, 1, 1]
Lee profile after BKZ: [22, 4, 3, 1, 1, 1, 1, 1, 1, 1, 1, 1, 1, 1, 1, 1]
13<=B_red[0].wtL<=39
B_red[0].wtH=13, B_red[0].wtL=22

Hamming profile: [16, 2, 1, 1, 1, 1, 1, 1, 1, 1, 1, 1, 1, 1, 1, 1]
Lee profile: [30, 2, 1, 1, 1, 1, 1, 1, 1, 1, 1, 1, 1, 1, 1, 1]
16<=B[0].wtL<=48
B[0].wtH=16, B[0].wtL=30

--- LeeBKZ with beta=3, bkz with minimum_lee_wt_codeword (may be non-primitive) ---
[LEEbkz:MW_Codeword_LEE:0.0010426044464111328 sec.]
[LEEbkz:MW_Codeword_LEE:0.0007879734039306641 sec.]
[LEEbkz:MW_Codeword_LEE:0.0011153221130371094 sec.]
[LEEbkz:MW_Codeword_LEE:0.0006158351898193359 sec.]
[LEEbkz:MW_Codeword_LEE:0.014106273651123047 sec.]
[LEEbkz:MW_Codeword_LEE:0.0010488033294677734 sec.]
[LEEbkz:MW_Codeword_LEE:0.0008308887481689453 sec.]
[LEEbkz:MW_Codeword_LEE:0.0009968280792236328 sec.]
[LEEbkz:MW_Codeword_LEE:0.0007989406585693359 sec.]
[LEEbkz:MW_Codeword_LEE:0.0011632442474365234 sec.]
[LEEbkz:MW_Codeword_LEE:0.001009225845336914 sec.]
[LEEbkz:MW_Codeword_LEE:0.0010194778442382812 sec.]
[LEEbkz:MW_Codeword_LEE:0.0010704994201660156 sec.]
[LEEbkz:MW_Codeword_LEE:0.0011610984802246094 sec.]
[LEEbkz:MW_Codeword_LEE:0.0011396408081054688 sec.]
Hamming profile after BKZ: [14, 5, 1, 1, 1, 1, 1, 1, 1, 1, 1, 0, 1, 1, 1, 1]
Lee profile after BKZ: [19, 5, 1, 1, 1, 1, 1, 1, 1, 1, 1, 0, 1, 1, 1, 1]
14<=B_red[0].wtL<=42
B_red[0].wtH=14, B_red[0].wtL=19

Hamming profile: [14, 4, 1, 1, 1, 1, 1, 1, 1, 1, 1, 1, 1, 1, 1, 1]
Lee profile: [32, 6, 1, 1, 1, 1, 1, 1, 1, 1, 1, 1, 1, 1, 1, 1]
14<=B[0].wtL<=42
B[0].wtH=14, B[0].wtL=32

--- LeeBKZ with beta=3, bkz with minimum_lee_wt_codeword (may be non-primitive) ---
[LEEbkz:MW_Codeword_LEE:0.0010514259338378906 sec.]
[LEEbkz:MW_Codeword_LEE:0.0008616447448730469 sec.]
[LEEbkz:MW_Codeword_LEE:0.0011706352233886719 sec.]
[LEEbkz:MW_Codeword_LEE:0.0006444454193115234 sec.]
[LEEbkz:MW_Codeword_LEE:0.0007462501525878906 sec.]
[LEEbkz:MW_Codeword_LEE:0.001092672348022461 sec.]
[LEEbkz:MW_Codeword_LEE:0.0007848739624023438 sec.]
[LEEbkz:MW_Codeword_LEE:0.0010089874267578125 sec.]
[LEEbkz:MW_Codeword_LEE:0.0006253719329833984 sec.]
[LEEbkz:MW_Codeword_LEE:0.0007565021514892578 sec.]
[LEEbkz:MW_Codeword_LEE:0.0007576942443847656 sec.]
[LEEbkz:MW_Codeword_LEE:0.0008063316345214844 sec.]
[LEEbkz:MW_Codeword_LEE:0.0007636547088623047 sec.]
[LEEbkz:MW_Codeword_LEE:0.0007390975952148438 sec.]
[LEEbkz:MW_Codeword_LEE:0.0005667209625244141 sec.]
[LEEbkz:MW_Codeword_LEE:0.0005950927734375 sec.]
[LEEbkz:MW_Codeword_LEE:0.0005693435668945312 sec.]
Hamming profile after BKZ: [13, 3, 2, 2, 1, 1, 1, 1, 1, 1, 1, 1, 1, 1, 1, 1]
Lee profile after BKZ: [20, 4, 3, 2, 1, 1, 1, 1, 1, 1, 1, 1, 1, 1, 1, 1]
13<=B_red[0].wtL<=39
B_red[0].wtH=13, B_red[0].wtL=20

Hamming profile: [16, 2, 1, 1, 1, 1, 1, 1, 1, 1, 1, 1, 1, 1, 1, 1]
Lee profile: [29, 3, 1, 1, 1, 1, 1, 1, 1, 1, 1, 1, 1, 1, 1, 1]
16<=B[0].wtL<=48
B[0].wtH=16, B[0].wtL=29

--- LeeBKZ with beta=3, bkz with minimum_lee_wt_codeword (may be non-primitive) ---
[LEEbkz:MW_Codeword_LEE:0.0010986328125 sec.]
[LEEbkz:MW_Codeword_LEE:0.000885009765625 sec.]
[LEEbkz:MW_Codeword_LEE:0.0008449554443359375 sec.]
[LEEbkz:MW_Codeword_LEE:0.0006339550018310547 sec.]
[LEEbkz:MW_Codeword_LEE:0.0007779598236083984 sec.]
Hamming profile after BKZ: [13, 4, 2, 1, 1, 1, 1, 1, 1, 1, 1, 1, 1, 1, 1, 1]
Lee profile after BKZ: [22, 6, 2, 1, 1, 1, 1, 1, 1, 1, 1, 1, 1, 1, 1, 1]
13<=B_red[0].wtL<=39
B_red[0].wtH=13, B_red[0].wtL=22

Hamming profile: [13, 4, 2, 1, 1, 1, 1, 1, 1, 1, 1, 1, 1, 1, 1, 1]
Lee profile: [29, 7, 3, 1, 1, 1, 1, 1, 1, 1, 1, 1, 1, 1, 1, 1]
13<=B[0].wtL<=39
B[0].wtH=13, B[0].wtL=29

--- LeeBKZ with beta=3, bkz with minimum_lee_wt_codeword (may be non-primitive) ---
[LEEbkz:MW_Codeword_LEE:0.0010488033294677734 sec.]
[LEEbkz:MW_Codeword_LEE:0.000850677490234375 sec.]
[LEEbkz:MW_Codeword_LEE:0.0010139942169189453 sec.]
[LEEbkz:MW_Codeword_LEE:0.0008654594421386719 sec.]
[LEEbkz:MW_Codeword_LEE:0.0010161399841308594 sec.]
[LEEbkz:MW_Codeword_LEE:0.0006368160247802734 sec.]
[LEEbkz:MW_Codeword_LEE:0.0007648468017578125 sec.]
[LEEbkz:MW_Codeword_LEE:0.000978708267211914 sec.]
[LEEbkz:MW_Codeword_LEE:0.0008561611175537109 sec.]
[LEEbkz:MW_Codeword_LEE:0.0009930133819580078 sec.]
[LEEbkz:MW_Codeword_LEE:0.0006468296051025391 sec.]
[LEEbkz:MW_Codeword_LEE:0.0007793903350830078 sec.]
[LEEbkz:MW_Codeword_LEE:0.0007390975952148438 sec.]
[LEEbkz:MW_Codeword_LEE:0.0008101463317871094 sec.]
[LEEbkz:MW_Codeword_LEE:0.0010058879852294922 sec.]
[LEEbkz:MW_Codeword_LEE:0.0006322860717773438 sec.]
[LEEbkz:MW_Codeword_LEE:0.0007565021514892578 sec.]
[LEEbkz:MW_Codeword_LEE:0.0010683536529541016 sec.]
[LEEbkz:MW_Codeword_LEE:0.0008065700531005859 sec.]
[LEEbkz:MW_Codeword_LEE:0.0009670257568359375 sec.]
[LEEbkz:MW_Codeword_LEE:0.000606536865234375 sec.]
[LEEbkz:MW_Codeword_LEE:0.0006113052368164062 sec.]
[LEEbkz:MW_Codeword_LEE:0.0007789134979248047 sec.]
[LEEbkz:MW_Codeword_LEE:0.0006098747253417969 sec.]
[LEEbkz:MW_Codeword_LEE:0.0006041526794433594 sec.]
[LEEbkz:MW_Codeword_LEE:0.000978708267211914 sec.]
[LEEbkz:MW_Codeword_LEE:0.0008563995361328125 sec.]
[LEEbkz:MW_Codeword_LEE:0.0006117820739746094 sec.]
[LEEbkz:MW_Codeword_LEE:0.0007803440093994141 sec.]
[LEEbkz:MW_Codeword_LEE:0.0007534027099609375 sec.]
[LEEbkz:MW_Codeword_LEE:0.0006170272827148438 sec.]
[LEEbkz:MW_Codeword_LEE:0.0006222724914550781 sec.]
[LEEbkz:MW_Codeword_LEE:0.0005793571472167969 sec.]
[LEEbkz:MW_Codeword_LEE:0.0005748271942138672 sec.]
[LEEbkz:MW_Codeword_LEE:0.0005955696105957031 sec.]
[LEEbkz:MW_Codeword_LEE:0.0005862712860107422 sec.]
[LEEbkz:MW_Codeword_LEE:0.0005979537963867188 sec.]
[LEEbkz:MW_Codeword_LEE:0.0008440017700195312 sec.]
Hamming profile after BKZ: [13, 2, 2, 2, 2, 1, 1, 1, 1, 1, 1, 1, 1, 1, 1, 1]
Lee profile after BKZ: [17, 3, 2, 3, 2, 1, 1, 1, 1, 1, 1, 1, 1, 1, 1, 1]
13<=B_red[0].wtL<=39
B_red[0].wtH=13, B_red[0].wtL=17

Hamming profile: [14, 3, 2, 1, 1, 1, 1, 1, 1, 1, 1, 1, 1, 1, 1, 1]
Lee profile: [21, 5, 3, 1, 1, 1, 1, 1, 1, 1, 1, 1, 1, 1, 1, 1]
14<=B[0].wtL<=42
B[0].wtH=14, B[0].wtL=21

--- LeeBKZ with beta=3, bkz with minimum_lee_wt_codeword (may be non-primitive) ---
[LEEbkz:MW_Codeword_LEE:0.0011868476867675781 sec.]
[LEEbkz:MW_Codeword_LEE:0.0009071826934814453 sec.]
[LEEbkz:MW_Codeword_LEE:0.0010716915130615234 sec.]
[LEEbkz:MW_Codeword_LEE:0.0008580684661865234 sec.]
[LEEbkz:MW_Codeword_LEE:0.0007970333099365234 sec.]
[LEEbkz:MW_Codeword_LEE:0.0013048648834228516 sec.]
[LEEbkz:MW_Codeword_LEE:0.0008962154388427734 sec.]
[LEEbkz:MW_Codeword_LEE:0.0006117820739746094 sec.]
[LEEbkz:MW_Codeword_LEE:0.0005831718444824219 sec.]
[LEEbkz:MW_Codeword_LEE:0.0008683204650878906 sec.]
[LEEbkz:MW_Codeword_LEE:0.0007617473602294922 sec.]
Hamming profile after BKZ: [14, 3, 2, 1, 1, 1, 1, 1, 1, 1, 1, 1, 1, 1, 1, 1]
Lee profile after BKZ: [21, 4, 2, 1, 1, 1, 1, 1, 1, 1, 1, 1, 1, 1, 1, 1]
14<=B_red[0].wtL<=42
B_red[0].wtH=14, B_red[0].wtL=21

Hamming profile: [15, 3, 1, 1, 1, 1, 1, 1, 1, 1, 1, 1, 1, 1, 1, 1]
Lee profile: [29, 5, 1, 1, 1, 1, 1, 1, 1, 1, 1, 1, 1, 1, 1, 1]
15<=B[0].wtL<=45
B[0].wtH=15, B[0].wtL=29

--- LeeBKZ with beta=3, bkz with minimum_lee_wt_codeword (may be non-primitive) ---
[LEEbkz:MW_Codeword_LEE:0.0012426376342773438 sec.]
[LEEbkz:MW_Codeword_LEE:0.0009720325469970703 sec.]
[LEEbkz:MW_Codeword_LEE:0.0008366107940673828 sec.]
[LEEbkz:MW_Codeword_LEE:0.0010645389556884766 sec.]
[LEEbkz:MW_Codeword_LEE:0.0008525848388671875 sec.]
[LEEbkz:MW_Codeword_LEE:0.000774383544921875 sec.]
Hamming profile after BKZ: [14, 3, 2, 1, 1, 1, 1, 1, 1, 1, 1, 1, 1, 1, 1, 1]
Lee profile after BKZ: [21, 4, 2, 1, 1, 1, 1, 1, 1, 1, 1, 1, 1, 1, 1, 1]
14<=B_red[0].wtL<=42
B_red[0].wtH=14, B_red[0].wtL=21

Hamming profile: [15, 3, 1, 1, 1, 1, 1, 1, 1, 1, 1, 1, 1, 1, 1, 1]
Lee profile: [25, 7, 1, 1, 1, 1, 1, 1, 1, 1, 1, 1, 1, 1, 1, 1]
15<=B[0].wtL<=45
B[0].wtH=15, B[0].wtL=25

--- LeeBKZ with beta=3, bkz with minimum_lee_wt_codeword (may be non-primitive) ---
[LEEbkz:MW_Codeword_LEE:0.0012183189392089844 sec.]
[LEEbkz:MW_Codeword_LEE:0.0009436607360839844 sec.]
[LEEbkz:MW_Codeword_LEE:0.0011255741119384766 sec.]
[LEEbkz:MW_Codeword_LEE:0.0006730556488037109 sec.]
[LEEbkz:MW_Codeword_LEE:0.0012402534484863281 sec.]
[LEEbkz:MW_Codeword_LEE:0.00113677978515625 sec.]
[LEEbkz:MW_Codeword_LEE:0.0008985996246337891 sec.]
[LEEbkz:MW_Codeword_LEE:0.001245260238647461 sec.]
[LEEbkz:MW_Codeword_LEE:0.0008790493011474609 sec.]
[LEEbkz:MW_Codeword_LEE:0.0013735294342041016 sec.]
Hamming profile after BKZ: [14, 5, 1, 1, 1, 1, 0, 1, 1, 1, 1, 1, 1, 1, 1, 1]
Lee profile after BKZ: [18, 5, 1, 1, 1, 1, 0, 1, 1, 1, 1, 1, 1, 1, 1, 1]
14<=B_red[0].wtL<=42
B_red[0].wtH=14, B_red[0].wtL=18

Hamming profile: [15, 3, 1, 1, 1, 1, 1, 1, 1, 1, 1, 1, 1, 1, 1, 1]
Lee profile: [28, 5, 1, 1, 1, 1, 1, 1, 1, 1, 1, 1, 1, 1, 1, 1]
15<=B[0].wtL<=45
B[0].wtH=15, B[0].wtL=28

--- LeeBKZ with beta=3, bkz with minimum_lee_wt_codeword (may be non-primitive) ---
[LEEbkz:MW_Codeword_LEE:0.0018486976623535156 sec.]
[LEEbkz:MW_Codeword_LEE:0.0009286403656005859 sec.]
[LEEbkz:MW_Codeword_LEE:0.0010898113250732422 sec.]
[LEEbkz:MW_Codeword_LEE:0.0006208419799804688 sec.]
[LEEbkz:MW_Codeword_LEE:0.0005741119384765625 sec.]
[LEEbkz:MW_Codeword_LEE:0.001047372817993164 sec.]
[LEEbkz:MW_Codeword_LEE:0.0008018016815185547 sec.]
Hamming profile after BKZ: [15, 3, 1, 1, 1, 1, 1, 1, 1, 1, 1, 1, 1, 1, 1, 1]
Lee profile after BKZ: [20, 3, 1, 1, 1, 1, 1, 1, 1, 1, 1, 1, 1, 1, 1, 1]
15<=B_red[0].wtL<=45
B_red[0].wtH=15, B_red[0].wtL=20

Hamming profile: [15, 3, 1, 1, 1, 1, 1, 1, 1, 1, 1, 1, 1, 1, 1, 1]
Lee profile: [29, 4, 1, 1, 1, 1, 1, 1, 1, 1, 1, 1, 1, 1, 1, 1]
15<=B[0].wtL<=45
B[0].wtH=15, B[0].wtL=29

--- LeeBKZ with beta=3, bkz with minimum_lee_wt_codeword (may be non-primitive) ---
[LEEbkz:MW_Codeword_LEE:0.0012378692626953125 sec.]
[LEEbkz:MW_Codeword_LEE:0.0010058879852294922 sec.]
[LEEbkz:MW_Codeword_LEE:0.001073598861694336 sec.]
[LEEbkz:MW_Codeword_LEE:0.0006649494171142578 sec.]
[LEEbkz:MW_Codeword_LEE:0.0005700588226318359 sec.]
[LEEbkz:MW_Codeword_LEE:0.001043558120727539 sec.]
[LEEbkz:MW_Codeword_LEE:0.0008614063262939453 sec.]
Hamming profile after BKZ: [12, 6, 1, 1, 1, 1, 1, 1, 1, 1, 1, 1, 1, 1, 1, 1]
Lee profile after BKZ: [21, 8, 1, 1, 1, 1, 1, 1, 1, 1, 1, 1, 1, 1, 1, 1]
12<=B_red[0].wtL<=36
B_red[0].wtH=12, B_red[0].wtL=21


****************************************************
******** STATISTICS OVER N=10 samples ********
****************************************************
Reduced 10 matrices of size 16x32 over F7
Proper basis wtH[0]=14.8 wtL[0]=28.2
Reduced basis wtH[0]=13.5 wtL[0]=20.1
Reduced basis avg. k1=3.1
Avg.time=0.04967606067657471
Avg.Mw_codeword.calls=12.7
