RANDOM_SEED=1

profile: [15, 3, 1, 1, 1, 1, 1, 1, 1, 1, 1, 1, 1, 1, 1, 1]
15<=B[0].wtL<=45
B[0].wtH=15, B[0].wtL=30

--- LeeBKZ with beta=2, bkz with minimum_lee_wt_codeword (may be non-primitive) ---
profile after BKZ: [16, 2, 1, 1, 1, 1, 1, 1, 1, 1, 1, 1, 1, 1, 1, 1]
16<=B_red[0].wtL<=48
B_red[0].wtH=16, B_red[0].wtL=27

profile: [16, 2, 1, 1, 1, 1, 1, 1, 1, 1, 1, 1, 1, 1, 1, 1]
16<=B[0].wtL<=48
B[0].wtH=16, B[0].wtL=30

--- LeeBKZ with beta=2, bkz with minimum_lee_wt_codeword (may be non-primitive) ---
profile after BKZ: [14, 4, 1, 1, 1, 1, 1, 1, 1, 1, 1, 1, 1, 1, 1, 1]
14<=B_red[0].wtL<=42
B_red[0].wtH=14, B_red[0].wtL=19

profile: [14, 4, 1, 1, 1, 1, 1, 1, 1, 1, 1, 1, 1, 1, 1, 1]
14<=B[0].wtL<=42
B[0].wtH=14, B[0].wtL=32

--- LeeBKZ with beta=2, bkz with minimum_lee_wt_codeword (may be non-primitive) ---
profile after BKZ: [15, 2, 2, 1, 1, 1, 1, 1, 1, 1, 1, 1, 1, 1, 1, 1]
15<=B_red[0].wtL<=45
B_red[0].wtH=15, B_red[0].wtL=24

profile: [16, 2, 1, 1, 1, 1, 1, 1, 1, 1, 1, 1, 1, 1, 1, 1]
16<=B[0].wtL<=48
B[0].wtH=16, B[0].wtL=29

--- LeeBKZ with beta=2, bkz with minimum_lee_wt_codeword (may be non-primitive) ---
profile after BKZ: [13, 4, 2, 1, 1, 1, 1, 1, 1, 1, 1, 1, 1, 1, 1, 1]
13<=B_red[0].wtL<=39
B_red[0].wtH=13, B_red[0].wtL=22

profile: [13, 4, 2, 1, 1, 1, 1, 1, 1, 1, 1, 1, 1, 1, 1, 1]
13<=B[0].wtL<=39
B[0].wtH=13, B[0].wtL=29

--- LeeBKZ with beta=2, bkz with minimum_lee_wt_codeword (may be non-primitive) ---
profile after BKZ: [12, 4, 2, 2, 1, 1, 1, 1, 1, 1, 1, 1, 1, 1, 1, 1]
12<=B_red[0].wtL<=36
B_red[0].wtH=12, B_red[0].wtL=20

profile: [14, 3, 2, 1, 1, 1, 1, 1, 1, 1, 1, 1, 1, 1, 1, 1]
14<=B[0].wtL<=42
B[0].wtH=14, B[0].wtL=21

--- LeeBKZ with beta=2, bkz with minimum_lee_wt_codeword (may be non-primitive) ---
profile after BKZ: [14, 3, 2, 1, 1, 1, 1, 1, 1, 1, 1, 1, 1, 1, 1, 1]
14<=B_red[0].wtL<=42
B_red[0].wtH=14, B_red[0].wtL=21

profile: [15, 3, 1, 1, 1, 1, 1, 1, 1, 1, 1, 1, 1, 1, 1, 1]
15<=B[0].wtL<=45
B[0].wtH=15, B[0].wtL=29

--- LeeBKZ with beta=2, bkz with minimum_lee_wt_codeword (may be non-primitive) ---
profile after BKZ: [15, 3, 1, 1, 1, 1, 1, 1, 1, 1, 1, 1, 1, 1, 1, 1]
15<=B_red[0].wtL<=45
B_red[0].wtH=15, B_red[0].wtL=23

profile: [15, 3, 1, 1, 1, 1, 1, 1, 1, 1, 1, 1, 1, 1, 1, 1]
15<=B[0].wtL<=45
B[0].wtH=15, B[0].wtL=25

--- LeeBKZ with beta=2, bkz with minimum_lee_wt_codeword (may be non-primitive) ---
profile after BKZ: [13, 5, 1, 1, 1, 1, 1, 1, 1, 1, 1, 1, 1, 1, 1, 1]
13<=B_red[0].wtL<=39
B_red[0].wtH=13, B_red[0].wtL=22

profile: [15, 3, 1, 1, 1, 1, 1, 1, 1, 1, 1, 1, 1, 1, 1, 1]
15<=B[0].wtL<=45
B[0].wtH=15, B[0].wtL=28

--- LeeBKZ with beta=2, bkz with minimum_lee_wt_codeword (may be non-primitive) ---
profile after BKZ: [15, 4, 1, 0, 1, 1, 1, 1, 1, 1, 1, 1, 1, 1, 1, 1]
15<=B_red[0].wtL<=45
B_red[0].wtH=15, B_red[0].wtL=20

profile: [15, 3, 1, 1, 1, 1, 1, 1, 1, 1, 1, 1, 1, 1, 1, 1]
15<=B[0].wtL<=45
B[0].wtH=15, B[0].wtL=29

--- LeeBKZ with beta=2, bkz with minimum_lee_wt_codeword (may be non-primitive) ---
profile after BKZ: [16, 2, 1, 1, 1, 1, 1, 1, 1, 1, 1, 1, 1, 1, 1, 1]
16<=B_red[0].wtL<=48
B_red[0].wtH=16, B_red[0].wtL=26


****************************************************
******** STATISTICS OVER N=10 samples ********
****************************************************
Reduced 10 matrices of size 16x32 over F7
Proper basis wtH[0]=14.8 wtL[0]=28.2
Reduced basis wtH[0]=14.3 wtL[0]=22.4
Avg.time=0.04364767074584961
Avg.Mw_codeword.calls=6.5
Avg.potential_growth_fails=0.0
