RANDOM_SEED=4

Hamming profile: [112, 16, 3, 1, 1, 1, 1, 1, 1, 1, 1, 1, 1, 1, 1, 1, 1, 1, 1, 1, 1, 1, 1, 1, 1, 1, 1, 1, 1, 1, 1, 1, 1, 1, 1, 1, 1, 1, 1, 1, 1, 1, 1, 1, 1, 1, 1, 1, 1, 1, 1, 1, 1, 1, 1, 1, 1, 1, 1, 1, 1, 1, 1, 1, 1, 1, 1, 1, 1, 1, 1, 1, 1, 1, 1, 1, 1, 1, 1, 1, 1, 1, 1, 1, 1, 1, 1, 1, 1, 1, 1, 1, 1, 1, 1, 1, 1, 1, 1, 1, 1, 1, 1, 1, 1, 1, 1, 1, 1, 1, 1, 1, 1, 1, 1, 1, 1, 1, 1, 1, 1, 1, 1, 1, 1, 1, 1, 1]
Lee profile: [216, 34, 4, 1, 1, 1, 1, 1, 1, 1, 1, 1, 1, 1, 1, 1, 1, 1, 1, 1, 1, 1, 1, 1, 1, 1, 1, 1, 1, 1, 1, 1, 1, 1, 1, 1, 1, 1, 1, 1, 1, 1, 1, 1, 1, 1, 1, 1, 1, 1, 1, 1, 1, 1, 1, 1, 1, 1, 1, 1, 1, 1, 1, 1, 1, 1, 1, 1, 1, 1, 1, 1, 1, 1, 1, 1, 1, 1, 1, 1, 1, 1, 1, 1, 1, 1, 1, 1, 1, 1, 1, 1, 1, 1, 1, 1, 1, 1, 1, 1, 1, 1, 1, 1, 1, 1, 1, 1, 1, 1, 1, 1, 1, 1, 1, 1, 1, 1, 1, 1, 1, 1, 1, 1, 1, 1, 1, 1]
112<=B[0].wtL<=336
B[0].wtH=112, B[0].wtL=216

--- LeeBKZ with beta=2, bkz with minimum_lee_wt_codeword (may be non-primitive) ---
[LEEbkz:MW_Codeword_LEE:0.00796055793762207 sec.]
[LEEbkz:MW_Codeword_LEE:0.0029838085174560547 sec.]
[LEEbkz:MW_Codeword_LEE:0.0035276412963867188 sec.]
[LEEbkz:MW_Codeword_LEE:0.0026175975799560547 sec.]
[LEEbkz:MW_Codeword_LEE:0.0025148391723632812 sec.]
[LEEbkz:MW_Codeword_LEE:0.0028324127197265625 sec.]
[LEEbkz:MW_Codeword_LEE:0.0038340091705322266 sec.]
[LEEbkz:MW_Codeword_LEE:0.0029189586639404297 sec.]
[LEEbkz:MW_Codeword_LEE:0.003848552703857422 sec.]
[LEEbkz:MW_Codeword_LEE:0.002713441848754883 sec.]
[LEEbkz:MW_Codeword_LEE:0.002672433853149414 sec.]
[LEEbkz:MW_Codeword_LEE:0.0028100013732910156 sec.]
[LEEbkz:MW_Codeword_LEE:0.002492666244506836 sec.]
[LEEbkz:MW_Codeword_LEE:0.0024123191833496094 sec.]
[LEEbkz:MW_Codeword_LEE:0.002627849578857422 sec.]
[LEEbkz:MW_Codeword_LEE:0.002505779266357422 sec.]
Hamming profile after BKZ: [109, 17, 4, 2, 1, 1, 1, 1, 1, 1, 1, 1, 1, 1, 1, 1, 1, 1, 1, 1, 1, 1, 1, 1, 1, 1, 1, 1, 1, 1, 1, 1, 1, 1, 1, 1, 1, 1, 1, 1, 1, 1, 1, 1, 1, 1, 1, 1, 1, 1, 1, 1, 1, 1, 1, 1, 1, 1, 1, 1, 1, 1, 1, 1, 1, 1, 1, 1, 1, 1, 1, 1, 1, 1, 1, 1, 1, 1, 1, 1, 1, 1, 1, 1, 1, 1, 1, 1, 1, 1, 1, 1, 1, 1, 1, 1, 1, 1, 1, 1, 1, 1, 1, 1, 1, 1, 1, 1, 1, 1, 1, 1, 1, 1, 1, 1, 1, 1, 1, 1, 1, 1, 1, 1, 1, 1, 1, 1]
Lee profile after BKZ: [197, 29, 6, 2, 1, 1, 1, 1, 1, 1, 1, 1, 1, 1, 1, 1, 1, 1, 1, 1, 1, 1, 1, 1, 1, 1, 1, 1, 1, 1, 1, 1, 1, 1, 1, 1, 1, 1, 1, 1, 1, 1, 1, 1, 1, 1, 1, 1, 1, 1, 1, 1, 1, 1, 1, 1, 1, 1, 1, 1, 1, 1, 1, 1, 1, 1, 1, 1, 1, 1, 1, 1, 1, 1, 1, 1, 1, 1, 1, 1, 1, 1, 1, 1, 1, 1, 1, 1, 1, 1, 1, 1, 1, 1, 1, 1, 1, 1, 1, 1, 1, 1, 1, 1, 1, 1, 1, 1, 1, 1, 1, 1, 1, 1, 1, 1, 1, 1, 1, 1, 1, 1, 1, 1, 1, 1, 1, 1]
109<=B_red[0].wtL<=327
B_red[0].wtH=109, B_red[0].wtL=197

Hamming profile: [113, 17, 1, 1, 1, 1, 1, 1, 1, 1, 1, 1, 1, 1, 1, 1, 1, 1, 1, 1, 1, 1, 1, 1, 1, 1, 1, 1, 1, 1, 1, 1, 1, 1, 1, 1, 1, 1, 1, 1, 1, 1, 1, 1, 1, 1, 1, 1, 1, 1, 1, 1, 1, 1, 1, 1, 1, 1, 1, 1, 1, 1, 1, 1, 1, 1, 1, 1, 1, 1, 1, 1, 1, 1, 1, 1, 1, 1, 1, 1, 1, 1, 1, 1, 1, 1, 1, 1, 1, 1, 1, 1, 1, 1, 1, 1, 1, 1, 1, 1, 1, 1, 1, 1, 1, 1, 1, 1, 1, 1, 1, 1, 1, 1, 1, 1, 1, 1, 1, 1, 1, 1, 1, 1, 1, 1, 1, 1]
Lee profile: [237, 40, 1, 1, 1, 1, 1, 1, 1, 1, 1, 1, 1, 1, 1, 1, 1, 1, 1, 1, 1, 1, 1, 1, 1, 1, 1, 1, 1, 1, 1, 1, 1, 1, 1, 1, 1, 1, 1, 1, 1, 1, 1, 1, 1, 1, 1, 1, 1, 1, 1, 1, 1, 1, 1, 1, 1, 1, 1, 1, 1, 1, 1, 1, 1, 1, 1, 1, 1, 1, 1, 1, 1, 1, 1, 1, 1, 1, 1, 1, 1, 1, 1, 1, 1, 1, 1, 1, 1, 1, 1, 1, 1, 1, 1, 1, 1, 1, 1, 1, 1, 1, 1, 1, 1, 1, 1, 1, 1, 1, 1, 1, 1, 1, 1, 1, 1, 1, 1, 1, 1, 1, 1, 1, 1, 1, 1, 1]
113<=B[0].wtL<=339
B[0].wtH=113, B[0].wtL=237

--- LeeBKZ with beta=2, bkz with minimum_lee_wt_codeword (may be non-primitive) ---
[LEEbkz:MW_Codeword_LEE:0.0039119720458984375 sec.]
[LEEbkz:MW_Codeword_LEE:0.0030364990234375 sec.]
[LEEbkz:MW_Codeword_LEE:0.0037331581115722656 sec.]
[LEEbkz:MW_Codeword_LEE:0.003003358840942383 sec.]
[LEEbkz:MW_Codeword_LEE:0.003958940505981445 sec.]
[LEEbkz:MW_Codeword_LEE:0.002997159957885742 sec.]
[LEEbkz:MW_Codeword_LEE:0.003597736358642578 sec.]
[LEEbkz:MW_Codeword_LEE:0.0028553009033203125 sec.]
[LEEbkz:MW_Codeword_LEE:0.0027184486389160156 sec.]
[LEEbkz:MW_Codeword_LEE:0.0030057430267333984 sec.]
[LEEbkz:MW_Codeword_LEE:0.0036356449127197266 sec.]
[LEEbkz:MW_Codeword_LEE:0.0027685165405273438 sec.]
[LEEbkz:MW_Codeword_LEE:0.002515554428100586 sec.]
[LEEbkz:MW_Codeword_LEE:0.002454042434692383 sec.]
[LEEbkz:MW_Codeword_LEE:0.002740621566772461 sec.]
[LEEbkz:MW_Codeword_LEE:0.0024690628051757812 sec.]
Hamming profile after BKZ: [99, 27, 3, 4, 1, 0, 1, 1, 1, 1, 1, 1, 1, 1, 1, 1, 1, 1, 1, 1, 1, 1, 1, 1, 1, 1, 1, 1, 1, 1, 1, 1, 1, 1, 1, 1, 1, 1, 1, 1, 1, 1, 1, 1, 1, 1, 1, 1, 1, 1, 1, 1, 1, 1, 1, 1, 1, 1, 1, 1, 1, 1, 1, 1, 1, 1, 1, 1, 1, 1, 1, 1, 1, 1, 1, 1, 1, 1, 1, 1, 1, 1, 1, 1, 1, 1, 1, 1, 1, 1, 1, 1, 1, 1, 1, 1, 1, 1, 1, 1, 1, 1, 1, 1, 1, 1, 1, 1, 1, 1, 1, 1, 1, 1, 1, 1, 1, 1, 1, 1, 1, 1, 1, 1, 1, 1, 1, 1]
Lee profile after BKZ: [191, 39, 3, 4, 1, 0, 1, 1, 1, 1, 1, 1, 1, 1, 1, 1, 1, 1, 1, 1, 1, 1, 1, 1, 1, 1, 1, 1, 1, 1, 1, 1, 1, 1, 1, 1, 1, 1, 1, 1, 1, 1, 1, 1, 1, 1, 1, 1, 1, 1, 1, 1, 1, 1, 1, 1, 1, 1, 1, 1, 1, 1, 1, 1, 1, 1, 1, 1, 1, 1, 1, 1, 1, 1, 1, 1, 1, 1, 1, 1, 1, 1, 1, 1, 1, 1, 1, 1, 1, 1, 1, 1, 1, 1, 1, 1, 1, 1, 1, 1, 1, 1, 1, 1, 1, 1, 1, 1, 1, 1, 1, 1, 1, 1, 1, 1, 1, 1, 1, 1, 1, 1, 1, 1, 1, 1, 1, 1]
99<=B_red[0].wtL<=297
B_red[0].wtH=99, B_red[0].wtL=191

Hamming profile: [110, 19, 2, 1, 1, 1, 1, 1, 1, 1, 1, 1, 1, 1, 1, 1, 1, 1, 1, 1, 1, 1, 1, 1, 1, 1, 1, 1, 1, 1, 1, 1, 1, 1, 1, 1, 1, 1, 1, 1, 1, 1, 1, 1, 1, 1, 1, 1, 1, 1, 1, 1, 1, 1, 1, 1, 1, 1, 1, 1, 1, 1, 1, 1, 1, 1, 1, 1, 1, 1, 1, 1, 1, 1, 1, 1, 1, 1, 1, 1, 1, 1, 1, 1, 1, 1, 1, 1, 1, 1, 1, 1, 1, 1, 1, 1, 1, 1, 1, 1, 1, 1, 1, 1, 1, 1, 1, 1, 1, 1, 1, 1, 1, 1, 1, 1, 1, 1, 1, 1, 1, 1, 1, 1, 1, 1, 1, 1]
Lee profile: [229, 35, 2, 1, 1, 1, 1, 1, 1, 1, 1, 1, 1, 1, 1, 1, 1, 1, 1, 1, 1, 1, 1, 1, 1, 1, 1, 1, 1, 1, 1, 1, 1, 1, 1, 1, 1, 1, 1, 1, 1, 1, 1, 1, 1, 1, 1, 1, 1, 1, 1, 1, 1, 1, 1, 1, 1, 1, 1, 1, 1, 1, 1, 1, 1, 1, 1, 1, 1, 1, 1, 1, 1, 1, 1, 1, 1, 1, 1, 1, 1, 1, 1, 1, 1, 1, 1, 1, 1, 1, 1, 1, 1, 1, 1, 1, 1, 1, 1, 1, 1, 1, 1, 1, 1, 1, 1, 1, 1, 1, 1, 1, 1, 1, 1, 1, 1, 1, 1, 1, 1, 1, 1, 1, 1, 1, 1, 1]
110<=B[0].wtL<=330
B[0].wtH=110, B[0].wtL=229

--- LeeBKZ with beta=2, bkz with minimum_lee_wt_codeword (may be non-primitive) ---
[LEEbkz:MW_Codeword_LEE:0.0037679672241210938 sec.]
[LEEbkz:MW_Codeword_LEE:0.0029785633087158203 sec.]
[LEEbkz:MW_Codeword_LEE:0.003626585006713867 sec.]
[LEEbkz:MW_Codeword_LEE:0.0029325485229492188 sec.]
[LEEbkz:MW_Codeword_LEE:0.0037767887115478516 sec.]
[LEEbkz:MW_Codeword_LEE:0.004050493240356445 sec.]
[LEEbkz:MW_Codeword_LEE:0.0027670860290527344 sec.]
[LEEbkz:MW_Codeword_LEE:0.002847433090209961 sec.]
[LEEbkz:MW_Codeword_LEE:0.0037364959716796875 sec.]
[LEEbkz:MW_Codeword_LEE:0.0030024051666259766 sec.]
[LEEbkz:MW_Codeword_LEE:0.004384756088256836 sec.]
[LEEbkz:MW_Codeword_LEE:0.0032846927642822266 sec.]
[LEEbkz:MW_Codeword_LEE:0.002769947052001953 sec.]
[LEEbkz:MW_Codeword_LEE:0.003258943557739258 sec.]
[LEEbkz:MW_Codeword_LEE:0.0027611255645751953 sec.]
[LEEbkz:MW_Codeword_LEE:0.002532482147216797 sec.]
[LEEbkz:MW_Codeword_LEE:0.003369569778442383 sec.]
[LEEbkz:MW_Codeword_LEE:0.002597808837890625 sec.]
[LEEbkz:MW_Codeword_LEE:0.002500772476196289 sec.]
[LEEbkz:MW_Codeword_LEE:0.002644062042236328 sec.]
Hamming profile after BKZ: [101, 22, 5, 4, 1, 1, 1, 1, 1, 1, 1, 1, 1, 1, 1, 1, 1, 1, 1, 1, 1, 1, 1, 1, 1, 1, 1, 1, 1, 1, 1, 1, 1, 1, 1, 1, 1, 1, 1, 1, 1, 1, 1, 1, 1, 1, 1, 1, 1, 1, 1, 1, 1, 1, 1, 1, 1, 1, 1, 1, 1, 1, 1, 1, 1, 1, 1, 1, 1, 1, 1, 1, 1, 1, 1, 1, 1, 1, 1, 1, 1, 1, 1, 1, 1, 1, 1, 1, 1, 1, 1, 1, 1, 1, 1, 1, 1, 1, 1, 1, 1, 1, 1, 1, 1, 1, 1, 1, 1, 1, 1, 1, 1, 1, 1, 1, 1, 1, 1, 1, 1, 1, 1, 1, 1, 1, 1, 1]
Lee profile after BKZ: [192, 40, 8, 5, 1, 1, 1, 1, 1, 1, 1, 1, 1, 1, 1, 1, 1, 1, 1, 1, 1, 1, 1, 1, 1, 1, 1, 1, 1, 1, 1, 1, 1, 1, 1, 1, 1, 1, 1, 1, 1, 1, 1, 1, 1, 1, 1, 1, 1, 1, 1, 1, 1, 1, 1, 1, 1, 1, 1, 1, 1, 1, 1, 1, 1, 1, 1, 1, 1, 1, 1, 1, 1, 1, 1, 1, 1, 1, 1, 1, 1, 1, 1, 1, 1, 1, 1, 1, 1, 1, 1, 1, 1, 1, 1, 1, 1, 1, 1, 1, 1, 1, 1, 1, 1, 1, 1, 1, 1, 1, 1, 1, 1, 1, 1, 1, 1, 1, 1, 1, 1, 1, 1, 1, 1, 1, 1, 1]
101<=B_red[0].wtL<=303
B_red[0].wtH=101, B_red[0].wtL=192

Hamming profile: [111, 17, 2, 2, 1, 1, 1, 1, 1, 1, 1, 1, 1, 1, 1, 1, 1, 1, 1, 1, 1, 1, 1, 1, 1, 1, 1, 1, 1, 1, 1, 1, 1, 1, 1, 1, 1, 1, 1, 1, 1, 1, 1, 1, 1, 1, 1, 1, 1, 1, 1, 1, 1, 1, 1, 1, 1, 1, 1, 1, 1, 1, 1, 1, 1, 1, 1, 1, 1, 1, 1, 1, 1, 1, 1, 1, 1, 1, 1, 1, 1, 1, 1, 1, 1, 1, 1, 1, 1, 1, 1, 1, 1, 1, 1, 1, 1, 1, 1, 1, 1, 1, 1, 1, 1, 1, 1, 1, 1, 1, 1, 1, 1, 1, 1, 1, 1, 1, 1, 1, 1, 1, 1, 1, 1, 1, 1, 1]
Lee profile: [224, 29, 4, 4, 1, 1, 1, 1, 1, 1, 1, 1, 1, 1, 1, 1, 1, 1, 1, 1, 1, 1, 1, 1, 1, 1, 1, 1, 1, 1, 1, 1, 1, 1, 1, 1, 1, 1, 1, 1, 1, 1, 1, 1, 1, 1, 1, 1, 1, 1, 1, 1, 1, 1, 1, 1, 1, 1, 1, 1, 1, 1, 1, 1, 1, 1, 1, 1, 1, 1, 1, 1, 1, 1, 1, 1, 1, 1, 1, 1, 1, 1, 1, 1, 1, 1, 1, 1, 1, 1, 1, 1, 1, 1, 1, 1, 1, 1, 1, 1, 1, 1, 1, 1, 1, 1, 1, 1, 1, 1, 1, 1, 1, 1, 1, 1, 1, 1, 1, 1, 1, 1, 1, 1, 1, 1, 1, 1]
111<=B[0].wtL<=333
B[0].wtH=111, B[0].wtL=224

--- LeeBKZ with beta=2, bkz with minimum_lee_wt_codeword (may be non-primitive) ---
[LEEbkz:MW_Codeword_LEE:0.003670215606689453 sec.]
[LEEbkz:MW_Codeword_LEE:0.003036975860595703 sec.]
[LEEbkz:MW_Codeword_LEE:0.003682851791381836 sec.]
[LEEbkz:MW_Codeword_LEE:0.0029211044311523438 sec.]
[LEEbkz:MW_Codeword_LEE:0.0039026737213134766 sec.]
[LEEbkz:MW_Codeword_LEE:0.0029075145721435547 sec.]
[LEEbkz:MW_Codeword_LEE:0.0026252269744873047 sec.]
[LEEbkz:MW_Codeword_LEE:0.0038182735443115234 sec.]
[LEEbkz:MW_Codeword_LEE:0.0036046504974365234 sec.]
[LEEbkz:MW_Codeword_LEE:0.0029189586639404297 sec.]
[LEEbkz:MW_Codeword_LEE:0.0024840831756591797 sec.]
[LEEbkz:MW_Codeword_LEE:0.002949953079223633 sec.]
[LEEbkz:MW_Codeword_LEE:0.0028028488159179688 sec.]
[LEEbkz:MW_Codeword_LEE:0.0028638839721679688 sec.]
[LEEbkz:MW_Codeword_LEE:0.002994537353515625 sec.]
[LEEbkz:MW_Codeword_LEE:0.002720355987548828 sec.]
[LEEbkz:MW_Codeword_LEE:0.0024492740631103516 sec.]
[LEEbkz:MW_Codeword_LEE:0.0026683807373046875 sec.]
[LEEbkz:MW_Codeword_LEE:0.0026443004608154297 sec.]
[LEEbkz:MW_Codeword_LEE:0.0029506683349609375 sec.]
[LEEbkz:MW_Codeword_LEE:0.0027189254760742188 sec.]
[LEEbkz:MW_Codeword_LEE:0.002560853958129883 sec.]
[LEEbkz:MW_Codeword_LEE:0.0026574134826660156 sec.]
[LEEbkz:MW_Codeword_LEE:0.0026357173919677734 sec.]
[LEEbkz:MW_Codeword_LEE:0.002530813217163086 sec.]
[LEEbkz:MW_Codeword_LEE:0.0026094913482666016 sec.]
[LEEbkz:MW_Codeword_LEE:0.0024602413177490234 sec.]
Hamming profile after BKZ: [102, 21, 6, 1, 2, 2, 1, 1, 1, 1, 1, 1, 1, 1, 1, 1, 1, 1, 1, 1, 1, 1, 1, 1, 1, 1, 1, 1, 1, 1, 1, 1, 1, 1, 1, 1, 1, 1, 1, 1, 1, 1, 1, 1, 1, 1, 1, 1, 1, 1, 1, 1, 1, 1, 1, 1, 1, 1, 1, 1, 1, 1, 1, 1, 1, 1, 1, 1, 1, 1, 1, 1, 1, 1, 1, 1, 1, 1, 1, 1, 1, 1, 1, 1, 1, 1, 1, 1, 1, 1, 1, 1, 1, 1, 1, 1, 1, 1, 1, 1, 1, 1, 1, 1, 1, 1, 1, 1, 1, 1, 1, 1, 1, 1, 1, 1, 1, 1, 1, 1, 1, 1, 1, 1, 1, 1, 1, 1]
Lee profile after BKZ: [199, 37, 7, 1, 2, 2, 1, 1, 1, 1, 1, 1, 1, 1, 1, 1, 1, 1, 1, 1, 1, 1, 1, 1, 1, 1, 1, 1, 1, 1, 1, 1, 1, 1, 1, 1, 1, 1, 1, 1, 1, 1, 1, 1, 1, 1, 1, 1, 1, 1, 1, 1, 1, 1, 1, 1, 1, 1, 1, 1, 1, 1, 1, 1, 1, 1, 1, 1, 1, 1, 1, 1, 1, 1, 1, 1, 1, 1, 1, 1, 1, 1, 1, 1, 1, 1, 1, 1, 1, 1, 1, 1, 1, 1, 1, 1, 1, 1, 1, 1, 1, 1, 1, 1, 1, 1, 1, 1, 1, 1, 1, 1, 1, 1, 1, 1, 1, 1, 1, 1, 1, 1, 1, 1, 1, 1, 1, 1]
102<=B_red[0].wtL<=306
B_red[0].wtH=102, B_red[0].wtL=199

Hamming profile: [107, 19, 4, 2, 1, 1, 1, 1, 1, 1, 1, 1, 1, 1, 1, 1, 1, 1, 1, 1, 1, 1, 1, 1, 1, 1, 1, 1, 1, 1, 1, 1, 1, 1, 1, 1, 1, 1, 1, 1, 1, 1, 1, 1, 1, 1, 1, 1, 1, 1, 1, 1, 1, 1, 1, 1, 1, 1, 1, 1, 1, 1, 1, 1, 1, 1, 1, 1, 1, 1, 1, 1, 1, 1, 1, 1, 1, 1, 1, 1, 1, 1, 1, 1, 1, 1, 1, 1, 1, 1, 1, 1, 1, 1, 1, 1, 1, 1, 1, 1, 1, 1, 1, 1, 1, 1, 1, 1, 1, 1, 1, 1, 1, 1, 1, 1, 1, 1, 1, 1, 1, 1, 1, 1, 1, 1, 1, 1]
Lee profile: [217, 44, 5, 2, 1, 1, 1, 1, 1, 1, 1, 1, 1, 1, 1, 1, 1, 1, 1, 1, 1, 1, 1, 1, 1, 1, 1, 1, 1, 1, 1, 1, 1, 1, 1, 1, 1, 1, 1, 1, 1, 1, 1, 1, 1, 1, 1, 1, 1, 1, 1, 1, 1, 1, 1, 1, 1, 1, 1, 1, 1, 1, 1, 1, 1, 1, 1, 1, 1, 1, 1, 1, 1, 1, 1, 1, 1, 1, 1, 1, 1, 1, 1, 1, 1, 1, 1, 1, 1, 1, 1, 1, 1, 1, 1, 1, 1, 1, 1, 1, 1, 1, 1, 1, 1, 1, 1, 1, 1, 1, 1, 1, 1, 1, 1, 1, 1, 1, 1, 1, 1, 1, 1, 1, 1, 1, 1, 1]
107<=B[0].wtL<=321
B[0].wtH=107, B[0].wtL=217

--- LeeBKZ with beta=2, bkz with minimum_lee_wt_codeword (may be non-primitive) ---
[LEEbkz:MW_Codeword_LEE:0.0036478042602539062 sec.]
[LEEbkz:MW_Codeword_LEE:0.0028352737426757812 sec.]
[LEEbkz:MW_Codeword_LEE:0.003681659698486328 sec.]
[LEEbkz:MW_Codeword_LEE:0.003105640411376953 sec.]
[LEEbkz:MW_Codeword_LEE:0.0025081634521484375 sec.]
[LEEbkz:MW_Codeword_LEE:0.0029010772705078125 sec.]
[LEEbkz:MW_Codeword_LEE:0.0038535594940185547 sec.]
[LEEbkz:MW_Codeword_LEE:0.0028405189514160156 sec.]
[LEEbkz:MW_Codeword_LEE:0.002629995346069336 sec.]
[LEEbkz:MW_Codeword_LEE:0.0030503273010253906 sec.]
[LEEbkz:MW_Codeword_LEE:0.002624988555908203 sec.]
[LEEbkz:MW_Codeword_LEE:0.0026013851165771484 sec.]
Hamming profile after BKZ: [102, 22, 6, 2, 1, 1, 1, 1, 1, 1, 1, 1, 1, 1, 1, 1, 1, 1, 1, 1, 1, 1, 1, 1, 1, 1, 1, 1, 1, 1, 1, 1, 1, 1, 1, 1, 1, 1, 1, 1, 1, 1, 1, 1, 1, 1, 1, 1, 1, 1, 1, 1, 1, 1, 1, 1, 1, 1, 1, 1, 1, 1, 1, 1, 1, 1, 1, 1, 1, 1, 1, 1, 1, 1, 1, 1, 1, 1, 1, 1, 1, 1, 1, 1, 1, 1, 1, 1, 1, 1, 1, 1, 1, 1, 1, 1, 1, 1, 1, 1, 1, 1, 1, 1, 1, 1, 1, 1, 1, 1, 1, 1, 1, 1, 1, 1, 1, 1, 1, 1, 1, 1, 1, 1, 1, 1, 1, 1]
Lee profile after BKZ: [183, 36, 8, 3, 1, 1, 1, 1, 1, 1, 1, 1, 1, 1, 1, 1, 1, 1, 1, 1, 1, 1, 1, 1, 1, 1, 1, 1, 1, 1, 1, 1, 1, 1, 1, 1, 1, 1, 1, 1, 1, 1, 1, 1, 1, 1, 1, 1, 1, 1, 1, 1, 1, 1, 1, 1, 1, 1, 1, 1, 1, 1, 1, 1, 1, 1, 1, 1, 1, 1, 1, 1, 1, 1, 1, 1, 1, 1, 1, 1, 1, 1, 1, 1, 1, 1, 1, 1, 1, 1, 1, 1, 1, 1, 1, 1, 1, 1, 1, 1, 1, 1, 1, 1, 1, 1, 1, 1, 1, 1, 1, 1, 1, 1, 1, 1, 1, 1, 1, 1, 1, 1, 1, 1, 1, 1, 1, 1]
102<=B_red[0].wtL<=306
B_red[0].wtH=102, B_red[0].wtL=183

Hamming profile: [109, 17, 5, 1, 1, 1, 1, 1, 1, 1, 1, 1, 1, 1, 1, 1, 1, 1, 1, 1, 1, 1, 1, 1, 1, 1, 1, 1, 1, 1, 1, 1, 1, 1, 1, 1, 1, 1, 1, 1, 1, 1, 1, 1, 1, 1, 1, 1, 1, 1, 1, 1, 1, 1, 1, 1, 1, 1, 1, 1, 1, 1, 1, 1, 1, 1, 1, 1, 1, 1, 1, 1, 1, 1, 1, 1, 1, 1, 1, 1, 1, 1, 1, 1, 1, 1, 1, 1, 1, 1, 1, 1, 1, 1, 1, 1, 1, 1, 1, 1, 1, 1, 1, 1, 1, 1, 1, 1, 1, 1, 1, 1, 1, 1, 1, 1, 1, 1, 1, 1, 1, 1, 1, 1, 1, 1, 1, 1]
Lee profile: [224, 32, 8, 1, 1, 1, 1, 1, 1, 1, 1, 1, 1, 1, 1, 1, 1, 1, 1, 1, 1, 1, 1, 1, 1, 1, 1, 1, 1, 1, 1, 1, 1, 1, 1, 1, 1, 1, 1, 1, 1, 1, 1, 1, 1, 1, 1, 1, 1, 1, 1, 1, 1, 1, 1, 1, 1, 1, 1, 1, 1, 1, 1, 1, 1, 1, 1, 1, 1, 1, 1, 1, 1, 1, 1, 1, 1, 1, 1, 1, 1, 1, 1, 1, 1, 1, 1, 1, 1, 1, 1, 1, 1, 1, 1, 1, 1, 1, 1, 1, 1, 1, 1, 1, 1, 1, 1, 1, 1, 1, 1, 1, 1, 1, 1, 1, 1, 1, 1, 1, 1, 1, 1, 1, 1, 1, 1, 1]
109<=B[0].wtL<=327
B[0].wtH=109, B[0].wtL=224

--- LeeBKZ with beta=2, bkz with minimum_lee_wt_codeword (may be non-primitive) ---
[LEEbkz:MW_Codeword_LEE:0.0037806034088134766 sec.]
[LEEbkz:MW_Codeword_LEE:0.002872467041015625 sec.]
[LEEbkz:MW_Codeword_LEE:0.003692626953125 sec.]
[LEEbkz:MW_Codeword_LEE:0.002759218215942383 sec.]
[LEEbkz:MW_Codeword_LEE:0.0028047561645507812 sec.]
[LEEbkz:MW_Codeword_LEE:0.0029938220977783203 sec.]
[LEEbkz:MW_Codeword_LEE:0.002620220184326172 sec.]
[LEEbkz:MW_Codeword_LEE:0.0026273727416992188 sec.]
[LEEbkz:MW_Codeword_LEE:0.002789735794067383 sec.]
[LEEbkz:MW_Codeword_LEE:0.0027425289154052734 sec.]
[LEEbkz:MW_Codeword_LEE:0.00382232666015625 sec.]
[LEEbkz:MW_Codeword_LEE:0.0026564598083496094 sec.]
[LEEbkz:MW_Codeword_LEE:0.002470254898071289 sec.]
[LEEbkz:MW_Codeword_LEE:0.0026781558990478516 sec.]
[LEEbkz:MW_Codeword_LEE:0.002473115921020508 sec.]
[LEEbkz:MW_Codeword_LEE:0.002422809600830078 sec.]
[LEEbkz:MW_Codeword_LEE:0.0026242733001708984 sec.]
[LEEbkz:MW_Codeword_LEE:0.0027556419372558594 sec.]
[LEEbkz:MW_Codeword_LEE:0.0023131370544433594 sec.]
[LEEbkz:MW_Codeword_LEE:0.002619028091430664 sec.]
Hamming profile after BKZ: [113, 15, 2, 2, 1, 1, 1, 1, 1, 1, 1, 1, 1, 1, 1, 1, 1, 1, 1, 1, 1, 1, 1, 1, 1, 1, 1, 1, 1, 1, 1, 1, 1, 1, 1, 1, 1, 1, 1, 1, 1, 1, 1, 1, 1, 1, 1, 1, 1, 1, 1, 1, 1, 1, 1, 1, 1, 1, 1, 1, 1, 1, 1, 1, 1, 1, 1, 1, 1, 1, 1, 1, 1, 1, 1, 1, 1, 1, 1, 1, 1, 1, 1, 1, 1, 1, 1, 1, 1, 1, 1, 1, 1, 1, 1, 1, 1, 1, 1, 1, 1, 1, 1, 1, 1, 1, 1, 1, 1, 1, 1, 1, 1, 1, 1, 1, 1, 1, 1, 1, 1, 1, 1, 1, 1, 1, 1, 1]
Lee profile after BKZ: [194, 21, 3, 2, 1, 1, 1, 1, 1, 1, 1, 1, 1, 1, 1, 1, 1, 1, 1, 1, 1, 1, 1, 1, 1, 1, 1, 1, 1, 1, 1, 1, 1, 1, 1, 1, 1, 1, 1, 1, 1, 1, 1, 1, 1, 1, 1, 1, 1, 1, 1, 1, 1, 1, 1, 1, 1, 1, 1, 1, 1, 1, 1, 1, 1, 1, 1, 1, 1, 1, 1, 1, 1, 1, 1, 1, 1, 1, 1, 1, 1, 1, 1, 1, 1, 1, 1, 1, 1, 1, 1, 1, 1, 1, 1, 1, 1, 1, 1, 1, 1, 1, 1, 1, 1, 1, 1, 1, 1, 1, 1, 1, 1, 1, 1, 1, 1, 1, 1, 1, 1, 1, 1, 1, 1, 1, 1, 1]
113<=B_red[0].wtL<=339
B_red[0].wtH=113, B_red[0].wtL=194

Hamming profile: [114, 14, 3, 1, 1, 1, 1, 1, 1, 1, 1, 1, 1, 1, 1, 1, 1, 1, 1, 1, 1, 1, 1, 1, 1, 1, 1, 1, 1, 1, 1, 1, 1, 1, 1, 1, 1, 1, 1, 1, 1, 1, 1, 1, 1, 1, 1, 1, 1, 1, 1, 1, 1, 1, 1, 1, 1, 1, 1, 1, 1, 1, 1, 1, 1, 1, 1, 1, 1, 1, 1, 1, 1, 1, 1, 1, 1, 1, 1, 1, 1, 1, 1, 1, 1, 1, 1, 1, 1, 1, 1, 1, 1, 1, 1, 1, 1, 1, 1, 1, 1, 1, 1, 1, 1, 1, 1, 1, 1, 1, 1, 1, 1, 1, 1, 1, 1, 1, 1, 1, 1, 1, 1, 1, 1, 1, 1, 1]
Lee profile: [233, 30, 5, 1, 1, 1, 1, 1, 1, 1, 1, 1, 1, 1, 1, 1, 1, 1, 1, 1, 1, 1, 1, 1, 1, 1, 1, 1, 1, 1, 1, 1, 1, 1, 1, 1, 1, 1, 1, 1, 1, 1, 1, 1, 1, 1, 1, 1, 1, 1, 1, 1, 1, 1, 1, 1, 1, 1, 1, 1, 1, 1, 1, 1, 1, 1, 1, 1, 1, 1, 1, 1, 1, 1, 1, 1, 1, 1, 1, 1, 1, 1, 1, 1, 1, 1, 1, 1, 1, 1, 1, 1, 1, 1, 1, 1, 1, 1, 1, 1, 1, 1, 1, 1, 1, 1, 1, 1, 1, 1, 1, 1, 1, 1, 1, 1, 1, 1, 1, 1, 1, 1, 1, 1, 1, 1, 1, 1]
114<=B[0].wtL<=342
B[0].wtH=114, B[0].wtL=233

--- LeeBKZ with beta=2, bkz with minimum_lee_wt_codeword (may be non-primitive) ---
[LEEbkz:MW_Codeword_LEE:0.0038628578186035156 sec.]
[LEEbkz:MW_Codeword_LEE:0.0028116703033447266 sec.]
[LEEbkz:MW_Codeword_LEE:0.0037546157836914062 sec.]
[LEEbkz:MW_Codeword_LEE:0.0028228759765625 sec.]
[LEEbkz:MW_Codeword_LEE:0.004039764404296875 sec.]
[LEEbkz:MW_Codeword_LEE:0.0029404163360595703 sec.]
[LEEbkz:MW_Codeword_LEE:0.004037380218505859 sec.]
[LEEbkz:MW_Codeword_LEE:0.0030040740966796875 sec.]
[LEEbkz:MW_Codeword_LEE:0.002618074417114258 sec.]
[LEEbkz:MW_Codeword_LEE:0.003244638442993164 sec.]
[LEEbkz:MW_Codeword_LEE:0.0038018226623535156 sec.]
[LEEbkz:MW_Codeword_LEE:0.0032134056091308594 sec.]
[LEEbkz:MW_Codeword_LEE:0.003618955612182617 sec.]
[LEEbkz:MW_Codeword_LEE:0.0027463436126708984 sec.]
[LEEbkz:MW_Codeword_LEE:0.002644062042236328 sec.]
[LEEbkz:MW_Codeword_LEE:0.0028886795043945312 sec.]
[LEEbkz:MW_Codeword_LEE:0.002585172653198242 sec.]
[LEEbkz:MW_Codeword_LEE:0.002607583999633789 sec.]
Hamming profile after BKZ: [100, 20, 9, 3, 1, 1, 1, 1, 1, 1, 1, 1, 1, 1, 1, 1, 1, 1, 1, 1, 1, 1, 1, 1, 1, 1, 1, 1, 1, 1, 1, 1, 1, 1, 1, 1, 1, 1, 1, 1, 1, 1, 1, 1, 1, 1, 1, 1, 1, 1, 1, 1, 1, 1, 1, 1, 1, 1, 1, 1, 1, 1, 1, 1, 1, 1, 1, 1, 1, 1, 1, 1, 1, 1, 1, 1, 1, 1, 1, 1, 1, 1, 1, 1, 1, 1, 1, 1, 1, 1, 1, 1, 1, 1, 1, 1, 1, 1, 1, 1, 1, 1, 1, 1, 1, 1, 1, 1, 1, 1, 1, 1, 1, 1, 1, 1, 1, 1, 1, 1, 1, 1, 1, 1, 1, 1, 1, 1]
Lee profile after BKZ: [187, 39, 15, 4, 1, 1, 1, 1, 1, 1, 1, 1, 1, 1, 1, 1, 1, 1, 1, 1, 1, 1, 1, 1, 1, 1, 1, 1, 1, 1, 1, 1, 1, 1, 1, 1, 1, 1, 1, 1, 1, 1, 1, 1, 1, 1, 1, 1, 1, 1, 1, 1, 1, 1, 1, 1, 1, 1, 1, 1, 1, 1, 1, 1, 1, 1, 1, 1, 1, 1, 1, 1, 1, 1, 1, 1, 1, 1, 1, 1, 1, 1, 1, 1, 1, 1, 1, 1, 1, 1, 1, 1, 1, 1, 1, 1, 1, 1, 1, 1, 1, 1, 1, 1, 1, 1, 1, 1, 1, 1, 1, 1, 1, 1, 1, 1, 1, 1, 1, 1, 1, 1, 1, 1, 1, 1, 1, 1]
100<=B_red[0].wtL<=300
B_red[0].wtH=100, B_red[0].wtL=187

Hamming profile: [114, 16, 1, 1, 1, 1, 1, 1, 1, 1, 1, 1, 1, 1, 1, 1, 1, 1, 1, 1, 1, 1, 1, 1, 1, 1, 1, 1, 1, 1, 1, 1, 1, 1, 1, 1, 1, 1, 1, 1, 1, 1, 1, 1, 1, 1, 1, 1, 1, 1, 1, 1, 1, 1, 1, 1, 1, 1, 1, 1, 1, 1, 1, 1, 1, 1, 1, 1, 1, 1, 1, 1, 1, 1, 1, 1, 1, 1, 1, 1, 1, 1, 1, 1, 1, 1, 1, 1, 1, 1, 1, 1, 1, 1, 1, 1, 1, 1, 1, 1, 1, 1, 1, 1, 1, 1, 1, 1, 1, 1, 1, 1, 1, 1, 1, 1, 1, 1, 1, 1, 1, 1, 1, 1, 1, 1, 1, 1]
Lee profile: [221, 26, 1, 1, 1, 1, 1, 1, 1, 1, 1, 1, 1, 1, 1, 1, 1, 1, 1, 1, 1, 1, 1, 1, 1, 1, 1, 1, 1, 1, 1, 1, 1, 1, 1, 1, 1, 1, 1, 1, 1, 1, 1, 1, 1, 1, 1, 1, 1, 1, 1, 1, 1, 1, 1, 1, 1, 1, 1, 1, 1, 1, 1, 1, 1, 1, 1, 1, 1, 1, 1, 1, 1, 1, 1, 1, 1, 1, 1, 1, 1, 1, 1, 1, 1, 1, 1, 1, 1, 1, 1, 1, 1, 1, 1, 1, 1, 1, 1, 1, 1, 1, 1, 1, 1, 1, 1, 1, 1, 1, 1, 1, 1, 1, 1, 1, 1, 1, 1, 1, 1, 1, 1, 1, 1, 1, 1, 1]
114<=B[0].wtL<=342
B[0].wtH=114, B[0].wtL=221

--- LeeBKZ with beta=2, bkz with minimum_lee_wt_codeword (may be non-primitive) ---
[LEEbkz:MW_Codeword_LEE:0.003857135772705078 sec.]
[LEEbkz:MW_Codeword_LEE:0.0027947425842285156 sec.]
[LEEbkz:MW_Codeword_LEE:0.0036008358001708984 sec.]
[LEEbkz:MW_Codeword_LEE:0.0026204586029052734 sec.]
[LEEbkz:MW_Codeword_LEE:0.002415895462036133 sec.]
[LEEbkz:MW_Codeword_LEE:0.002739429473876953 sec.]
[LEEbkz:MW_Codeword_LEE:0.002650022506713867 sec.]
[LEEbkz:MW_Codeword_LEE:0.0024213790893554688 sec.]
[LEEbkz:MW_Codeword_LEE:0.002585887908935547 sec.]
[LEEbkz:MW_Codeword_LEE:0.002445697784423828 sec.]
Hamming profile after BKZ: [110, 17, 3, 2, 1, 1, 1, 1, 1, 1, 1, 1, 1, 1, 1, 1, 1, 1, 1, 1, 1, 1, 1, 1, 1, 1, 1, 1, 1, 1, 1, 1, 1, 1, 1, 1, 1, 1, 1, 1, 1, 1, 1, 1, 1, 1, 1, 1, 1, 1, 1, 1, 1, 1, 1, 1, 1, 1, 1, 1, 1, 1, 1, 1, 1, 1, 1, 1, 1, 1, 1, 1, 1, 1, 1, 1, 1, 1, 1, 1, 1, 1, 1, 1, 1, 1, 1, 1, 1, 1, 1, 1, 1, 1, 1, 1, 1, 1, 1, 1, 1, 1, 1, 1, 1, 1, 1, 1, 1, 1, 1, 1, 1, 1, 1, 1, 1, 1, 1, 1, 1, 1, 1, 1, 1, 1, 1, 1]
Lee profile after BKZ: [196, 28, 5, 2, 1, 1, 1, 1, 1, 1, 1, 1, 1, 1, 1, 1, 1, 1, 1, 1, 1, 1, 1, 1, 1, 1, 1, 1, 1, 1, 1, 1, 1, 1, 1, 1, 1, 1, 1, 1, 1, 1, 1, 1, 1, 1, 1, 1, 1, 1, 1, 1, 1, 1, 1, 1, 1, 1, 1, 1, 1, 1, 1, 1, 1, 1, 1, 1, 1, 1, 1, 1, 1, 1, 1, 1, 1, 1, 1, 1, 1, 1, 1, 1, 1, 1, 1, 1, 1, 1, 1, 1, 1, 1, 1, 1, 1, 1, 1, 1, 1, 1, 1, 1, 1, 1, 1, 1, 1, 1, 1, 1, 1, 1, 1, 1, 1, 1, 1, 1, 1, 1, 1, 1, 1, 1, 1, 1]
110<=B_red[0].wtL<=330
B_red[0].wtH=110, B_red[0].wtL=196

Hamming profile: [112, 18, 1, 1, 1, 1, 1, 1, 1, 1, 1, 1, 1, 1, 1, 1, 1, 1, 1, 1, 1, 1, 1, 1, 1, 1, 1, 1, 1, 1, 1, 1, 1, 1, 1, 1, 1, 1, 1, 1, 1, 1, 1, 1, 1, 1, 1, 1, 1, 1, 1, 1, 1, 1, 1, 1, 1, 1, 1, 1, 1, 1, 1, 1, 1, 1, 1, 1, 1, 1, 1, 1, 1, 1, 1, 1, 1, 1, 1, 1, 1, 1, 1, 1, 1, 1, 1, 1, 1, 1, 1, 1, 1, 1, 1, 1, 1, 1, 1, 1, 1, 1, 1, 1, 1, 1, 1, 1, 1, 1, 1, 1, 1, 1, 1, 1, 1, 1, 1, 1, 1, 1, 1, 1, 1, 1, 1, 1]
Lee profile: [228, 35, 1, 1, 1, 1, 1, 1, 1, 1, 1, 1, 1, 1, 1, 1, 1, 1, 1, 1, 1, 1, 1, 1, 1, 1, 1, 1, 1, 1, 1, 1, 1, 1, 1, 1, 1, 1, 1, 1, 1, 1, 1, 1, 1, 1, 1, 1, 1, 1, 1, 1, 1, 1, 1, 1, 1, 1, 1, 1, 1, 1, 1, 1, 1, 1, 1, 1, 1, 1, 1, 1, 1, 1, 1, 1, 1, 1, 1, 1, 1, 1, 1, 1, 1, 1, 1, 1, 1, 1, 1, 1, 1, 1, 1, 1, 1, 1, 1, 1, 1, 1, 1, 1, 1, 1, 1, 1, 1, 1, 1, 1, 1, 1, 1, 1, 1, 1, 1, 1, 1, 1, 1, 1, 1, 1, 1, 1]
112<=B[0].wtL<=336
B[0].wtH=112, B[0].wtL=228

--- LeeBKZ with beta=2, bkz with minimum_lee_wt_codeword (may be non-primitive) ---
[LEEbkz:MW_Codeword_LEE:0.003693819046020508 sec.]
[LEEbkz:MW_Codeword_LEE:0.0029926300048828125 sec.]
[LEEbkz:MW_Codeword_LEE:0.0035865306854248047 sec.]
[LEEbkz:MW_Codeword_LEE:0.002750873565673828 sec.]
[LEEbkz:MW_Codeword_LEE:0.003907918930053711 sec.]
[LEEbkz:MW_Codeword_LEE:0.0028638839721679688 sec.]
[LEEbkz:MW_Codeword_LEE:0.003567218780517578 sec.]
[LEEbkz:MW_Codeword_LEE:0.0044863224029541016 sec.]
[LEEbkz:MW_Codeword_LEE:0.006136178970336914 sec.]
[LEEbkz:MW_Codeword_LEE:0.004441022872924805 sec.]
[LEEbkz:MW_Codeword_LEE:0.004123687744140625 sec.]
[LEEbkz:MW_Codeword_LEE:0.002991199493408203 sec.]
[LEEbkz:MW_Codeword_LEE:0.0037026405334472656 sec.]
[LEEbkz:MW_Codeword_LEE:0.003247976303100586 sec.]
[LEEbkz:MW_Codeword_LEE:0.002580404281616211 sec.]
[LEEbkz:MW_Codeword_LEE:0.0030393600463867188 sec.]
[LEEbkz:MW_Codeword_LEE:0.003026723861694336 sec.]
[LEEbkz:MW_Codeword_LEE:0.002628803253173828 sec.]
Hamming profile after BKZ: [101, 21, 8, 2, 1, 1, 1, 1, 1, 1, 1, 1, 1, 1, 1, 1, 1, 1, 1, 1, 1, 1, 1, 1, 1, 1, 1, 1, 1, 1, 1, 1, 1, 1, 1, 1, 1, 1, 1, 1, 1, 1, 1, 1, 1, 1, 1, 1, 1, 1, 1, 1, 1, 1, 1, 1, 1, 1, 1, 1, 1, 1, 1, 1, 1, 1, 1, 1, 1, 1, 1, 1, 1, 1, 1, 1, 1, 1, 1, 1, 1, 1, 1, 1, 1, 1, 1, 1, 1, 1, 1, 1, 1, 1, 1, 1, 1, 1, 1, 1, 1, 1, 1, 1, 1, 1, 1, 1, 1, 1, 1, 1, 1, 1, 1, 1, 1, 1, 1, 1, 1, 1, 1, 1, 1, 1, 1, 1]
Lee profile after BKZ: [192, 36, 13, 2, 1, 1, 1, 1, 1, 1, 1, 1, 1, 1, 1, 1, 1, 1, 1, 1, 1, 1, 1, 1, 1, 1, 1, 1, 1, 1, 1, 1, 1, 1, 1, 1, 1, 1, 1, 1, 1, 1, 1, 1, 1, 1, 1, 1, 1, 1, 1, 1, 1, 1, 1, 1, 1, 1, 1, 1, 1, 1, 1, 1, 1, 1, 1, 1, 1, 1, 1, 1, 1, 1, 1, 1, 1, 1, 1, 1, 1, 1, 1, 1, 1, 1, 1, 1, 1, 1, 1, 1, 1, 1, 1, 1, 1, 1, 1, 1, 1, 1, 1, 1, 1, 1, 1, 1, 1, 1, 1, 1, 1, 1, 1, 1, 1, 1, 1, 1, 1, 1, 1, 1, 1, 1, 1, 1]
101<=B_red[0].wtL<=303
B_red[0].wtH=101, B_red[0].wtL=192

Hamming profile: [117, 10, 4, 1, 1, 1, 1, 1, 1, 1, 1, 1, 1, 1, 1, 1, 1, 1, 1, 1, 1, 1, 1, 1, 1, 1, 1, 1, 1, 1, 1, 1, 1, 1, 1, 1, 1, 1, 1, 1, 1, 1, 1, 1, 1, 1, 1, 1, 1, 1, 1, 1, 1, 1, 1, 1, 1, 1, 1, 1, 1, 1, 1, 1, 1, 1, 1, 1, 1, 1, 1, 1, 1, 1, 1, 1, 1, 1, 1, 1, 1, 1, 1, 1, 1, 1, 1, 1, 1, 1, 1, 1, 1, 1, 1, 1, 1, 1, 1, 1, 1, 1, 1, 1, 1, 1, 1, 1, 1, 1, 1, 1, 1, 1, 1, 1, 1, 1, 1, 1, 1, 1, 1, 1, 1, 1, 1, 1]
Lee profile: [249, 21, 10, 1, 1, 1, 1, 1, 1, 1, 1, 1, 1, 1, 1, 1, 1, 1, 1, 1, 1, 1, 1, 1, 1, 1, 1, 1, 1, 1, 1, 1, 1, 1, 1, 1, 1, 1, 1, 1, 1, 1, 1, 1, 1, 1, 1, 1, 1, 1, 1, 1, 1, 1, 1, 1, 1, 1, 1, 1, 1, 1, 1, 1, 1, 1, 1, 1, 1, 1, 1, 1, 1, 1, 1, 1, 1, 1, 1, 1, 1, 1, 1, 1, 1, 1, 1, 1, 1, 1, 1, 1, 1, 1, 1, 1, 1, 1, 1, 1, 1, 1, 1, 1, 1, 1, 1, 1, 1, 1, 1, 1, 1, 1, 1, 1, 1, 1, 1, 1, 1, 1, 1, 1, 1, 1, 1, 1]
117<=B[0].wtL<=351
B[0].wtH=117, B[0].wtL=249

--- LeeBKZ with beta=2, bkz with minimum_lee_wt_codeword (may be non-primitive) ---
[LEEbkz:MW_Codeword_LEE:0.0036776065826416016 sec.]
[LEEbkz:MW_Codeword_LEE:0.0031974315643310547 sec.]
[LEEbkz:MW_Codeword_LEE:0.003587484359741211 sec.]
[LEEbkz:MW_Codeword_LEE:0.0029621124267578125 sec.]
[LEEbkz:MW_Codeword_LEE:0.002545595169067383 sec.]
[LEEbkz:MW_Codeword_LEE:0.002838611602783203 sec.]
[LEEbkz:MW_Codeword_LEE:0.003833770751953125 sec.]
[LEEbkz:MW_Codeword_LEE:0.002803802490234375 sec.]
[LEEbkz:MW_Codeword_LEE:0.0025489330291748047 sec.]
[LEEbkz:MW_Codeword_LEE:0.002907991409301758 sec.]
[LEEbkz:MW_Codeword_LEE:0.0029964447021484375 sec.]
[LEEbkz:MW_Codeword_LEE:0.0027611255645751953 sec.]
[LEEbkz:MW_Codeword_LEE:0.0028107166290283203 sec.]
[LEEbkz:MW_Codeword_LEE:0.0027916431427001953 sec.]
[LEEbkz:MW_Codeword_LEE:0.002911090850830078 sec.]
[LEEbkz:MW_Codeword_LEE:0.0026750564575195312 sec.]
Hamming profile after BKZ: [101, 22, 6, 3, 1, 1, 1, 1, 1, 1, 1, 1, 1, 1, 1, 1, 1, 1, 1, 1, 1, 1, 1, 1, 1, 1, 1, 1, 1, 1, 1, 1, 1, 1, 1, 1, 1, 1, 1, 1, 1, 1, 1, 1, 1, 1, 1, 1, 1, 1, 1, 1, 1, 1, 1, 1, 1, 1, 1, 1, 1, 1, 1, 1, 1, 1, 1, 1, 1, 1, 1, 1, 1, 1, 1, 1, 1, 1, 1, 1, 1, 1, 1, 1, 1, 1, 1, 1, 1, 1, 1, 1, 1, 1, 1, 1, 1, 1, 1, 1, 1, 1, 1, 1, 1, 1, 1, 1, 1, 1, 1, 1, 1, 1, 1, 1, 1, 1, 1, 1, 1, 1, 1, 1, 1, 1, 1, 1]
Lee profile after BKZ: [192, 39, 11, 3, 1, 1, 1, 1, 1, 1, 1, 1, 1, 1, 1, 1, 1, 1, 1, 1, 1, 1, 1, 1, 1, 1, 1, 1, 1, 1, 1, 1, 1, 1, 1, 1, 1, 1, 1, 1, 1, 1, 1, 1, 1, 1, 1, 1, 1, 1, 1, 1, 1, 1, 1, 1, 1, 1, 1, 1, 1, 1, 1, 1, 1, 1, 1, 1, 1, 1, 1, 1, 1, 1, 1, 1, 1, 1, 1, 1, 1, 1, 1, 1, 1, 1, 1, 1, 1, 1, 1, 1, 1, 1, 1, 1, 1, 1, 1, 1, 1, 1, 1, 1, 1, 1, 1, 1, 1, 1, 1, 1, 1, 1, 1, 1, 1, 1, 1, 1, 1, 1, 1, 1, 1, 1, 1, 1]
101<=B_red[0].wtL<=303
B_red[0].wtH=101, B_red[0].wtL=192


****************************************************
******** STATISTICS OVER N=10 samples ********
****************************************************
Reduced 10 matrices of size 128x256 over F7
Proper basis wtH[0]=111.9 wtL[0]=227.8
Reduced basis wtH[0]=103.8 wtL[0]=192.3
Reduced basis avg. k1=4.2
Avg.time=1.052373480796814
Avg.Mw_codeword.calls=17.3
Avg.potential_growth_fails=0.0
