RANDOM_SEED=1

profile: [15, 3, 1, 1, 1, 1, 1, 1, 1, 1, 1, 1, 1, 1, 1, 1]
15<=B[0].wtL<=45
B[0].wtH=15, B[0].wtL=30

--- LeeBKZ with beta=4, bkz with minimum_lee_wt_codeword (may be non-primitive) ---
profile after BKZ: [14, 2, 2, 2, 1, 1, 1, 1, 1, 1, 1, 1, 1, 1, 1, 1]
14<=B_red[0].wtL<=42
B_red[0].wtH=14, B_red[0].wtL=21

profile: [16, 2, 1, 1, 1, 1, 1, 1, 1, 1, 1, 1, 1, 1, 1, 1]
16<=B[0].wtL<=48
B[0].wtH=16, B[0].wtL=30

--- LeeBKZ with beta=4, bkz with minimum_lee_wt_codeword (may be non-primitive) ---
profile after BKZ: [14, 2, 3, 1, 1, 1, 1, 1, 1, 1, 1, 1, 1, 1, 1, 1]
14<=B_red[0].wtL<=42
B_red[0].wtH=14, B_red[0].wtL=19

profile: [14, 4, 1, 1, 1, 1, 1, 1, 1, 1, 1, 1, 1, 1, 1, 1]
14<=B[0].wtL<=42
B[0].wtH=14, B[0].wtL=32

--- LeeBKZ with beta=4, bkz with minimum_lee_wt_codeword (may be non-primitive) ---
profile after BKZ: [13, 5, 1, 1, 1, 1, 1, 1, 1, 1, 1, 1, 1, 1, 1, 1]
13<=B_red[0].wtL<=39
B_red[0].wtH=13, B_red[0].wtL=20

profile: [16, 2, 1, 1, 1, 1, 1, 1, 1, 1, 1, 1, 1, 1, 1, 1]
16<=B[0].wtL<=48
B[0].wtH=16, B[0].wtL=29

--- LeeBKZ with beta=4, bkz with minimum_lee_wt_codeword (may be non-primitive) ---
profile after BKZ: [14, 3, 1, 2, 1, 1, 1, 1, 1, 1, 1, 1, 1, 1, 1, 1]
14<=B_red[0].wtL<=42
B_red[0].wtH=14, B_red[0].wtL=20

profile: [13, 4, 2, 1, 1, 1, 1, 1, 1, 1, 1, 1, 1, 1, 1, 1]
13<=B[0].wtL<=39
B[0].wtH=13, B[0].wtL=29

--- LeeBKZ with beta=4, bkz with minimum_lee_wt_codeword (may be non-primitive) ---
profile after BKZ: [13, 2, 2, 2, 2, 1, 1, 1, 1, 1, 1, 1, 1, 1, 1, 1]
13<=B_red[0].wtL<=39
B_red[0].wtH=13, B_red[0].wtL=17

profile: [14, 3, 2, 1, 1, 1, 1, 1, 1, 1, 1, 1, 1, 1, 1, 1]
14<=B[0].wtL<=42
B[0].wtH=14, B[0].wtL=21

--- LeeBKZ with beta=4, bkz with minimum_lee_wt_codeword (may be non-primitive) ---
profile after BKZ: [13, 4, 2, 1, 1, 1, 1, 1, 1, 1, 1, 1, 1, 1, 1, 1]
13<=B_red[0].wtL<=39
B_red[0].wtH=13, B_red[0].wtL=20

profile: [15, 3, 1, 1, 1, 1, 1, 1, 1, 1, 1, 1, 1, 1, 1, 1]
15<=B[0].wtL<=45
B[0].wtH=15, B[0].wtL=29

--- LeeBKZ with beta=4, bkz with minimum_lee_wt_codeword (may be non-primitive) ---
profile after BKZ: [13, 3, 3, 1, 1, 1, 1, 1, 1, 1, 1, 1, 1, 1, 1, 1]
13<=B_red[0].wtL<=39
B_red[0].wtH=13, B_red[0].wtL=19

profile: [15, 3, 1, 1, 1, 1, 1, 1, 1, 1, 1, 1, 1, 1, 1, 1]
15<=B[0].wtL<=45
B[0].wtH=15, B[0].wtL=25

--- LeeBKZ with beta=4, bkz with minimum_lee_wt_codeword (may be non-primitive) ---
profile after BKZ: [14, 2, 2, 2, 1, 1, 1, 1, 1, 1, 1, 1, 1, 1, 1, 1]
14<=B_red[0].wtL<=42
B_red[0].wtH=14, B_red[0].wtL=18

profile: [15, 3, 1, 1, 1, 1, 1, 1, 1, 1, 1, 1, 1, 1, 1, 1]
15<=B[0].wtL<=45
B[0].wtH=15, B[0].wtL=28

--- LeeBKZ with beta=4, bkz with minimum_lee_wt_codeword (may be non-primitive) ---
profile after BKZ: [15, 3, 1, 1, 1, 1, 1, 1, 1, 1, 1, 1, 1, 1, 1, 1]
15<=B_red[0].wtL<=45
B_red[0].wtH=15, B_red[0].wtL=20

profile: [15, 3, 1, 1, 1, 1, 1, 1, 1, 1, 1, 1, 1, 1, 1, 1]
15<=B[0].wtL<=45
B[0].wtH=15, B[0].wtL=29

--- LeeBKZ with beta=4, bkz with minimum_lee_wt_codeword (may be non-primitive) ---
profile after BKZ: [9, 6, 3, 2, 1, 1, 1, 1, 1, 1, 1, 1, 1, 1, 1, 1]
9<=B_red[0].wtL<=27
B_red[0].wtH=9, B_red[0].wtL=10


****************************************************
******** STATISTICS OVER N=10 samples ********
****************************************************
Reduced 10 matrices of size 16x32 over F7
Proper basis wtH[0]=14.8 wtL[0]=28.2
Reduced basis wtH[0]=13.2 wtL[0]=18.4
Avg.time=1.4294491291046143
Avg.Mw_codeword.calls=30.4
